lps22hb.c:93:9:LPS22HB_RegisterBusIO	24	static
lps22hb.c:150:9:LPS22HB_Init	16	static
lps22hb.c:170:9:LPS22HB_DeInit	16	static
lps22hb.c:196:9:LPS22HB_ReadID	16	static
lps22hb.c:212:9:LPS22HB_GetCapabilities	16	static
lps22hb.c:233:9:LPS22HB_Get_Init_Status	16	static
lps22hb.c:250:9:LPS22HB_PRESS_Enable	16	static
lps22hb.c:274:9:LPS22HB_PRESS_Disable	16	static
lps22hb.c:310:9:LPS22HB_PRESS_GetOutputDataRate	16	static
lps22hb.c:321:9:LPS22HB_PRESS_SetOutputDataRate	16	static
lps22hb.c:340:9:LPS22HB_PRESS_GetPressure	24	static
lps22hb.c:361:9:LPS22HB_PRESS_Get_DRDY_Status	16	static
lps22hb.c:376:9:LPS22HB_TEMP_Enable	16	static
lps22hb.c:400:9:LPS22HB_TEMP_Disable	16	static
lps22hb.c:436:9:LPS22HB_TEMP_GetOutputDataRate	16	static
lps22hb.c:447:9:LPS22HB_TEMP_SetOutputDataRate	16	static
lps22hb.c:466:9:LPS22HB_TEMP_GetTemperature	24	static
lps22hb.c:487:9:LPS22HB_TEMP_Get_DRDY_Status	16	static
lps22hb.c:503:9:LPS22HB_FIFO_Get_Data	24	static
lps22hb.c:524:9:LPS22HB_FIFO_Get_FTh_Status	16	static
lps22hb.c:540:9:LPS22HB_FIFO_Get_Full_Status	16	static
lps22hb.c:561:9:LPS22HB_FIFO_Get_Level	16	static
lps22hb.c:577:9:LPS22HB_FIFO_Get_Ovr_Status	16	static
lps22hb.c:593:9:LPS22HB_FIFO_Reset_Interrupt	16	static
lps22hb.c:628:9:LPS22HB_FIFO_Set_Interrupt	16	static
lps22hb.c:663:9:LPS22HB_FIFO_Set_Mode	16	static
lps22hb.c:694:9:LPS22HB_FIFO_Set_Watermark_Level	16	static
lps22hb.c:710:9:LPS22HB_FIFO_Usage	16	static
lps22hb.c:728:9:LPS22HB_Read_Reg	24	static
lps22hb.c:745:9:LPS22HB_Write_Reg	16	static
lps22hb.c:769:9:LPS22HB_Get_Temp	24	static
lps22hb.c:790:16:LPS22HB_GetOutputDataRate	24	static
lps22hb.c:840:16:LPS22HB_SetOutputDataRate_When_Enabled	24	static
lps22hb.c:869:16:LPS22HB_SetOutputDataRate_When_Disabled	16	static
lps22hb.c:885:16:LPS22HB_Initialize	16	static
lps22hb.c:935:9:LPS22HB_Set_One_Shot	16	static
lps22hb.c:958:9:LPS22HB_Get_One_Shot_Status	24	static
lps22hb.c:995:16:ReadRegWrap	48	static
lps22hb.c:1028:16:WriteRegWrap	48	static
