Archive member included to satisfy reference by file (symbol)

c:/program files (x86)/stm32cubeide/stm32cubeide_1.7.0/stm32cubeide/plugins/com.st.stm32cube.ide.mcu.externaltools.gnu-tools-for-stm32.9-2020-q2-update.win32_2.0.0.202105311346/tools/bin/../lib/gcc/arm-none-eabi/9.3.1/../../../../arm-none-eabi/lib/thumb/v7e-m+fp/hard\libc_nano.a(lib_a-errno.o)
                              ./Core/Src/syscalls.o (__errno)
c:/program files (x86)/stm32cubeide/stm32cubeide_1.7.0/stm32cubeide/plugins/com.st.stm32cube.ide.mcu.externaltools.gnu-tools-for-stm32.9-2020-q2-update.win32_2.0.0.202105311346/tools/bin/../lib/gcc/arm-none-eabi/9.3.1/../../../../arm-none-eabi/lib/thumb/v7e-m+fp/hard\libc_nano.a(lib_a-exit.o)
                              c:/program files (x86)/stm32cubeide/stm32cubeide_1.7.0/stm32cubeide/plugins/com.st.stm32cube.ide.mcu.externaltools.gnu-tools-for-stm32.9-2020-q2-update.win32_2.0.0.202105311346/tools/bin/../lib/gcc/arm-none-eabi/9.3.1/../../../../arm-none-eabi/lib/thumb/v7e-m+fp/hard/crt0.o (exit)
c:/program files (x86)/stm32cubeide/stm32cubeide_1.7.0/stm32cubeide/plugins/com.st.stm32cube.ide.mcu.externaltools.gnu-tools-for-stm32.9-2020-q2-update.win32_2.0.0.202105311346/tools/bin/../lib/gcc/arm-none-eabi/9.3.1/../../../../arm-none-eabi/lib/thumb/v7e-m+fp/hard\libc_nano.a(lib_a-impure.o)
                              c:/program files (x86)/stm32cubeide/stm32cubeide_1.7.0/stm32cubeide/plugins/com.st.stm32cube.ide.mcu.externaltools.gnu-tools-for-stm32.9-2020-q2-update.win32_2.0.0.202105311346/tools/bin/../lib/gcc/arm-none-eabi/9.3.1/../../../../arm-none-eabi/lib/thumb/v7e-m+fp/hard\libc_nano.a(lib_a-exit.o) (_global_impure_ptr)
c:/program files (x86)/stm32cubeide/stm32cubeide_1.7.0/stm32cubeide/plugins/com.st.stm32cube.ide.mcu.externaltools.gnu-tools-for-stm32.9-2020-q2-update.win32_2.0.0.202105311346/tools/bin/../lib/gcc/arm-none-eabi/9.3.1/../../../../arm-none-eabi/lib/thumb/v7e-m+fp/hard\libc_nano.a(lib_a-init.o)
                              c:/program files (x86)/stm32cubeide/stm32cubeide_1.7.0/stm32cubeide/plugins/com.st.stm32cube.ide.mcu.externaltools.gnu-tools-for-stm32.9-2020-q2-update.win32_2.0.0.202105311346/tools/bin/../lib/gcc/arm-none-eabi/9.3.1/../../../../arm-none-eabi/lib/thumb/v7e-m+fp/hard/crt0.o (__libc_init_array)
c:/program files (x86)/stm32cubeide/stm32cubeide_1.7.0/stm32cubeide/plugins/com.st.stm32cube.ide.mcu.externaltools.gnu-tools-for-stm32.9-2020-q2-update.win32_2.0.0.202105311346/tools/bin/../lib/gcc/arm-none-eabi/9.3.1/../../../../arm-none-eabi/lib/thumb/v7e-m+fp/hard\libc_nano.a(lib_a-memset.o)
                              c:/program files (x86)/stm32cubeide/stm32cubeide_1.7.0/stm32cubeide/plugins/com.st.stm32cube.ide.mcu.externaltools.gnu-tools-for-stm32.9-2020-q2-update.win32_2.0.0.202105311346/tools/bin/../lib/gcc/arm-none-eabi/9.3.1/../../../../arm-none-eabi/lib/thumb/v7e-m+fp/hard/crt0.o (memset)
c:/program files (x86)/stm32cubeide/stm32cubeide_1.7.0/stm32cubeide/plugins/com.st.stm32cube.ide.mcu.externaltools.gnu-tools-for-stm32.9-2020-q2-update.win32_2.0.0.202105311346/tools/bin/../lib/gcc/arm-none-eabi/9.3.1/../../../../arm-none-eabi/lib/thumb/v7e-m+fp/hard\libc_nano.a(lib_a-nano-vfprintf_float.o)
                              (_printf_float)
c:/program files (x86)/stm32cubeide/stm32cubeide_1.7.0/stm32cubeide/plugins/com.st.stm32cube.ide.mcu.externaltools.gnu-tools-for-stm32.9-2020-q2-update.win32_2.0.0.202105311346/tools/bin/../lib/gcc/arm-none-eabi/9.3.1/../../../../arm-none-eabi/lib/thumb/v7e-m+fp/hard\libc_nano.a(lib_a-nano-vfprintf_i.o)
                              c:/program files (x86)/stm32cubeide/stm32cubeide_1.7.0/stm32cubeide/plugins/com.st.stm32cube.ide.mcu.externaltools.gnu-tools-for-stm32.9-2020-q2-update.win32_2.0.0.202105311346/tools/bin/../lib/gcc/arm-none-eabi/9.3.1/../../../../arm-none-eabi/lib/thumb/v7e-m+fp/hard\libc_nano.a(lib_a-nano-vfprintf_float.o) (_printf_common)
c:/program files (x86)/stm32cubeide/stm32cubeide_1.7.0/stm32cubeide/plugins/com.st.stm32cube.ide.mcu.externaltools.gnu-tools-for-stm32.9-2020-q2-update.win32_2.0.0.202105311346/tools/bin/../lib/gcc/arm-none-eabi/9.3.1/../../../../arm-none-eabi/lib/thumb/v7e-m+fp/hard\libc_nano.a(lib_a-snprintf.o)
                              ./Core/Src/main.o (snprintf)
c:/program files (x86)/stm32cubeide/stm32cubeide_1.7.0/stm32cubeide/plugins/com.st.stm32cube.ide.mcu.externaltools.gnu-tools-for-stm32.9-2020-q2-update.win32_2.0.0.202105311346/tools/bin/../lib/gcc/arm-none-eabi/9.3.1/../../../../arm-none-eabi/lib/thumb/v7e-m+fp/hard\libc_nano.a(lib_a-strlen.o)
                              c:/program files (x86)/stm32cubeide/stm32cubeide_1.7.0/stm32cubeide/plugins/com.st.stm32cube.ide.mcu.externaltools.gnu-tools-for-stm32.9-2020-q2-update.win32_2.0.0.202105311346/tools/bin/../lib/gcc/arm-none-eabi/9.3.1/../../../../arm-none-eabi/lib/thumb/v7e-m+fp/hard\libc_nano.a(lib_a-nano-vfprintf_float.o) (strlen)
[...]
Memory Configuration

Name             Origin             Length             Attributes
RAM              0x0000000020000000 0x0000000000018000 xrw
FLASH            0x0000000008000000 0x0000000000080000 xr
*default*        0x0000000000000000 0xffffffffffffffff

Linker script and memory map

LOAD c:/program files (x86)/stm32cubeide/stm32cubeide_1.7.0/stm32cubeide/plugins/com.st.stm32cube.ide.mcu.externaltools.gnu-tools-for-stm32.9-2020-q2-update.win32_2.0.0.202105311346/tools/bin/../lib/gcc/arm-none-eabi/9.3.1/thumb/v7e-m+fp/hard/crti.o
LOAD c:/program files (x86)/stm32cubeide/stm32cubeide_1.7.0/stm32cubeide/plugins/com.st.stm32cube.ide.mcu.externaltools.gnu-tools-for-stm32.9-2020-q2-update.win32_2.0.0.202105311346/tools/bin/../lib/gcc/arm-none-eabi/9.3.1/thumb/v7e-m+fp/hard/crtbegin.o
LOAD c:/program files (x86)/stm32cubeide/stm32cubeide_1.7.0/stm32cubeide/plugins/com.st.stm32cube.ide.mcu.externaltools.gnu-tools-for-stm32.9-2020-q2-update.win32_2.0.0.202105311346/tools/bin/../lib/gcc/arm-none-eabi/9.3.1/../../../../arm-none-eabi/lib/thumb/v7e-m+fp/hard/crt0.o
LOAD ./Core/Src/main.o
LOAD ./Core/Src/stm32f4xx_hal_msp.o
LOAD ./Core/Src/stm32f4xx_it.o
LOAD ./Core/Src/stm32f4xx_nucleo_bus.o
LOAD ./Core/Src/syscalls.o
LOAD ./Core/Src/sysmem.o
LOAD ./Core/Src/system_stm32f4xx.o
LOAD ./Core/Startup/startup_stm32f401retx.o
LOAD ./Drivers/BSP/Components/hts221/hts221.o
LOAD ./Drivers/BSP/Components/hts221/hts221_reg.o
LOAD ./Drivers/BSP/Components/lps22hb/lps22hb.o
LOAD ./Drivers/BSP/Components/lps22hb/lps22hb_reg.o
LOAD ./Drivers/BSP/Components/lsm303agr/lsm303agr.o
LOAD ./Drivers/BSP/Components/lsm303agr/lsm303agr_reg.o
LOAD ./Drivers/BSP/Components/lsm6dsl/lsm6dsl.o
LOAD ./Drivers/BSP/Components/lsm6dsl/lsm6dsl_reg.o
LOAD ./Drivers/BSP/IKS01A2/iks01a2_env_sensors.o
LOAD ./Drivers/BSP/IKS01A2/iks01a2_env_sensors_ex.o
LOAD ./Drivers/BSP/IKS01A2/iks01a2_motion_sensors.o
LOAD ./Drivers/BSP/IKS01A2/iks01a2_motion_sensors_ex.o
LOAD ./Drivers/STM32F4xx_HAL_Driver/Src/stm32f4xx_hal.o
LOAD ./Drivers/STM32F4xx_HAL_Driver/Src/stm32f4xx_hal_cortex.o
LOAD ./Drivers/STM32F4xx_HAL_Driver/Src/stm32f4xx_hal_dma.o
LOAD ./Drivers/STM32F4xx_HAL_Driver/Src/stm32f4xx_hal_dma_ex.o
LOAD ./Drivers/STM32F4xx_HAL_Driver/Src/stm32f4xx_hal_exti.o
LOAD ./Drivers/STM32F4xx_HAL_Driver/Src/stm32f4xx_hal_flash.o
LOAD ./Drivers/STM32F4xx_HAL_Driver/Src/stm32f4xx_hal_flash_ex.o
LOAD ./Drivers/STM32F4xx_HAL_Driver/Src/stm32f4xx_hal_flash_ramfunc.o
LOAD ./Drivers/STM32F4xx_HAL_Driver/Src/stm32f4xx_hal_gpio.o
LOAD ./Drivers/STM32F4xx_HAL_Driver/Src/stm32f4xx_hal_i2c.o
LOAD ./Drivers/STM32F4xx_HAL_Driver/Src/stm32f4xx_hal_i2c_ex.o
LOAD ./Drivers/STM32F4xx_HAL_Driver/Src/stm32f4xx_hal_pwr.o
LOAD ./Drivers/STM32F4xx_HAL_Driver/Src/stm32f4xx_hal_pwr_ex.o
LOAD ./Drivers/STM32F4xx_HAL_Driver/Src/stm32f4xx_hal_rcc.o
LOAD ./Drivers/STM32F4xx_HAL_Driver/Src/stm32f4xx_hal_rcc_ex.o
LOAD ./Drivers/STM32F4xx_HAL_Driver/Src/stm32f4xx_hal_tim.o
LOAD ./Drivers/STM32F4xx_HAL_Driver/Src/stm32f4xx_hal_tim_ex.o
LOAD ./Drivers/STM32F4xx_HAL_Driver/Src/stm32f4xx_hal_uart.o
START GROUP
LOAD c:/program files (x86)/stm32cubeide/stm32cubeide_1.7.0/stm32cubeide/plugins/com.st.stm32cube.ide.mcu.externaltools.gnu-tools-for-stm32.9-2020-q2-update.win32_2.0.0.202105311346/tools/bin/../lib/gcc/arm-none-eabi/9.3.1/../../../../arm-none-eabi/lib/thumb/v7e-m+fp/hard\libc_nano.a
LOAD c:/program files (x86)/stm32cubeide/stm32cubeide_1.7.0/stm32cubeide/plugins/com.st.stm32cube.ide.mcu.externaltools.gnu-tools-for-stm32.9-2020-q2-update.win32_2.0.0.202105311346/tools/bin/../lib/gcc/arm-none-eabi/9.3.1/../../../../arm-none-eabi/lib/thumb/v7e-m+fp/hard\libm.a
END GROUP
START GROUP
LOAD c:/program files (x86)/stm32cubeide/stm32cubeide_1.7.0/stm32cubeide/plugins/com.st.stm32cube.ide.mcu.externaltools.gnu-tools-for-stm32.9-2020-q2-update.win32_2.0.0.202105311346/tools/bin/../lib/gcc/arm-none-eabi/9.3.1/thumb/v7e-m+fp/hard\libgcc.a
LOAD c:/program files (x86)/stm32cubeide/stm32cubeide_1.7.0/stm32cubeide/plugins/com.st.stm32cube.ide.mcu.externaltools.gnu-tools-for-stm32.9-2020-q2-update.win32_2.0.0.202105311346/tools/bin/../lib/gcc/arm-none-eabi/9.3.1/../../../../arm-none-eabi/lib/thumb/v7e-m+fp/hard\libc_nano.a
END GROUP
START GROUP
LOAD c:/program files (x86)/stm32cubeide/stm32cubeide_1.7.0/stm32cubeide/plugins/com.st.stm32cube.ide.mcu.externaltools.gnu-tools-for-stm32.9-2020-q2-update.win32_2.0.0.202105311346/tools/bin/../lib/gcc/arm-none-eabi/9.3.1/thumb/v7e-m+fp/hard\libgcc.a
LOAD c:/program files (x86)/stm32cubeide/stm32cubeide_1.7.0/stm32cubeide/plugins/com.st.stm32cube.ide.mcu.externaltools.gnu-tools-for-stm32.9-2020-q2-update.win32_2.0.0.202105311346/tools/bin/../lib/gcc/arm-none-eabi/9.3.1/../../../../arm-none-eabi/lib/thumb/v7e-m+fp/hard\libc_nano.a
LOAD c:/program files (x86)/stm32cubeide/stm32cubeide_1.7.0/stm32cubeide/plugins/com.st.stm32cube.ide.mcu.externaltools.gnu-tools-for-stm32.9-2020-q2-update.win32_2.0.0.202105311346/tools/bin/../lib/gcc/arm-none-eabi/9.3.1/../../../../arm-none-eabi/lib/thumb/v7e-m+fp/hard\libnosys.a
END GROUP
START GROUP
LOAD c:/program files (x86)/stm32cubeide/stm32cubeide_1.7.0/stm32cubeide/plugins/com.st.stm32cube.ide.mcu.externaltools.gnu-tools-for-stm32.9-2020-q2-update.win32_2.0.0.202105311346/tools/bin/../lib/gcc/arm-none-eabi/9.3.1/thumb/v7e-m+fp/hard\libgcc.a
LOAD c:/program files (x86)/stm32cubeide/stm32cubeide_1.7.0/stm32cubeide/plugins/com.st.stm32cube.ide.mcu.externaltools.gnu-tools-for-stm32.9-2020-q2-update.win32_2.0.0.202105311346/tools/bin/../lib/gcc/arm-none-eabi/9.3.1/../../../../arm-none-eabi/lib/thumb/v7e-m+fp/hard\libc_nano.a
LOAD c:/program files (x86)/stm32cubeide/stm32cubeide_1.7.0/stm32cubeide/plugins/com.st.stm32cube.ide.mcu.externaltools.gnu-tools-for-stm32.9-2020-q2-update.win32_2.0.0.202105311346/tools/bin/../lib/gcc/arm-none-eabi/9.3.1/../../../../arm-none-eabi/lib/thumb/v7e-m+fp/hard\libnosys.a
END GROUP
LOAD c:/program files (x86)/stm32cubeide/stm32cubeide_1.7.0/stm32cubeide/plugins/com.st.stm32cube.ide.mcu.externaltools.gnu-tools-for-stm32.9-2020-q2-update.win32_2.0.0.202105311346/tools/bin/../lib/gcc/arm-none-eabi/9.3.1/thumb/v7e-m+fp/hard/crtend.o
LOAD c:/program files (x86)/stm32cubeide/stm32cubeide_1.7.0/stm32cubeide/plugins/com.st.stm32cube.ide.mcu.externaltools.gnu-tools-for-stm32.9-2020-q2-update.win32_2.0.0.202105311346/tools/bin/../lib/gcc/arm-none-eabi/9.3.1/thumb/v7e-m+fp/hard/crtn.o
                0x0000000020018000                _estack = (ORIGIN (RAM) + LENGTH (RAM))
                0x0000000000000200                _Min_Heap_Size = 0x200
                0x0000000000000400                _Min_Stack_Size = 0x400

.isr_vector     0x0000000008000000      0x194
                0x0000000008000000                . = ALIGN (0x4)
 *(.isr_vector)
 .isr_vector    0x0000000008000000      0x194 ./Core/Startup/startup_stm32f401retx.o
                0x0000000008000000                g_pfnVectors
                0x0000000008000194                . = ALIGN (0x4)

.text           0x00000000080001a0     0xb204
                0x00000000080001a0                . = ALIGN (0x4)
 *(.text)
 .text          0x00000000080001a0       0x40 c:/program files (x86)/stm32cubeide/stm32cubeide_1.7.0/stm32cubeide/plugins/com.st.stm32cube.ide.mcu.externaltools.gnu-tools-for-stm32.9-2020-q2-update.win32_2.0.0.202105311346/tools/bin/../lib/gcc/arm-none-eabi/9.3.1/thumb/v7e-m+fp/hard/crtbegin.o
 .text          0x00000000080001e0       0x10 c:/program files (x86)/stm32cubeide/stm32cubeide_1.7.0/stm32cubeide/plugins/com.st.stm32cube.ide.mcu.externaltools.gnu-tools-for-stm32.9-2020-q2-update.win32_2.0.0.202105311346/tools/bin/../lib/gcc/arm-none-eabi/9.3.1/../../../../arm-none-eabi/lib/thumb/v7e-m+fp/hard\libc_nano.a(lib_a-strlen.o)
                0x00000000080001e0                strlen
 .text          0x00000000080001f0       0xa0 c:/program files (x86)/stm32cubeide/stm32cubeide_1.7.0/stm32cubeide/plugins/com.st.stm32cube.ide.mcu.externaltools.gnu-tools-for-stm32.9-2020-q2-update.win32_2.0.0.202105311346/tools/bin/../lib/gcc/arm-none-eabi/9.3.1/../../../../arm-none-eabi/lib/thumb/v7e-m+fp/hard\libc_nano.a(lib_a-memchr.o)
                0x00000000080001f0                memchr
 .text          0x0000000008000290      0x378 c:/program files (x86)/stm32cubeide/stm32cubeide_1.7.0/stm32cubeide/plugins/com.st.stm32cube.ide.mcu.externaltools.gnu-tools-for-stm32.9-2020-q2-update.win32_2.0.0.202105311346/tools/bin/../lib/gcc/arm-none-eabi/9.3.1/thumb/v7e-m+fp/hard\libgcc.a(_arm_addsubdf3.o)
                0x0000000008000290                __aeabi_drsub
                0x0000000008000298                __aeabi_dsub
                0x0000000008000298                __subdf3
                0x000000000800029c                __aeabi_dadd
                0x000000000800029c                __adddf3
                0x0000000008000514                __floatunsidf
                0x0000000008000514                __aeabi_ui2d
                0x0000000008000534                __floatsidf
                0x0000000008000534                __aeabi_i2d
                0x0000000008000558                __aeabi_f2d
                0x0000000008000558                __extendsfdf2
                0x000000000800059c                __floatundidf
                0x000000000800059c                __aeabi_ul2d
                0x00000000080005ac                __floatdidf
                0x00000000080005ac                __aeabi_l2d
 .text          0x0000000008000608      0x424 c:/program files (x86)/stm32cubeide/stm32cubeide_1.7.0/stm32cubeide/plugins/com.st.stm32cube.ide.mcu.externaltools.gnu-tools-for-stm32.9-2020-q2-update.win32_2.0.0.202105311346/tools/bin/../lib/gcc/arm-none-eabi/9.3.1/thumb/v7e-m+fp/hard\libgcc.a(_arm_muldivdf3.o)
                0x0000000008000608                __aeabi_dmul
                0x0000000008000608                __muldf3
                0x000000000800085c                __divdf3
                0x000000000800085c                __aeabi_ddiv
 .text          0x0000000008000a2c      0x110 c:/program files (x86)/stm32cubeide/stm32cubeide_1.7.0/stm32cubeide/plugins/com.st.stm32cube.ide.mcu.externaltools.gnu-tools-for-stm32.9-2020-q2-update.win32_2.0.0.202105311346/tools/bin/../lib/gcc/arm-none-eabi/9.3.1/thumb/v7e-m+fp/hard\libgcc.a(_arm_cmpdf2.o)
                0x0000000008000a2c                __gtdf2
                0x0000000008000a2c                __gedf2
                0x0000000008000a34                __ltdf2
                0x0000000008000a34                __ledf2
                0x0000000008000a3c                __nedf2
                0x0000000008000a3c                __eqdf2
                0x0000000008000a3c                __cmpdf2
                0x0000000008000ab8                __aeabi_cdrcmple
                0x0000000008000ac8                __aeabi_cdcmpeq
                0x0000000008000ac8                __aeabi_cdcmple
                0x0000000008000ad8                __aeabi_dcmpeq
                0x0000000008000aec                __aeabi_dcmplt
                0x0000000008000b00                __aeabi_dcmple
                0x0000000008000b14                __aeabi_dcmpge
                0x0000000008000b28                __aeabi_dcmpgt
 .text          0x0000000008000b3c       0x2c c:/program files (x86)/stm32cubeide/stm32cubeide_1.7.0/stm32cubeide/plugins/com.st.stm32cube.ide.mcu.externaltools.gnu-tools-for-stm32.9-2020-q2-update.win32_2.0.0.202105311346/tools/bin/../lib/gcc/arm-none-eabi/9.3.1/thumb/v7e-m+fp/hard\libgcc.a(_arm_unorddf2.o)
                0x0000000008000b3c                __unorddf2
                0x0000000008000b3c                __aeabi_dcmpun
 .text          0x0000000008000b68       0x50 c:/program files (x86)/stm32cubeide/stm32cubeide_1.7.0/stm32cubeide/plugins/com.st.stm32cube.ide.mcu.externaltools.gnu-tools-for-stm32.9-2020-q2-update.win32_2.0.0.202105311346/tools/bin/../lib/gcc/arm-none-eabi/9.3.1/thumb/v7e-m+fp/hard\libgcc.a(_arm_fixdfsi.o)
                0x0000000008000b68                __aeabi_d2iz
                0x0000000008000b68                __fixdfsi
 .text          0x0000000008000bb8       0x30 c:/program files (x86)/stm32cubeide/stm32cubeide_1.7.0/stm32cubeide/plugins/com.st.stm32cube.ide.mcu.externaltools.gnu-tools-for-stm32.9-2020-q2-update.win32_2.0.0.202105311346/tools/bin/../lib/gcc/arm-none-eabi/9.3.1/thumb/v7e-m+fp/hard\libgcc.a(_aeabi_uldivmod.o)
                0x0000000008000bb8                __aeabi_uldivmod
 .text          0x0000000008000be8      0x2c4 c:/program files (x86)/stm32cubeide/stm32cubeide_1.7.0/stm32cubeide/plugins/com.st.stm32cube.ide.mcu.externaltools.gnu-tools-for-stm32.9-2020-q2-update.win32_2.0.0.202105311346/tools/bin/../lib/gcc/arm-none-eabi/9.3.1/thumb/v7e-m+fp/hard\libgcc.a(_udivmoddi4.o)
                0x0000000008000be8                __udivmoddi4
 .text          0x0000000008000eac        0x4 c:/program files (x86)/stm32cubeide/stm32cubeide_1.7.0/stm32cubeide/plugins/com.st.stm32cube.ide.mcu.externaltools.gnu-tools-for-stm32.9-2020-q2-update.win32_2.0.0.202105311346/tools/bin/../lib/gcc/arm-none-eabi/9.3.1/thumb/v7e-m+fp/hard\libgcc.a(_dvmd_tls.o)
                0x0000000008000eac                __aeabi_idiv0
                0x0000000008000eac                __aeabi_ldiv0
 *(.text*)
 .text.main     0x0000000008000eb0      0x118 ./Core/Src/main.o
                0x0000000008000eb0                main
 .text.SystemClock_Config
                0x0000000008000fc8       0xd8 ./Core/Src/main.o
                0x0000000008000fc8                SystemClock_Config
 .text.MX_TIM10_Init
                0x00000000080010a0       0x48 ./Core/Src/main.o
 .text.MX_USART2_UART_Init
                0x00000000080010e8       0x54 ./Core/Src/main.o
 .text.MX_GPIO_Init
                0x000000000800113c       0xf0 ./Core/Src/main.o
 .text.HAL_GPIO_EXTI_Callback
                0x000000000800122c       0xb8 ./Core/Src/main.o
                0x000000000800122c                HAL_GPIO_EXTI_Callback
 .text.HAL_TIM_PeriodElapsedCallback
                0x00000000080012e4       0x98 ./Core/Src/main.o
                0x00000000080012e4                HAL_TIM_PeriodElapsedCallback
 .text.Error_Handler
                0x000000000800137c        0xa ./Core/Src/main.o
                0x000000000800137c                Error_Handler
 *fill*         0x0000000008001386        0x2 
 .text.HAL_MspInit
                0x0000000008001388       0x60 ./Core/Src/stm32f4xx_hal_msp.o
                0x0000000008001388                HAL_MspInit
 .text.HAL_TIM_Base_MspInit
                0x00000000080013e8       0x50 ./Core/Src/stm32f4xx_hal_msp.o
                0x00000000080013e8                HAL_TIM_Base_MspInit
 .text.HAL_UART_MspInit
                0x0000000008001438       0xa0 ./Core/Src/stm32f4xx_hal_msp.o
                0x0000000008001438                HAL_UART_MspInit
 .text.NMI_Handler
                0x00000000080014d8        0x6 ./Core/Src/stm32f4xx_it.o
                0x00000000080014d8                NMI_Handler
 .text.HardFault_Handler
                0x00000000080014de        0x6 ./Core/Src/stm32f4xx_it.o
                0x00000000080014de                HardFault_Handler
 .text.MemManage_Handler
                0x00000000080014e4        0x6 ./Core/Src/stm32f4xx_it.o
                0x00000000080014e4                MemManage_Handler
 .text.BusFault_Handler
                0x00000000080014ea        0x6 ./Core/Src/stm32f4xx_it.o
                0x00000000080014ea                BusFault_Handler
 .text.UsageFault_Handler
                0x00000000080014f0        0x6 ./Core/Src/stm32f4xx_it.o
                0x00000000080014f0                UsageFault_Handler
 .text.SVC_Handler
                0x00000000080014f6        0xe ./Core/Src/stm32f4xx_it.o
                0x00000000080014f6                SVC_Handler
 .text.DebugMon_Handler
                0x0000000008001504        0xe ./Core/Src/stm32f4xx_it.o
                0x0000000008001504                DebugMon_Handler
 .text.PendSV_Handler
                0x0000000008001512        0xe ./Core/Src/stm32f4xx_it.o
                0x0000000008001512                PendSV_Handler
 .text.SysTick_Handler
                0x0000000008001520        0xc ./Core/Src/stm32f4xx_it.o
                0x0000000008001520                SysTick_Handler
 .text.TIM1_UP_TIM10_IRQHandler
                0x000000000800152c       0x14 ./Core/Src/stm32f4xx_it.o
                0x000000000800152c                TIM1_UP_TIM10_IRQHandler
 .text.USART2_IRQHandler
                0x0000000008001540       0x14 ./Core/Src/stm32f4xx_it.o
                0x0000000008001540                USART2_IRQHandler
 .text.EXTI15_10_IRQHandler
                0x0000000008001554       0x10 ./Core/Src/stm32f4xx_it.o
                0x0000000008001554                EXTI15_10_IRQHandler
 .text.FPU_IRQHandler
                0x0000000008001564        0xe ./Core/Src/stm32f4xx_it.o
                0x0000000008001564                FPU_IRQHandler
 *fill*         0x0000000008001572        0x2 
 .text.BSP_I2C1_Init
                0x0000000008001574       0x64 ./Core/Src/stm32f4xx_nucleo_bus.o
                0x0000000008001574                BSP_I2C1_Init
 .text.BSP_I2C1_DeInit
                0x00000000080015d8       0x50 ./Core/Src/stm32f4xx_nucleo_bus.o
                0x00000000080015d8                BSP_I2C1_DeInit
 .text.BSP_I2C1_WriteReg
                0x0000000008001628       0x64 ./Core/Src/stm32f4xx_nucleo_bus.o
                0x0000000008001628                BSP_I2C1_WriteReg
 .text.BSP_I2C1_ReadReg
                0x000000000800168c       0x64 ./Core/Src/stm32f4xx_nucleo_bus.o
                0x000000000800168c                BSP_I2C1_ReadReg
 .text.BSP_GetTick
                0x00000000080016f0        0xe ./Core/Src/stm32f4xx_nucleo_bus.o
                0x00000000080016f0                BSP_GetTick
 *fill*         0x00000000080016fe        0x2 
 .text.MX_I2C1_Init
                0x0000000008001700       0x68 ./Core/Src/stm32f4xx_nucleo_bus.o
                0x0000000008001700                MX_I2C1_Init
 .text.I2C1_MspInit
                0x0000000008001768       0x94 ./Core/Src/stm32f4xx_nucleo_bus.o
 .text.I2C1_MspDeInit
                0x00000000080017fc       0x38 ./Core/Src/stm32f4xx_nucleo_bus.o
 .text._getpid  0x0000000008001834       0x10 ./Core/Src/syscalls.o
                0x0000000008001834                _getpid
 .text._kill    0x0000000008001844       0x20 ./Core/Src/syscalls.o
                0x0000000008001844                _kill
 .text._exit    0x0000000008001864       0x14 ./Core/Src/syscalls.o
                0x0000000008001864                _exit
 .text._read    0x0000000008001878       0x3a ./Core/Src/syscalls.o
                0x0000000008001878                _read
 .text._write   0x00000000080018b2       0x38 ./Core/Src/syscalls.o
                0x00000000080018b2                _write
 .text._close   0x00000000080018ea       0x18 ./Core/Src/syscalls.o
                0x00000000080018ea                _close
 .text._fstat   0x0000000008001902       0x20 ./Core/Src/syscalls.o
                0x0000000008001902                _fstat
 .text._isatty  0x0000000008001922       0x16 ./Core/Src/syscalls.o
                0x0000000008001922                _isatty
 .text._lseek   0x0000000008001938       0x1a ./Core/Src/syscalls.o
                0x0000000008001938                _lseek
 *fill*         0x0000000008001952        0x2 
 .text._sbrk    0x0000000008001954       0x6c ./Core/Src/sysmem.o
                0x0000000008001954                _sbrk
 .text.SystemInit
                0x00000000080019c0       0x2c ./Core/Src/system_stm32f4xx.o
                0x00000000080019c0                SystemInit
 .text.Reset_Handler
                0x00000000080019ec       0x50 ./Core/Startup/startup_stm32f401retx.o
                0x00000000080019ec                Reset_Handler
 .text.Default_Handler
                0x0000000008001a3c        0x2 ./Core/Startup/startup_stm32f401retx.o
                0x0000000008001a3c                RTC_Alarm_IRQHandler
                0x0000000008001a3c                EXTI2_IRQHandler
                0x0000000008001a3c                SPI4_IRQHandler
                0x0000000008001a3c                TIM1_CC_IRQHandler
                0x0000000008001a3c                DMA2_Stream5_IRQHandler
                0x0000000008001a3c                DMA1_Stream5_IRQHandler
                0x0000000008001a3c                PVD_IRQHandler
                0x0000000008001a3c                SDIO_IRQHandler
                0x0000000008001a3c                TAMP_STAMP_IRQHandler
                0x0000000008001a3c                EXTI3_IRQHandler
                0x0000000008001a3c                I2C3_ER_IRQHandler
                0x0000000008001a3c                EXTI0_IRQHandler
                0x0000000008001a3c                I2C2_EV_IRQHandler
                0x0000000008001a3c                DMA1_Stream2_IRQHandler
                0x0000000008001a3c                DMA2_Stream2_IRQHandler
                0x0000000008001a3c                SPI1_IRQHandler
                0x0000000008001a3c                TIM1_BRK_TIM9_IRQHandler
                0x0000000008001a3c                DMA2_Stream3_IRQHandler
                0x0000000008001a3c                USART6_IRQHandler
                0x0000000008001a3c                DMA2_Stream0_IRQHandler
                0x0000000008001a3c                TIM4_IRQHandler
                0x0000000008001a3c                I2C1_EV_IRQHandler
                0x0000000008001a3c                DMA1_Stream6_IRQHandler
                0x0000000008001a3c                DMA1_Stream1_IRQHandler
                0x0000000008001a3c                TIM3_IRQHandler
                0x0000000008001a3c                RCC_IRQHandler
                0x0000000008001a3c                Default_Handler
                0x0000000008001a3c                ADC_IRQHandler
                0x0000000008001a3c                DMA1_Stream7_IRQHandler
                0x0000000008001a3c                TIM5_IRQHandler
                0x0000000008001a3c                DMA2_Stream7_IRQHandler
                0x0000000008001a3c                I2C3_EV_IRQHandler
                0x0000000008001a3c                EXTI9_5_IRQHandler
                0x0000000008001a3c                RTC_WKUP_IRQHandler
                0x0000000008001a3c                SPI2_IRQHandler
                0x0000000008001a3c                DMA1_Stream0_IRQHandler
                0x0000000008001a3c                EXTI4_IRQHandler
                0x0000000008001a3c                WWDG_IRQHandler
                0x0000000008001a3c                TIM2_IRQHandler
                0x0000000008001a3c                OTG_FS_WKUP_IRQHandler
                0x0000000008001a3c                TIM1_TRG_COM_TIM11_IRQHandler
                0x0000000008001a3c                EXTI1_IRQHandler
                0x0000000008001a3c                I2C2_ER_IRQHandler
                0x0000000008001a3c                DMA2_Stream1_IRQHandler
                0x0000000008001a3c                FLASH_IRQHandler
                0x0000000008001a3c                DMA2_Stream4_IRQHandler
                0x0000000008001a3c                USART1_IRQHandler
                0x0000000008001a3c                OTG_FS_IRQHandler
                0x0000000008001a3c                SPI3_IRQHandler
                0x0000000008001a3c                DMA1_Stream4_IRQHandler
                0x0000000008001a3c                I2C1_ER_IRQHandler
                0x0000000008001a3c                DMA2_Stream6_IRQHandler
                0x0000000008001a3c                DMA1_Stream3_IRQHandler
 *fill*         0x0000000008001a3e        0x2 
 .text.LSM303AGR_ACC_RegisterBusIO
                0x0000000008001a40       0xcc ./Drivers/BSP/Components/lsm303agr/lsm303agr.o
                0x0000000008001a40                LSM303AGR_ACC_RegisterBusIO
 .text.LSM303AGR_ACC_Init
                0x0000000008001b0c       0x82 ./Drivers/BSP/Components/lsm303agr/lsm303agr.o
                0x0000000008001b0c                LSM303AGR_ACC_Init
 .text.LSM303AGR_ACC_DeInit
                0x0000000008001b8e       0x34 ./Drivers/BSP/Components/lsm303agr/lsm303agr.o
                0x0000000008001b8e                LSM303AGR_ACC_DeInit
 .text.LSM303AGR_ACC_ReadID
                0x0000000008001bc2       0x2c ./Drivers/BSP/Components/lsm303agr/lsm303agr.o
                0x0000000008001bc2                LSM303AGR_ACC_ReadID
 *fill*         0x0000000008001bee        0x2 
 .text.LSM303AGR_ACC_GetCapabilities
                0x0000000008001bf0       0x5c ./Drivers/BSP/Components/lsm303agr/lsm303agr.o
                0x0000000008001bf0                LSM303AGR_ACC_GetCapabilities
 .text.LSM303AGR_ACC_Enable
                0x0000000008001c4c       0x48 ./Drivers/BSP/Components/lsm303agr/lsm303agr.o
                0x0000000008001c4c                LSM303AGR_ACC_Enable
 .text.LSM303AGR_ACC_Disable
                0x0000000008001c94       0x5e ./Drivers/BSP/Components/lsm303agr/lsm303agr.o
                0x0000000008001c94                LSM303AGR_ACC_Disable
 .text.LSM303AGR_ACC_GetSensitivity
                0x0000000008001cf2       0x96 ./Drivers/BSP/Components/lsm303agr/lsm303agr.o
                0x0000000008001cf2                LSM303AGR_ACC_GetSensitivity
 .text.LSM303AGR_ACC_GetOutputDataRate
                0x0000000008001d88      0x194 ./Drivers/BSP/Components/lsm303agr/lsm303agr.o
                0x0000000008001d88                LSM303AGR_ACC_GetOutputDataRate
 .text.LSM303AGR_ACC_SetOutputDataRate
                0x0000000008001f1c       0x38 ./Drivers/BSP/Components/lsm303agr/lsm303agr.o
                0x0000000008001f1c                LSM303AGR_ACC_SetOutputDataRate
 .text.LSM303AGR_ACC_GetFullScale
                0x0000000008001f54       0x7c ./Drivers/BSP/Components/lsm303agr/lsm303agr.o
                0x0000000008001f54                LSM303AGR_ACC_GetFullScale
 .text.LSM303AGR_ACC_SetFullScale
                0x0000000008001fd0       0x50 ./Drivers/BSP/Components/lsm303agr/lsm303agr.o
                0x0000000008001fd0                LSM303AGR_ACC_SetFullScale
 .text.LSM303AGR_ACC_GetAxesRaw
                0x0000000008002020       0xcc ./Drivers/BSP/Components/lsm303agr/lsm303agr.o
                0x0000000008002020                LSM303AGR_ACC_GetAxesRaw
 .text.LSM303AGR_ACC_GetAxes
                0x00000000080020ec       0xaa ./Drivers/BSP/Components/lsm303agr/lsm303agr.o
                0x00000000080020ec                LSM303AGR_ACC_GetAxes
 .text.LSM303AGR_ACC_Write_Reg
                0x0000000008002196       0x36 ./Drivers/BSP/Components/lsm303agr/lsm303agr.o
                0x0000000008002196                LSM303AGR_ACC_Write_Reg
 .text.LSM303AGR_MAG_RegisterBusIO
                0x00000000080021cc       0xc8 ./Drivers/BSP/Components/lsm303agr/lsm303agr.o
                0x00000000080021cc                LSM303AGR_MAG_RegisterBusIO
 .text.LSM303AGR_MAG_Init
                0x0000000008002294       0x7a ./Drivers/BSP/Components/lsm303agr/lsm303agr.o
                0x0000000008002294                LSM303AGR_MAG_Init
 .text.LSM303AGR_MAG_DeInit
                0x000000000800230e       0x2c ./Drivers/BSP/Components/lsm303agr/lsm303agr.o
                0x000000000800230e                LSM303AGR_MAG_DeInit
 .text.LSM303AGR_MAG_ReadID
                0x000000000800233a       0x2c ./Drivers/BSP/Components/lsm303agr/lsm303agr.o
                0x000000000800233a                LSM303AGR_MAG_ReadID
 *fill*         0x0000000008002366        0x2 
 .text.LSM303AGR_MAG_GetCapabilities
                0x0000000008002368       0x5c ./Drivers/BSP/Components/lsm303agr/lsm303agr.o
                0x0000000008002368                LSM303AGR_MAG_GetCapabilities
 .text.LSM303AGR_MAG_Enable
                0x00000000080023c4       0x40 ./Drivers/BSP/Components/lsm303agr/lsm303agr.o
                0x00000000080023c4                LSM303AGR_MAG_Enable
 .text.LSM303AGR_MAG_Disable
                0x0000000008002404       0x40 ./Drivers/BSP/Components/lsm303agr/lsm303agr.o
                0x0000000008002404                LSM303AGR_MAG_Disable
 .text.LSM303AGR_MAG_GetSensitivity
                0x0000000008002444       0x20 ./Drivers/BSP/Components/lsm303agr/lsm303agr.o
                0x0000000008002444                LSM303AGR_MAG_GetSensitivity
 .text.LSM303AGR_MAG_GetOutputDataRate
                0x0000000008002464       0x8c ./Drivers/BSP/Components/lsm303agr/lsm303agr.o
                0x0000000008002464                LSM303AGR_MAG_GetOutputDataRate
 .text.LSM303AGR_MAG_SetOutputDataRate
                0x00000000080024f0       0x7c ./Drivers/BSP/Components/lsm303agr/lsm303agr.o
                0x00000000080024f0                LSM303AGR_MAG_SetOutputDataRate
 .text.LSM303AGR_MAG_GetFullScale
                0x000000000800256c       0x1e ./Drivers/BSP/Components/lsm303agr/lsm303agr.o
                0x000000000800256c                LSM303AGR_MAG_GetFullScale
 .text.LSM303AGR_MAG_SetFullScale
                0x000000000800258a       0x18 ./Drivers/BSP/Components/lsm303agr/lsm303agr.o
                0x000000000800258a                LSM303AGR_MAG_SetFullScale
 .text.LSM303AGR_MAG_GetAxesRaw
                0x00000000080025a2       0x48 ./Drivers/BSP/Components/lsm303agr/lsm303agr.o
                0x00000000080025a2                LSM303AGR_MAG_GetAxesRaw
 .text.LSM303AGR_MAG_GetAxes
                0x00000000080025ea       0x9c ./Drivers/BSP/Components/lsm303agr/lsm303agr.o
                0x00000000080025ea                LSM303AGR_MAG_GetAxes
 *fill*         0x0000000008002686        0x2 
 .text.LSM303AGR_ACC_GetSensitivityHR
                0x0000000008002688       0x8c ./Drivers/BSP/Components/lsm303agr/lsm303agr.o
 .text.LSM303AGR_ACC_GetSensitivityNM
                0x0000000008002714       0x8c ./Drivers/BSP/Components/lsm303agr/lsm303agr.o
 .text.LSM303AGR_ACC_GetSensitivityLP
                0x00000000080027a0       0x8c ./Drivers/BSP/Components/lsm303agr/lsm303agr.o
 .text.LSM303AGR_ACC_SetOutputDataRate_When_Enabled
                0x000000000800282c       0xc4 ./Drivers/BSP/Components/lsm303agr/lsm303agr.o
 .text.LSM303AGR_ACC_SetOutputDataRate_When_Disabled
                0x00000000080028f0       0xb4 ./Drivers/BSP/Components/lsm303agr/lsm303agr.o
 .text.ReadAccRegWrap
                0x00000000080029a4       0x62 ./Drivers/BSP/Components/lsm303agr/lsm303agr.o
 .text.WriteAccRegWrap
                0x0000000008002a06       0x62 ./Drivers/BSP/Components/lsm303agr/lsm303agr.o
 .text.ReadMagRegWrap
                0x0000000008002a68       0x62 ./Drivers/BSP/Components/lsm303agr/lsm303agr.o
 .text.WriteMagRegWrap
                0x0000000008002aca       0x62 ./Drivers/BSP/Components/lsm303agr/lsm303agr.o
 .text.lsm303agr_read_reg
                0x0000000008002b2c       0x30 ./Drivers/BSP/Components/lsm303agr/lsm303agr_reg.o
                0x0000000008002b2c                lsm303agr_read_reg
 .text.lsm303agr_write_reg
                0x0000000008002b5c       0x30 ./Drivers/BSP/Components/lsm303agr/lsm303agr_reg.o
                0x0000000008002b5c                lsm303agr_write_reg
 .text.lsm303agr_xl_operating_mode_get
                0x0000000008002b8c       0x68 ./Drivers/BSP/Components/lsm303agr/lsm303agr_reg.o
                0x0000000008002b8c                lsm303agr_xl_operating_mode_get
 .text.lsm303agr_xl_data_rate_set
                0x0000000008002bf4       0x4c ./Drivers/BSP/Components/lsm303agr/lsm303agr_reg.o
                0x0000000008002bf4                lsm303agr_xl_data_rate_set
 .text.lsm303agr_xl_data_rate_get
                0x0000000008002c40       0xb8 ./Drivers/BSP/Components/lsm303agr/lsm303agr_reg.o
                0x0000000008002c40                lsm303agr_xl_data_rate_get
 .text.lsm303agr_xl_full_scale_set
                0x0000000008002cf8       0x4c ./Drivers/BSP/Components/lsm303agr/lsm303agr_reg.o
                0x0000000008002cf8                lsm303agr_xl_full_scale_set
 .text.lsm303agr_xl_full_scale_get
                0x0000000008002d44       0x70 ./Drivers/BSP/Components/lsm303agr/lsm303agr_reg.o
                0x0000000008002d44                lsm303agr_xl_full_scale_get
 .text.lsm303agr_xl_block_data_update_set
                0x0000000008002db4       0x4c ./Drivers/BSP/Components/lsm303agr/lsm303agr_reg.o
                0x0000000008002db4                lsm303agr_xl_block_data_update_set
 .text.lsm303agr_acceleration_raw_get
                0x0000000008002e00       0x96 ./Drivers/BSP/Components/lsm303agr/lsm303agr_reg.o
                0x0000000008002e00                lsm303agr_acceleration_raw_get
 .text.lsm303agr_mag_operating_mode_set
                0x0000000008002e96       0x4c ./Drivers/BSP/Components/lsm303agr/lsm303agr_reg.o
                0x0000000008002e96                lsm303agr_mag_operating_mode_set
 .text.lsm303agr_mag_data_rate_set
                0x0000000008002ee2       0x4c ./Drivers/BSP/Components/lsm303agr/lsm303agr_reg.o
                0x0000000008002ee2                lsm303agr_mag_data_rate_set
 *fill*         0x0000000008002f2e        0x2 
 .text.lsm303agr_mag_data_rate_get
                0x0000000008002f30       0x70 ./Drivers/BSP/Components/lsm303agr/lsm303agr_reg.o
                0x0000000008002f30                lsm303agr_mag_data_rate_get
 .text.lsm303agr_mag_block_data_update_set
                0x0000000008002fa0       0x4c ./Drivers/BSP/Components/lsm303agr/lsm303agr_reg.o
                0x0000000008002fa0                lsm303agr_mag_block_data_update_set
 .text.lsm303agr_magnetic_raw_get
                0x0000000008002fec       0x96 ./Drivers/BSP/Components/lsm303agr/lsm303agr_reg.o
                0x0000000008002fec                lsm303agr_magnetic_raw_get
 .text.lsm303agr_xl_device_id_get
                0x0000000008003082       0x22 ./Drivers/BSP/Components/lsm303agr/lsm303agr_reg.o
                0x0000000008003082                lsm303agr_xl_device_id_get
 .text.lsm303agr_mag_device_id_get
                0x00000000080030a4       0x22 ./Drivers/BSP/Components/lsm303agr/lsm303agr_reg.o
                0x00000000080030a4                lsm303agr_mag_device_id_get
 .text.lsm303agr_mag_self_test_set
                0x00000000080030c6       0x4c ./Drivers/BSP/Components/lsm303agr/lsm303agr_reg.o
                0x00000000080030c6                lsm303agr_mag_self_test_set
 .text.lsm303agr_xl_fifo_mode_set
                0x0000000008003112       0x4c ./Drivers/BSP/Components/lsm303agr/lsm303agr_reg.o
                0x0000000008003112                lsm303agr_xl_fifo_mode_set
 .text.lsm303agr_mag_i2c_interface_set
                0x000000000800315e       0x4c ./Drivers/BSP/Components/lsm303agr/lsm303agr_reg.o
                0x000000000800315e                lsm303agr_mag_i2c_interface_set
 *fill*         0x00000000080031aa        0x2 
 .text.LSM6DSL_RegisterBusIO
                0x00000000080031ac       0xcc ./Drivers/BSP/Components/lsm6dsl/lsm6dsl.o
                0x00000000080031ac                LSM6DSL_RegisterBusIO
 .text.LSM6DSL_Init
                0x0000000008003278       0xd2 ./Drivers/BSP/Components/lsm6dsl/lsm6dsl.o
                0x0000000008003278                LSM6DSL_Init
 .text.LSM6DSL_DeInit
                0x000000000800334a       0x4e ./Drivers/BSP/Components/lsm6dsl/lsm6dsl.o
                0x000000000800334a                LSM6DSL_DeInit
 .text.LSM6DSL_ReadID
                0x0000000008003398       0x2c ./Drivers/BSP/Components/lsm6dsl/lsm6dsl.o
                0x0000000008003398                LSM6DSL_ReadID
 .text.LSM6DSL_GetCapabilities
                0x00000000080033c4       0x5c ./Drivers/BSP/Components/lsm6dsl/lsm6dsl.o
                0x00000000080033c4                LSM6DSL_GetCapabilities
 .text.LSM6DSL_ACC_Enable
                0x0000000008003420       0x48 ./Drivers/BSP/Components/lsm6dsl/lsm6dsl.o
                0x0000000008003420                LSM6DSL_ACC_Enable
 .text.LSM6DSL_ACC_Disable
                0x0000000008003468       0x5e ./Drivers/BSP/Components/lsm6dsl/lsm6dsl.o
                0x0000000008003468                LSM6DSL_ACC_Disable
 *fill*         0x00000000080034c6        0x2 
 .text.LSM6DSL_ACC_GetSensitivity
                0x00000000080034c8       0x8c ./Drivers/BSP/Components/lsm6dsl/lsm6dsl.o
                0x00000000080034c8                LSM6DSL_ACC_GetSensitivity
 .text.LSM6DSL_ACC_GetOutputDataRate
                0x0000000008003554      0x108 ./Drivers/BSP/Components/lsm6dsl/lsm6dsl.o
                0x0000000008003554                LSM6DSL_ACC_GetOutputDataRate
 .text.LSM6DSL_ACC_SetOutputDataRate
                0x000000000800365c       0x38 ./Drivers/BSP/Components/lsm6dsl/lsm6dsl.o
                0x000000000800365c                LSM6DSL_ACC_SetOutputDataRate
 .text.LSM6DSL_ACC_GetFullScale
                0x0000000008003694       0x7c ./Drivers/BSP/Components/lsm6dsl/lsm6dsl.o
                0x0000000008003694                LSM6DSL_ACC_GetFullScale
 .text.LSM6DSL_ACC_SetFullScale
                0x0000000008003710       0x50 ./Drivers/BSP/Components/lsm6dsl/lsm6dsl.o
                0x0000000008003710                LSM6DSL_ACC_SetFullScale
 .text.LSM6DSL_ACC_GetAxesRaw
                0x0000000008003760       0x48 ./Drivers/BSP/Components/lsm6dsl/lsm6dsl.o
                0x0000000008003760                LSM6DSL_ACC_GetAxesRaw
 .text.LSM6DSL_ACC_GetAxes
                0x00000000080037a8       0xae ./Drivers/BSP/Components/lsm6dsl/lsm6dsl.o
                0x00000000080037a8                LSM6DSL_ACC_GetAxes
 .text.LSM6DSL_GYRO_Enable
                0x0000000008003856       0x48 ./Drivers/BSP/Components/lsm6dsl/lsm6dsl.o
                0x0000000008003856                LSM6DSL_GYRO_Enable
 .text.LSM6DSL_GYRO_Disable
                0x000000000800389e       0x5e ./Drivers/BSP/Components/lsm6dsl/lsm6dsl.o
                0x000000000800389e                LSM6DSL_GYRO_Disable
 .text.LSM6DSL_GYRO_GetSensitivity
                0x00000000080038fc       0xa4 ./Drivers/BSP/Components/lsm6dsl/lsm6dsl.o
                0x00000000080038fc                LSM6DSL_GYRO_GetSensitivity
 .text.LSM6DSL_GYRO_GetOutputDataRate
                0x00000000080039a0       0xf8 ./Drivers/BSP/Components/lsm6dsl/lsm6dsl.o
                0x00000000080039a0                LSM6DSL_GYRO_GetOutputDataRate
 .text.LSM6DSL_GYRO_SetOutputDataRate
                0x0000000008003a98       0x38 ./Drivers/BSP/Components/lsm6dsl/lsm6dsl.o
                0x0000000008003a98                LSM6DSL_GYRO_SetOutputDataRate
 .text.LSM6DSL_GYRO_GetFullScale
                0x0000000008003ad0       0x94 ./Drivers/BSP/Components/lsm6dsl/lsm6dsl.o
                0x0000000008003ad0                LSM6DSL_GYRO_GetFullScale
 .text.LSM6DSL_GYRO_SetFullScale
                0x0000000008003b64       0x5e ./Drivers/BSP/Components/lsm6dsl/lsm6dsl.o
                0x0000000008003b64                LSM6DSL_GYRO_SetFullScale
 .text.LSM6DSL_GYRO_GetAxesRaw
                0x0000000008003bc2       0x48 ./Drivers/BSP/Components/lsm6dsl/lsm6dsl.o
                0x0000000008003bc2                LSM6DSL_GYRO_GetAxesRaw
 .text.LSM6DSL_GYRO_GetAxes
                0x0000000008003c0a       0xa8 ./Drivers/BSP/Components/lsm6dsl/lsm6dsl.o
                0x0000000008003c0a                LSM6DSL_GYRO_GetAxes
 .text.LSM6DSL_Write_Reg
                0x0000000008003cb2       0x36 ./Drivers/BSP/Components/lsm6dsl/lsm6dsl.o
                0x0000000008003cb2                LSM6DSL_Write_Reg
 .text.LSM6DSL_ACC_SetOutputDataRate_When_Enabled
                0x0000000008003ce8      0x118 ./Drivers/BSP/Components/lsm6dsl/lsm6dsl.o
 .text.LSM6DSL_ACC_SetOutputDataRate_When_Disabled
                0x0000000008003e00      0x104 ./Drivers/BSP/Components/lsm6dsl/lsm6dsl.o
 .text.LSM6DSL_GYRO_SetOutputDataRate_When_Enabled
                0x0000000008003f04      0x118 ./Drivers/BSP/Components/lsm6dsl/lsm6dsl.o
 .text.LSM6DSL_GYRO_SetOutputDataRate_When_Disabled
                0x000000000800401c      0x104 ./Drivers/BSP/Components/lsm6dsl/lsm6dsl.o
 .text.ReadRegWrap
                0x0000000008004120       0x36 ./Drivers/BSP/Components/lsm6dsl/lsm6dsl.o
 .text.WriteRegWrap
                0x0000000008004156       0x36 ./Drivers/BSP/Components/lsm6dsl/lsm6dsl.o
 .text.lsm6dsl_read_reg
                0x000000000800418c       0x30 ./Drivers/BSP/Components/lsm6dsl/lsm6dsl_reg.o
                0x000000000800418c                lsm6dsl_read_reg
 .text.lsm6dsl_write_reg
                0x00000000080041bc       0x30 ./Drivers/BSP/Components/lsm6dsl/lsm6dsl_reg.o
                0x00000000080041bc                lsm6dsl_write_reg
 .text.lsm6dsl_xl_full_scale_set
                0x00000000080041ec       0x4c ./Drivers/BSP/Components/lsm6dsl/lsm6dsl_reg.o
                0x00000000080041ec                lsm6dsl_xl_full_scale_set
 .text.lsm6dsl_xl_full_scale_get
                0x0000000008004238       0x70 ./Drivers/BSP/Components/lsm6dsl/lsm6dsl_reg.o
                0x0000000008004238                lsm6dsl_xl_full_scale_get
 .text.lsm6dsl_xl_data_rate_set
                0x00000000080042a8       0x4c ./Drivers/BSP/Components/lsm6dsl/lsm6dsl_reg.o
                0x00000000080042a8                lsm6dsl_xl_data_rate_set
 .text.lsm6dsl_xl_data_rate_get
                0x00000000080042f4       0xd0 ./Drivers/BSP/Components/lsm6dsl/lsm6dsl_reg.o
                0x00000000080042f4                lsm6dsl_xl_data_rate_get
 .text.lsm6dsl_gy_full_scale_set
                0x00000000080043c4       0x4c ./Drivers/BSP/Components/lsm6dsl/lsm6dsl_reg.o
                0x00000000080043c4                lsm6dsl_gy_full_scale_set
 .text.lsm6dsl_gy_full_scale_get
                0x0000000008004410       0x84 ./Drivers/BSP/Components/lsm6dsl/lsm6dsl_reg.o
                0x0000000008004410                lsm6dsl_gy_full_scale_get
 .text.lsm6dsl_gy_data_rate_set
                0x0000000008004494       0x4c ./Drivers/BSP/Components/lsm6dsl/lsm6dsl_reg.o
                0x0000000008004494                lsm6dsl_gy_data_rate_set
 .text.lsm6dsl_gy_data_rate_get
                0x00000000080044e0       0xc4 ./Drivers/BSP/Components/lsm6dsl/lsm6dsl_reg.o
                0x00000000080044e0                lsm6dsl_gy_data_rate_get
 .text.lsm6dsl_block_data_update_set
                0x00000000080045a4       0x4c ./Drivers/BSP/Components/lsm6dsl/lsm6dsl_reg.o
                0x00000000080045a4                lsm6dsl_block_data_update_set
 .text.lsm6dsl_angular_rate_raw_get
                0x00000000080045f0       0x96 ./Drivers/BSP/Components/lsm6dsl/lsm6dsl_reg.o
                0x00000000080045f0                lsm6dsl_angular_rate_raw_get
 .text.lsm6dsl_acceleration_raw_get
                0x0000000008004686       0x96 ./Drivers/BSP/Components/lsm6dsl/lsm6dsl_reg.o
                0x0000000008004686                lsm6dsl_acceleration_raw_get
 .text.lsm6dsl_device_id_get
                0x000000000800471c       0x22 ./Drivers/BSP/Components/lsm6dsl/lsm6dsl_reg.o
                0x000000000800471c                lsm6dsl_device_id_get
 .text.lsm6dsl_auto_increment_set
                0x000000000800473e       0x4c ./Drivers/BSP/Components/lsm6dsl/lsm6dsl_reg.o
                0x000000000800473e                lsm6dsl_auto_increment_set
 .text.lsm6dsl_fifo_mode_set
                0x000000000800478a       0x4c ./Drivers/BSP/Components/lsm6dsl/lsm6dsl_reg.o
                0x000000000800478a                lsm6dsl_fifo_mode_set
 *fill*         0x00000000080047d6        0x2 
 .text.IKS01A2_MOTION_SENSOR_Init
                0x00000000080047d8      0x1f8 ./Drivers/BSP/IKS01A2/iks01a2_motion_sensors.o
                0x00000000080047d8                IKS01A2_MOTION_SENSOR_Init
 .text.IKS01A2_MOTION_SENSOR_Enable
                0x00000000080049d0       0x84 ./Drivers/BSP/IKS01A2/iks01a2_motion_sensors.o
                0x00000000080049d0                IKS01A2_MOTION_SENSOR_Enable
 .text.IKS01A2_MOTION_SENSOR_GetAxes
                0x0000000008004a54       0x88 ./Drivers/BSP/IKS01A2/iks01a2_motion_sensors.o
                0x0000000008004a54                IKS01A2_MOTION_SENSOR_GetAxes
 .text.IKS01A2_MOTION_SENSOR_GetSensitivity
                0x0000000008004adc       0x88 ./Drivers/BSP/IKS01A2/iks01a2_motion_sensors.o
                0x0000000008004adc                IKS01A2_MOTION_SENSOR_GetSensitivity
 .text.IKS01A2_MOTION_SENSOR_GetOutputDataRate
                0x0000000008004b64       0x88 ./Drivers/BSP/IKS01A2/iks01a2_motion_sensors.o
                0x0000000008004b64                IKS01A2_MOTION_SENSOR_GetOutputDataRate
 .text.IKS01A2_MOTION_SENSOR_GetFullScale
                0x0000000008004bec       0x88 ./Drivers/BSP/IKS01A2/iks01a2_motion_sensors.o
                0x0000000008004bec                IKS01A2_MOTION_SENSOR_GetFullScale
 .text.LSM6DSL_0_Probe
                0x0000000008004c74      0x178 ./Drivers/BSP/IKS01A2/iks01a2_motion_sensors.o
 .text.LSM303AGR_ACC_0_Probe
                0x0000000008004dec      0x148 ./Drivers/BSP/IKS01A2/iks01a2_motion_sensors.o
 .text.LSM303AGR_MAG_0_Probe
                0x0000000008004f34      0x148 ./Drivers/BSP/IKS01A2/iks01a2_motion_sensors.o
 .text.HAL_Init
                0x000000000800507c       0x44 ./Drivers/STM32F4xx_HAL_Driver/Src/stm32f4xx_hal.o
                0x000000000800507c                HAL_Init
 .text.HAL_InitTick
                0x00000000080050c0       0x60 ./Drivers/STM32F4xx_HAL_Driver/Src/stm32f4xx_hal.o
                0x00000000080050c0                HAL_InitTick
 .text.HAL_IncTick
                0x0000000008005120       0x28 ./Drivers/STM32F4xx_HAL_Driver/Src/stm32f4xx_hal.o
                0x0000000008005120                HAL_IncTick
 .text.HAL_GetTick
                0x0000000008005148       0x18 ./Drivers/STM32F4xx_HAL_Driver/Src/stm32f4xx_hal.o
                0x0000000008005148                HAL_GetTick
 .text.__NVIC_SetPriorityGrouping
                0x0000000008005160       0x48 ./Drivers/STM32F4xx_HAL_Driver/Src/stm32f4xx_hal_cortex.o
 .text.__NVIC_GetPriorityGrouping
                0x00000000080051a8       0x1c ./Drivers/STM32F4xx_HAL_Driver/Src/stm32f4xx_hal_cortex.o
 .text.__NVIC_EnableIRQ
                0x00000000080051c4       0x3c ./Drivers/STM32F4xx_HAL_Driver/Src/stm32f4xx_hal_cortex.o
 .text.__NVIC_SetPriority
                0x0000000008005200       0x54 ./Drivers/STM32F4xx_HAL_Driver/Src/stm32f4xx_hal_cortex.o
 .text.NVIC_EncodePriority
                0x0000000008005254       0x66 ./Drivers/STM32F4xx_HAL_Driver/Src/stm32f4xx_hal_cortex.o
 *fill*         0x00000000080052ba        0x2 
 .text.SysTick_Config
                0x00000000080052bc       0x44 ./Drivers/STM32F4xx_HAL_Driver/Src/stm32f4xx_hal_cortex.o
 .text.HAL_NVIC_SetPriorityGrouping
                0x0000000008005300       0x16 ./Drivers/STM32F4xx_HAL_Driver/Src/stm32f4xx_hal_cortex.o
                0x0000000008005300                HAL_NVIC_SetPriorityGrouping
 .text.HAL_NVIC_SetPriority
                0x0000000008005316       0x38 ./Drivers/STM32F4xx_HAL_Driver/Src/stm32f4xx_hal_cortex.o
                0x0000000008005316                HAL_NVIC_SetPriority
 .text.HAL_NVIC_EnableIRQ
                0x000000000800534e       0x1c ./Drivers/STM32F4xx_HAL_Driver/Src/stm32f4xx_hal_cortex.o
                0x000000000800534e                HAL_NVIC_EnableIRQ
 .text.HAL_SYSTICK_Config
                0x000000000800536a       0x18 ./Drivers/STM32F4xx_HAL_Driver/Src/stm32f4xx_hal_cortex.o
                0x000000000800536a                HAL_SYSTICK_Config
 .text.HAL_DMA_Abort_IT
                0x0000000008005382       0x44 ./Drivers/STM32F4xx_HAL_Driver/Src/stm32f4xx_hal_dma.o
                0x0000000008005382                HAL_DMA_Abort_IT
 *fill*         0x00000000080053c6        0x2 
 .text.HAL_GPIO_Init
                0x00000000080053c8      0x308 ./Drivers/STM32F4xx_HAL_Driver/Src/stm32f4xx_hal_gpio.o
                0x00000000080053c8                HAL_GPIO_Init
 .text.HAL_GPIO_DeInit
                0x00000000080056d0      0x1c8 ./Drivers/STM32F4xx_HAL_Driver/Src/stm32f4xx_hal_gpio.o
                0x00000000080056d0                HAL_GPIO_DeInit
 .text.HAL_GPIO_WritePin
                0x0000000008005898       0x32 ./Drivers/STM32F4xx_HAL_Driver/Src/stm32f4xx_hal_gpio.o
                0x0000000008005898                HAL_GPIO_WritePin
 *fill*         0x00000000080058ca        0x2 
 .text.HAL_GPIO_EXTI_IRQHandler
                0x00000000080058cc       0x30 ./Drivers/STM32F4xx_HAL_Driver/Src/stm32f4xx_hal_gpio.o
                0x00000000080058cc                HAL_GPIO_EXTI_IRQHandler
 .text.HAL_I2C_Init
                0x00000000080058fc      0x288 ./Drivers/STM32F4xx_HAL_Driver/Src/stm32f4xx_hal_i2c.o
                0x00000000080058fc                HAL_I2C_Init
 .text.HAL_I2C_DeInit
                0x0000000008005b84       0x5e ./Drivers/STM32F4xx_HAL_Driver/Src/stm32f4xx_hal_i2c.o
                0x0000000008005b84                HAL_I2C_DeInit
 .text.HAL_I2C_MspInit
                0x0000000008005be2       0x14 ./Drivers/STM32F4xx_HAL_Driver/Src/stm32f4xx_hal_i2c.o
                0x0000000008005be2                HAL_I2C_MspInit
 .text.HAL_I2C_MspDeInit
                0x0000000008005bf6       0x14 ./Drivers/STM32F4xx_HAL_Driver/Src/stm32f4xx_hal_i2c.o
                0x0000000008005bf6                HAL_I2C_MspDeInit
 *fill*         0x0000000008005c0a        0x2 
 .text.HAL_I2C_Mem_Write
                0x0000000008005c0c      0x1f4 ./Drivers/STM32F4xx_HAL_Driver/Src/stm32f4xx_hal_i2c.o
                0x0000000008005c0c                HAL_I2C_Mem_Write
 .text.HAL_I2C_Mem_Read
                0x0000000008005e00      0x44c ./Drivers/STM32F4xx_HAL_Driver/Src/stm32f4xx_hal_i2c.o
                0x0000000008005e00                HAL_I2C_Mem_Read
 .text.HAL_I2C_GetState
                0x000000000800624c       0x1c ./Drivers/STM32F4xx_HAL_Driver/Src/stm32f4xx_hal_i2c.o
                0x000000000800624c                HAL_I2C_GetState
 .text.HAL_I2C_GetError
                0x0000000008006268       0x18 ./Drivers/STM32F4xx_HAL_Driver/Src/stm32f4xx_hal_i2c.o
                0x0000000008006268                HAL_I2C_GetError
 .text.I2C_RequestMemoryWrite
                0x0000000008006280      0x12c ./Drivers/STM32F4xx_HAL_Driver/Src/stm32f4xx_hal_i2c.o
 .text.I2C_RequestMemoryRead
                0x00000000080063ac      0x1d0 ./Drivers/STM32F4xx_HAL_Driver/Src/stm32f4xx_hal_i2c.o
 .text.I2C_WaitOnFlagUntilTimeout
                0x000000000800657c       0xae ./Drivers/STM32F4xx_HAL_Driver/Src/stm32f4xx_hal_i2c.o
 .text.I2C_WaitOnMasterAddressFlagUntilTimeout
                0x000000000800662a       0xfe ./Drivers/STM32F4xx_HAL_Driver/Src/stm32f4xx_hal_i2c.o
 .text.I2C_WaitOnTXEFlagUntilTimeout
                0x0000000008006728       0x82 ./Drivers/STM32F4xx_HAL_Driver/Src/stm32f4xx_hal_i2c.o
 .text.I2C_WaitOnBTFFlagUntilTimeout
                0x00000000080067aa       0x82 ./Drivers/STM32F4xx_HAL_Driver/Src/stm32f4xx_hal_i2c.o
 .text.I2C_WaitOnRXNEFlagUntilTimeout
                0x000000000800682c       0xac ./Drivers/STM32F4xx_HAL_Driver/Src/stm32f4xx_hal_i2c.o
 .text.I2C_IsAcknowledgeFailed
                0x00000000080068d8       0x5e ./Drivers/STM32F4xx_HAL_Driver/Src/stm32f4xx_hal_i2c.o
 *fill*         0x0000000008006936        0x2 
 .text.HAL_RCC_OscConfig
                0x0000000008006938      0x4e0 ./Drivers/STM32F4xx_HAL_Driver/Src/stm32f4xx_hal_rcc.o
                0x0000000008006938                HAL_RCC_OscConfig
 .text.HAL_RCC_ClockConfig
                0x0000000008006e18      0x1cc ./Drivers/STM32F4xx_HAL_Driver/Src/stm32f4xx_hal_rcc.o
                0x0000000008006e18                HAL_RCC_ClockConfig
 .text.HAL_RCC_GetSysClockFreq
                0x0000000008006fe4      0x1c4 ./Drivers/STM32F4xx_HAL_Driver/Src/stm32f4xx_hal_rcc.o
                0x0000000008006fe4                HAL_RCC_GetSysClockFreq
 .text.HAL_RCC_GetHCLKFreq
                0x00000000080071a8       0x18 ./Drivers/STM32F4xx_HAL_Driver/Src/stm32f4xx_hal_rcc.o
                0x00000000080071a8                HAL_RCC_GetHCLKFreq
 .text.HAL_RCC_GetPCLK1Freq
                0x00000000080071c0       0x28 ./Drivers/STM32F4xx_HAL_Driver/Src/stm32f4xx_hal_rcc.o
                0x00000000080071c0                HAL_RCC_GetPCLK1Freq
 .text.HAL_RCC_GetPCLK2Freq
                0x00000000080071e8       0x28 ./Drivers/STM32F4xx_HAL_Driver/Src/stm32f4xx_hal_rcc.o
                0x00000000080071e8                HAL_RCC_GetPCLK2Freq
 .text.HAL_TIM_Base_Init
                0x0000000008007210       0x56 ./Drivers/STM32F4xx_HAL_Driver/Src/stm32f4xx_hal_tim.o
                0x0000000008007210                HAL_TIM_Base_Init
 .text.HAL_TIM_Base_Start_IT
                0x0000000008007266       0x48 ./Drivers/STM32F4xx_HAL_Driver/Src/stm32f4xx_hal_tim.o
                0x0000000008007266                HAL_TIM_Base_Start_IT
 .text.HAL_TIM_IRQHandler
                0x00000000080072ae      0x210 ./Drivers/STM32F4xx_HAL_Driver/Src/stm32f4xx_hal_tim.o
                0x00000000080072ae                HAL_TIM_IRQHandler
 .text.HAL_TIM_OC_DelayElapsedCallback
                0x00000000080074be       0x14 ./Drivers/STM32F4xx_HAL_Driver/Src/stm32f4xx_hal_tim.o
                0x00000000080074be                HAL_TIM_OC_DelayElapsedCallback
 .text.HAL_TIM_IC_CaptureCallback
                0x00000000080074d2       0x14 ./Drivers/STM32F4xx_HAL_Driver/Src/stm32f4xx_hal_tim.o
                0x00000000080074d2                HAL_TIM_IC_CaptureCallback
 .text.HAL_TIM_PWM_PulseFinishedCallback
                0x00000000080074e6       0x14 ./Drivers/STM32F4xx_HAL_Driver/Src/stm32f4xx_hal_tim.o
                0x00000000080074e6                HAL_TIM_PWM_PulseFinishedCallback
 .text.HAL_TIM_TriggerCallback
                0x00000000080074fa       0x14 ./Drivers/STM32F4xx_HAL_Driver/Src/stm32f4xx_hal_tim.o
                0x00000000080074fa                HAL_TIM_TriggerCallback
 *fill*         0x000000000800750e        0x2 
 .text.TIM_Base_SetConfig
                0x0000000008007510      0x100 ./Drivers/STM32F4xx_HAL_Driver/Src/stm32f4xx_hal_tim.o
                0x0000000008007510                TIM_Base_SetConfig
 .text.HAL_TIMEx_CommutCallback
                0x0000000008007610       0x14 ./Drivers/STM32F4xx_HAL_Driver/Src/stm32f4xx_hal_tim_ex.o
                0x0000000008007610                HAL_TIMEx_CommutCallback
 .text.HAL_TIMEx_BreakCallback
                0x0000000008007624       0x14 ./Drivers/STM32F4xx_HAL_Driver/Src/stm32f4xx_hal_tim_ex.o
                0x0000000008007624                HAL_TIMEx_BreakCallback
 .text.HAL_UART_Init
                0x0000000008007638       0x9a ./Drivers/STM32F4xx_HAL_Driver/Src/stm32f4xx_hal_uart.o
                0x0000000008007638                HAL_UART_Init
 .text.HAL_UART_Transmit
                0x00000000080076d2      0x132 ./Drivers/STM32F4xx_HAL_Driver/Src/stm32f4xx_hal_uart.o
                0x00000000080076d2                HAL_UART_Transmit
 .text.HAL_UART_Receive
                0x0000000008007804      0x14c ./Drivers/STM32F4xx_HAL_Driver/Src/stm32f4xx_hal_uart.o
                0x0000000008007804                HAL_UART_Receive
 .text.HAL_UART_IRQHandler
                0x0000000008007950      0x200 ./Drivers/STM32F4xx_HAL_Driver/Src/stm32f4xx_hal_uart.o
                0x0000000008007950                HAL_UART_IRQHandler
 .text.HAL_UART_TxCpltCallback
                0x0000000008007b50       0x14 ./Drivers/STM32F4xx_HAL_Driver/Src/stm32f4xx_hal_uart.o
                0x0000000008007b50                HAL_UART_TxCpltCallback
 .text.HAL_UART_RxCpltCallback
                0x0000000008007b64       0x14 ./Drivers/STM32F4xx_HAL_Driver/Src/stm32f4xx_hal_uart.o
                0x0000000008007b64                HAL_UART_RxCpltCallback
 .text.HAL_UART_ErrorCallback
                0x0000000008007b78       0x14 ./Drivers/STM32F4xx_HAL_Driver/Src/stm32f4xx_hal_uart.o
                0x0000000008007b78                HAL_UART_ErrorCallback
 .text.HAL_UART_GetState
                0x0000000008007b8c       0x3c ./Drivers/STM32F4xx_HAL_Driver/Src/stm32f4xx_hal_uart.o
                0x0000000008007b8c                HAL_UART_GetState
 .text.UART_WaitOnFlagUntilTimeout
                0x0000000008007bc8       0x94 ./Drivers/STM32F4xx_HAL_Driver/Src/stm32f4xx_hal_uart.o
 .text.UART_EndRxTransfer
                0x0000000008007c5c       0x3c ./Drivers/STM32F4xx_HAL_Driver/Src/stm32f4xx_hal_uart.o
 .text.UART_DMAAbortOnError
                0x0000000008007c98       0x28 ./Drivers/STM32F4xx_HAL_Driver/Src/stm32f4xx_hal_uart.o
 .text.UART_Transmit_IT
                0x0000000008007cc0       0xac ./Drivers/STM32F4xx_HAL_Driver/Src/stm32f4xx_hal_uart.o
 .text.UART_EndTransmit_IT
                0x0000000008007d6c       0x30 ./Drivers/STM32F4xx_HAL_Driver/Src/stm32f4xx_hal_uart.o
 .text.UART_Receive_IT
                0x0000000008007d9c      0x102 ./Drivers/STM32F4xx_HAL_Driver/Src/stm32f4xx_hal_uart.o
 *fill*         0x0000000008007e9e        0x2 
 .text.UART_SetConfig
                0x0000000008007ea0      0x738 ./Drivers/STM32F4xx_HAL_Driver/Src/stm32f4xx_hal_uart.o
 .text.__errno  0x00000000080085d8        0xc c:/program files (x86)/stm32cubeide/stm32cubeide_1.7.0/stm32cubeide/plugins/com.st.stm32cube.ide.mcu.externaltools.gnu-tools-for-stm32.9-2020-q2-update.win32_2.0.0.202105311346/tools/bin/../lib/gcc/arm-none-eabi/9.3.1/../../../../arm-none-eabi/lib/thumb/v7e-m+fp/hard\libc_nano.a(lib_a-errno.o)
                0x00000000080085d8                __errno
 .text.__libc_init_array
                0x00000000080085e4       0x48 c:/program files (x86)/stm32cubeide/stm32cubeide_1.7.0/stm32cubeide/plugins/com.st.stm32cube.ide.mcu.externaltools.gnu-tools-for-stm32.9-2020-q2-update.win32_2.0.0.202105311346/tools/bin/../lib/gcc/arm-none-eabi/9.3.1/../../../../arm-none-eabi/lib/thumb/v7e-m+fp/hard\libc_nano.a(lib_a-init.o)
                0x00000000080085e4                __libc_init_array
 .text.memset   0x000000000800862c       0x10 c:/program files (x86)/stm32cubeide/stm32cubeide_1.7.0/stm32cubeide/plugins/com.st.stm32cube.ide.mcu.externaltools.gnu-tools-for-stm32.9-2020-q2-update.win32_2.0.0.202105311346/tools/bin/../lib/gcc/arm-none-eabi/9.3.1/../../../../arm-none-eabi/lib/thumb/v7e-m+fp/hard\libc_nano.a(lib_a-memset.o)
                0x000000000800862c                memset
 .text.__cvt    0x000000000800863c       0xc4 c:/program files (x86)/stm32cubeide/stm32cubeide_1.7.0/stm32cubeide/plugins/com.st.stm32cube.ide.mcu.externaltools.gnu-tools-for-stm32.9-2020-q2-update.win32_2.0.0.202105311346/tools/bin/../lib/gcc/arm-none-eabi/9.3.1/../../../../arm-none-eabi/lib/thumb/v7e-m+fp/hard\libc_nano.a(lib_a-nano-vfprintf_float.o)
                0x000000000800863c                __cvt
 .text.__exponent
                0x0000000008008700       0x7c c:/program files (x86)/stm32cubeide/stm32cubeide_1.7.0/stm32cubeide/plugins/com.st.stm32cube.ide.mcu.externaltools.gnu-tools-for-stm32.9-2020-q2-update.win32_2.0.0.202105311346/tools/bin/../lib/gcc/arm-none-eabi/9.3.1/../../../../arm-none-eabi/lib/thumb/v7e-m+fp/hard\libc_nano.a(lib_a-nano-vfprintf_float.o)
                0x0000000008008700                __exponent
 .text._printf_float
                0x000000000800877c      0x46c c:/program files (x86)/stm32cubeide/stm32cubeide_1.7.0/stm32cubeide/plugins/com.st.stm32cube.ide.mcu.externaltools.gnu-tools-for-stm32.9-2020-q2-update.win32_2.0.0.202105311346/tools/bin/../lib/gcc/arm-none-eabi/9.3.1/../../../../arm-none-eabi/lib/thumb/v7e-m+fp/hard\libc_nano.a(lib_a-nano-vfprintf_float.o)
                0x000000000800877c                _printf_float
 .text._printf_common
                0x0000000008008be8       0xda c:/program files (x86)/stm32cubeide/stm32cubeide_1.7.0/stm32cubeide/plugins/com.st.stm32cube.ide.mcu.externaltools.gnu-tools-for-stm32.9-2020-q2-update.win32_2.0.0.202105311346/tools/bin/../lib/gcc/arm-none-eabi/9.3.1/../../../../arm-none-eabi/lib/thumb/v7e-m+fp/hard\libc_nano.a(lib_a-nano-vfprintf_i.o)
                0x0000000008008be8                _printf_common
 *fill*         0x0000000008008cc2        0x2 
 .text._printf_i
                0x0000000008008cc4      0x24c c:/program files (x86)/stm32cubeide/stm32cubeide_1.7.0/stm32cubeide/plugins/com.st.stm32cube.ide.mcu.externaltools.gnu-tools-for-stm32.9-2020-q2-update.win32_2.0.0.202105311346/tools/bin/../lib/gcc/arm-none-eabi/9.3.1/../../../../arm-none-eabi/lib/thumb/v7e-m+fp/hard\libc_nano.a(lib_a-nano-vfprintf_i.o)
                0x0000000008008cc4                _printf_i
 .text.snprintf
                0x0000000008008f10       0x68 c:/program files (x86)/stm32cubeide/stm32cubeide_1.7.0/stm32cubeide/plugins/com.st.stm32cube.ide.mcu.externaltools.gnu-tools-for-stm32.9-2020-q2-update.win32_2.0.0.202105311346/tools/bin/../lib/gcc/arm-none-eabi/9.3.1/../../../../arm-none-eabi/lib/thumb/v7e-m+fp/hard\libc_nano.a(lib_a-snprintf.o)
                0x0000000008008f10                sniprintf
                0x0000000008008f10                snprintf
 .text.quorem   0x0000000008008f78      0x116 c:/program files (x86)/stm32cubeide/stm32cubeide_1.7.0/stm32cubeide/plugins/com.st.stm32cube.ide.mcu.externaltools.gnu-tools-for-stm32.9-2020-q2-update.win32_2.0.0.202105311346/tools/bin/../lib/gcc/arm-none-eabi/9.3.1/../../../../arm-none-eabi/lib/thumb/v7e-m+fp/hard\libc_nano.a(lib_a-dtoa.o)
 *fill*         0x000000000800908e        0x2 
 .text._dtoa_r  0x0000000008009090      0xbd8 c:/program files (x86)/stm32cubeide/stm32cubeide_1.7.0/stm32cubeide/plugins/com.st.stm32cube.ide.mcu.externaltools.gnu-tools-for-stm32.9-2020-q2-update.win32_2.0.0.202105311346/tools/bin/../lib/gcc/arm-none-eabi/9.3.1/../../../../arm-none-eabi/lib/thumb/v7e-m+fp/hard\libc_nano.a(lib_a-dtoa.o)
                0x0000000008009090                _dtoa_r
 .text._localeconv_r
                0x0000000008009c68        0x8 c:/program files (x86)/stm32cubeide/stm32cubeide_1.7.0/stm32cubeide/plugins/com.st.stm32cube.ide.mcu.externaltools.gnu-tools-for-stm32.9-2020-q2-update.win32_2.0.0.202105311346/tools/bin/../lib/gcc/arm-none-eabi/9.3.1/../../../../arm-none-eabi/lib/thumb/v7e-m+fp/hard\libc_nano.a(lib_a-localeconv.o)
                0x0000000008009c68                _localeconv_r
 .text.malloc   0x0000000008009c70       0x10 c:/program files (x86)/stm32cubeide/stm32cubeide_1.7.0/stm32cubeide/plugins/com.st.stm32cube.ide.mcu.externaltools.gnu-tools-for-stm32.9-2020-q2-update.win32_2.0.0.202105311346/tools/bin/../lib/gcc/arm-none-eabi/9.3.1/../../../../arm-none-eabi/lib/thumb/v7e-m+fp/hard\libc_nano.a(lib_a-malloc.o)
                0x0000000008009c70                malloc
 .text.memcpy   0x0000000008009c80       0x1c c:/program files (x86)/stm32cubeide/stm32cubeide_1.7.0/stm32cubeide/plugins/com.st.stm32cube.ide.mcu.externaltools.gnu-tools-for-stm32.9-2020-q2-update.win32_2.0.0.202105311346/tools/bin/../lib/gcc/arm-none-eabi/9.3.1/../../../../arm-none-eabi/lib/thumb/v7e-m+fp/hard\libc_nano.a(lib_a-memcpy-stub.o)
                0x0000000008009c80                memcpy
 .text._Balloc  0x0000000008009c9c       0x80 c:/program files (x86)/stm32cubeide/stm32cubeide_1.7.0/stm32cubeide/plugins/com.st.stm32cube.ide.mcu.externaltools.gnu-tools-for-stm32.9-2020-q2-update.win32_2.0.0.202105311346/tools/bin/../lib/gcc/arm-none-eabi/9.3.1/../../../../arm-none-eabi/lib/thumb/v7e-m+fp/hard\libc_nano.a(lib_a-mprec.o)
                0x0000000008009c9c                _Balloc
 .text._Bfree   0x0000000008009d1c       0x44 c:/program files (x86)/stm32cubeide/stm32cubeide_1.7.0/stm32cubeide/plugins/com.st.stm32cube.ide.mcu.externaltools.gnu-tools-for-stm32.9-2020-q2-update.win32_2.0.0.202105311346/tools/bin/../lib/gcc/arm-none-eabi/9.3.1/../../../../arm-none-eabi/lib/thumb/v7e-m+fp/hard\libc_nano.a(lib_a-mprec.o)
                0x0000000008009d1c                _Bfree
 .text.__multadd
                0x0000000008009d60       0x94 c:/program files (x86)/stm32cubeide/stm32cubeide_1.7.0/stm32cubeide/plugins/com.st.stm32cube.ide.mcu.externaltools.gnu-tools-for-stm32.9-2020-q2-update.win32_2.0.0.202105311346/tools/bin/../lib/gcc/arm-none-eabi/9.3.1/../../../../arm-none-eabi/lib/thumb/v7e-m+fp/hard\libc_nano.a(lib_a-mprec.o)
                0x0000000008009d60                __multadd
 .text.__hi0bits
                0x0000000008009df4       0x40 c:/program files (x86)/stm32cubeide/stm32cubeide_1.7.0/stm32cubeide/plugins/com.st.stm32cube.ide.mcu.externaltools.gnu-tools-for-stm32.9-2020-q2-update.win32_2.0.0.202105311346/tools/bin/../lib/gcc/arm-none-eabi/9.3.1/../../../../arm-none-eabi/lib/thumb/v7e-m+fp/hard\libc_nano.a(lib_a-mprec.o)
                0x0000000008009df4                __hi0bits
 .text.__lo0bits
                0x0000000008009e34       0x60 c:/program files (x86)/stm32cubeide/stm32cubeide_1.7.0/stm32cubeide/plugins/com.st.stm32cube.ide.mcu.externaltools.gnu-tools-for-stm32.9-2020-q2-update.win32_2.0.0.202105311346/tools/bin/../lib/gcc/arm-none-eabi/9.3.1/../../../../arm-none-eabi/lib/thumb/v7e-m+fp/hard\libc_nano.a(lib_a-mprec.o)
                0x0000000008009e34                __lo0bits
 .text.__i2b    0x0000000008009e94       0x2c c:/program files (x86)/stm32cubeide/stm32cubeide_1.7.0/stm32cubeide/plugins/com.st.stm32cube.ide.mcu.externaltools.gnu-tools-for-stm32.9-2020-q2-update.win32_2.0.0.202105311346/tools/bin/../lib/gcc/arm-none-eabi/9.3.1/../../../../arm-none-eabi/lib/thumb/v7e-m+fp/hard\libc_nano.a(lib_a-mprec.o)
                0x0000000008009e94                __i2b
 .text.__multiply
                0x0000000008009ec0      0x14c c:/program files (x86)/stm32cubeide/stm32cubeide_1.7.0/stm32cubeide/plugins/com.st.stm32cube.ide.mcu.externaltools.gnu-tools-for-stm32.9-2020-q2-update.win32_2.0.0.202105311346/tools/bin/../lib/gcc/arm-none-eabi/9.3.1/../../../../arm-none-eabi/lib/thumb/v7e-m+fp/hard\libc_nano.a(lib_a-mprec.o)
                0x0000000008009ec0                __multiply
 .text.__pow5mult
                0x000000000800a00c       0xb4 c:/program files (x86)/stm32cubeide/stm32cubeide_1.7.0/stm32cubeide/plugins/com.st.stm32cube.ide.mcu.externaltools.gnu-tools-for-stm32.9-2020-q2-update.win32_2.0.0.202105311346/tools/bin/../lib/gcc/arm-none-eabi/9.3.1/../../../../arm-none-eabi/lib/thumb/v7e-m+fp/hard\libc_nano.a(lib_a-mprec.o)
                0x000000000800a00c                __pow5mult
 .text.__lshift
                0x000000000800a0c0       0xd8 c:/program files (x86)/stm32cubeide/stm32cubeide_1.7.0/stm32cubeide/plugins/com.st.stm32cube.ide.mcu.externaltools.gnu-tools-for-stm32.9-2020-q2-update.win32_2.0.0.202105311346/tools/bin/../lib/gcc/arm-none-eabi/9.3.1/../../../../arm-none-eabi/lib/thumb/v7e-m+fp/hard\libc_nano.a(lib_a-mprec.o)
                0x000000000800a0c0                __lshift
 .text.__mcmp   0x000000000800a198       0x38 c:/program files (x86)/stm32cubeide/stm32cubeide_1.7.0/stm32cubeide/plugins/com.st.stm32cube.ide.mcu.externaltools.gnu-tools-for-stm32.9-2020-q2-update.win32_2.0.0.202105311346/tools/bin/../lib/gcc/arm-none-eabi/9.3.1/../../../../arm-none-eabi/lib/thumb/v7e-m+fp/hard\libc_nano.a(lib_a-mprec.o)
                0x000000000800a198                __mcmp
 .text.__mdiff  0x000000000800a1d0      0x110 c:/program files (x86)/stm32cubeide/stm32cubeide_1.7.0/stm32cubeide/plugins/com.st.stm32cube.ide.mcu.externaltools.gnu-tools-for-stm32.9-2020-q2-update.win32_2.0.0.202105311346/tools/bin/../lib/gcc/arm-none-eabi/9.3.1/../../../../arm-none-eabi/lib/thumb/v7e-m+fp/hard\libc_nano.a(lib_a-mprec.o)
                0x000000000800a1d0                __mdiff
 .text.__d2b    0x000000000800a2e0       0xb8 c:/program files (x86)/stm32cubeide/stm32cubeide_1.7.0/stm32cubeide/plugins/com.st.stm32cube.ide.mcu.externaltools.gnu-tools-for-stm32.9-2020-q2-update.win32_2.0.0.202105311346/tools/bin/../lib/gcc/arm-none-eabi/9.3.1/../../../../arm-none-eabi/lib/thumb/v7e-m+fp/hard\libc_nano.a(lib_a-mprec.o)
                0x000000000800a2e0                __d2b
 .text._calloc_r
                0x000000000800a398       0x1e c:/program files (x86)/stm32cubeide/stm32cubeide_1.7.0/stm32cubeide/plugins/com.st.stm32cube.ide.mcu.externaltools.gnu-tools-for-stm32.9-2020-q2-update.win32_2.0.0.202105311346/tools/bin/../lib/gcc/arm-none-eabi/9.3.1/../../../../arm-none-eabi/lib/thumb/v7e-m+fp/hard\libc_nano.a(lib_a-nano-callocr.o)
                0x000000000800a398                _calloc_r
 *fill*         0x000000000800a3b6        0x2 
 .text._free_r  0x000000000800a3b8       0xa0 c:/program files (x86)/stm32cubeide/stm32cubeide_1.7.0/stm32cubeide/plugins/com.st.stm32cube.ide.mcu.externaltools.gnu-tools-for-stm32.9-2020-q2-update.win32_2.0.0.202105311346/tools/bin/../lib/gcc/arm-none-eabi/9.3.1/../../../../arm-none-eabi/lib/thumb/v7e-m+fp/hard\libc_nano.a(lib_a-nano-freer.o)
                0x000000000800a3b8                _free_r
 .text._malloc_r
                0x000000000800a458       0xb4 c:/program files (x86)/stm32cubeide/stm32cubeide_1.7.0/stm32cubeide/plugins/com.st.stm32cube.ide.mcu.externaltools.gnu-tools-for-stm32.9-2020-q2-update.win32_2.0.0.202105311346/tools/bin/../lib/gcc/arm-none-eabi/9.3.1/../../../../arm-none-eabi/lib/thumb/v7e-m+fp/hard\libc_nano.a(lib_a-nano-mallocr.o)
                0x000000000800a458                _malloc_r
 .text.__ssputs_r
                0x000000000800a50c       0xb6 c:/program files (x86)/stm32cubeide/stm32cubeide_1.7.0/stm32cubeide/plugins/com.st.stm32cube.ide.mcu.externaltools.gnu-tools-for-stm32.9-2020-q2-update.win32_2.0.0.202105311346/tools/bin/../lib/gcc/arm-none-eabi/9.3.1/../../../../arm-none-eabi/lib/thumb/v7e-m+fp/hard\libc_nano.a(lib_a-nano-svfprintf.o)
                0x000000000800a50c                __ssputs_r
 *fill*         0x000000000800a5c2        0x2 
 .text._svfprintf_r
                0x000000000800a5c4      0x200 c:/program files (x86)/stm32cubeide/stm32cubeide_1.7.0/stm32cubeide/plugins/com.st.stm32cube.ide.mcu.externaltools.gnu-tools-for-stm32.9-2020-q2-update.win32_2.0.0.202105311346/tools/bin/../lib/gcc/arm-none-eabi/9.3.1/../../../../arm-none-eabi/lib/thumb/v7e-m+fp/hard\libc_nano.a(lib_a-nano-svfprintf.o)
                0x000000000800a5c4                _svfiprintf_r
                0x000000000800a5c4                _svfprintf_r
 .text._sbrk_r  0x000000000800a7c4       0x20 c:/program files (x86)/stm32cubeide/stm32cubeide_1.7.0/stm32cubeide/plugins/com.st.stm32cube.ide.mcu.externaltools.gnu-tools-for-stm32.9-2020-q2-update.win32_2.0.0.202105311346/tools/bin/../lib/gcc/arm-none-eabi/9.3.1/../../../../arm-none-eabi/lib/thumb/v7e-m+fp/hard\libc_nano.a(lib_a-sbrkr.o)
                0x000000000800a7c4                _sbrk_r
 .text.__assert_func
                0x000000000800a7e4       0x3c c:/program files (x86)/stm32cubeide/stm32cubeide_1.7.0/stm32cubeide/plugins/com.st.stm32cube.ide.mcu.externaltools.gnu-tools-for-stm32.9-2020-q2-update.win32_2.0.0.202105311346/tools/bin/../lib/gcc/arm-none-eabi/9.3.1/../../../../arm-none-eabi/lib/thumb/v7e-m+fp/hard\libc_nano.a(lib_a-assert.o)
                0x000000000800a7e4                __assert_func
 .text.fprintf  0x000000000800a820       0x24 c:/program files (x86)/stm32cubeide/stm32cubeide_1.7.0/stm32cubeide/plugins/com.st.stm32cube.ide.mcu.externaltools.gnu-tools-for-stm32.9-2020-q2-update.win32_2.0.0.202105311346/tools/bin/../lib/gcc/arm-none-eabi/9.3.1/../../../../arm-none-eabi/lib/thumb/v7e-m+fp/hard\libc_nano.a(lib_a-fprintf.o)
                0x000000000800a820                fiprintf
                0x000000000800a820                fprintf
 .text.__ascii_mbtowc
                0x000000000800a844       0x24 c:/program files (x86)/stm32cubeide/stm32cubeide_1.7.0/stm32cubeide/plugins/com.st.stm32cube.ide.mcu.externaltools.gnu-tools-for-stm32.9-2020-q2-update.win32_2.0.0.202105311346/tools/bin/../lib/gcc/arm-none-eabi/9.3.1/../../../../arm-none-eabi/lib/thumb/v7e-m+fp/hard\libc_nano.a(lib_a-mbtowc_r.o)
                0x000000000800a844                __ascii_mbtowc
 .text.memmove  0x000000000800a868       0x34 c:/program files (x86)/stm32cubeide/stm32cubeide_1.7.0/stm32cubeide/plugins/com.st.stm32cube.ide.mcu.externaltools.gnu-tools-for-stm32.9-2020-q2-update.win32_2.0.0.202105311346/tools/bin/../lib/gcc/arm-none-eabi/9.3.1/../../../../arm-none-eabi/lib/thumb/v7e-m+fp/hard\libc_nano.a(lib_a-memmove.o)
                0x000000000800a868                memmove
 .text.__malloc_lock
                0x000000000800a89c        0xc c:/program files (x86)/stm32cubeide/stm32cubeide_1.7.0/stm32cubeide/plugins/com.st.stm32cube.ide.mcu.externaltools.gnu-tools-for-stm32.9-2020-q2-update.win32_2.0.0.202105311346/tools/bin/../lib/gcc/arm-none-eabi/9.3.1/../../../../arm-none-eabi/lib/thumb/v7e-m+fp/hard\libc_nano.a(lib_a-mlock.o)
                0x000000000800a89c                __malloc_lock
 .text.__malloc_unlock
                0x000000000800a8a8        0xc c:/program files (x86)/stm32cubeide/stm32cubeide_1.7.0/stm32cubeide/plugins/com.st.stm32cube.ide.mcu.externaltools.gnu-tools-for-stm32.9-2020-q2-update.win32_2.0.0.202105311346/tools/bin/../lib/gcc/arm-none-eabi/9.3.1/../../../../arm-none-eabi/lib/thumb/v7e-m+fp/hard\libc_nano.a(lib_a-mlock.o)
                0x000000000800a8a8                __malloc_unlock
 .text._realloc_r
                0x000000000800a8b4       0x4c c:/program files (x86)/stm32cubeide/stm32cubeide_1.7.0/stm32cubeide/plugins/com.st.stm32cube.ide.mcu.externaltools.gnu-tools-for-stm32.9-2020-q2-update.win32_2.0.0.202105311346/tools/bin/../lib/gcc/arm-none-eabi/9.3.1/../../../../arm-none-eabi/lib/thumb/v7e-m+fp/hard\libc_nano.a(lib_a-nano-reallocr.o)
                0x000000000800a8b4                _realloc_r
 .text.__sfputc_r
                0x000000000800a900       0x2e c:/program files (x86)/stm32cubeide/stm32cubeide_1.7.0/stm32cubeide/plugins/com.st.stm32cube.ide.mcu.externaltools.gnu-tools-for-stm32.9-2020-q2-update.win32_2.0.0.202105311346/tools/bin/../lib/gcc/arm-none-eabi/9.3.1/../../../../arm-none-eabi/lib/thumb/v7e-m+fp/hard\libc_nano.a(lib_a-nano-vfprintf.o)
 .text.__sfputs_r
                0x000000000800a92e       0x24 c:/program files (x86)/stm32cubeide/stm32cubeide_1.7.0/stm32cubeide/plugins/com.st.stm32cube.ide.mcu.externaltools.gnu-tools-for-stm32.9-2020-q2-update.win32_2.0.0.202105311346/tools/bin/../lib/gcc/arm-none-eabi/9.3.1/../../../../arm-none-eabi/lib/thumb/v7e-m+fp/hard\libc_nano.a(lib_a-nano-vfprintf.o)
                0x000000000800a92e                __sfputs_r
 *fill*         0x000000000800a952        0x2 
 .text._vfprintf_r
                0x000000000800a954      0x260 c:/program files (x86)/stm32cubeide/stm32cubeide_1.7.0/stm32cubeide/plugins/com.st.stm32cube.ide.mcu.externaltools.gnu-tools-for-stm32.9-2020-q2-update.win32_2.0.0.202105311346/tools/bin/../lib/gcc/arm-none-eabi/9.3.1/../../../../arm-none-eabi/lib/thumb/v7e-m+fp/hard\libc_nano.a(lib_a-nano-vfprintf.o)
                0x000000000800a954                _vfprintf_r
                0x000000000800a954                _vfiprintf_r
 .text.__swbuf_r
                0x000000000800abb4       0xa4 c:/program files (x86)/stm32cubeide/stm32cubeide_1.7.0/stm32cubeide/plugins/com.st.stm32cube.ide.mcu.externaltools.gnu-tools-for-stm32.9-2020-q2-update.win32_2.0.0.202105311346/tools/bin/../lib/gcc/arm-none-eabi/9.3.1/../../../../arm-none-eabi/lib/thumb/v7e-m+fp/hard\libc_nano.a(lib_a-wbuf.o)
                0x000000000800abb4                __swbuf_r
 .text.__ascii_wctomb
                0x000000000800ac58       0x1a c:/program files (x86)/stm32cubeide/stm32cubeide_1.7.0/stm32cubeide/plugins/com.st.stm32cube.ide.mcu.externaltools.gnu-tools-for-stm32.9-2020-q2-update.win32_2.0.0.202105311346/tools/bin/../lib/gcc/arm-none-eabi/9.3.1/../../../../arm-none-eabi/lib/thumb/v7e-m+fp/hard\libc_nano.a(lib_a-wctomb_r.o)
                0x000000000800ac58                __ascii_wctomb
 *fill*         0x000000000800ac72        0x2 
 .text.__swsetup_r
                0x000000000800ac74       0xdc c:/program files (x86)/stm32cubeide/stm32cubeide_1.7.0/stm32cubeide/plugins/com.st.stm32cube.ide.mcu.externaltools.gnu-tools-for-stm32.9-2020-q2-update.win32_2.0.0.202105311346/tools/bin/../lib/gcc/arm-none-eabi/9.3.1/../../../../arm-none-eabi/lib/thumb/v7e-m+fp/hard\libc_nano.a(lib_a-wsetup.o)
                0x000000000800ac74                __swsetup_r
 .text.abort    0x000000000800ad50        0xe c:/program files (x86)/stm32cubeide/stm32cubeide_1.7.0/stm32cubeide/plugins/com.st.stm32cube.ide.mcu.externaltools.gnu-tools-for-stm32.9-2020-q2-update.win32_2.0.0.202105311346/tools/bin/../lib/gcc/arm-none-eabi/9.3.1/../../../../arm-none-eabi/lib/thumb/v7e-m+fp/hard\libc_nano.a(lib_a-abort.o)
                0x000000000800ad50                abort
 *fill*         0x000000000800ad5e        0x2 
 .text.__sflush_r
                0x000000000800ad60      0x10c c:/program files (x86)/stm32cubeide/stm32cubeide_1.7.0/stm32cubeide/plugins/com.st.stm32cube.ide.mcu.externaltools.gnu-tools-for-stm32.9-2020-q2-update.win32_2.0.0.202105311346/tools/bin/../lib/gcc/arm-none-eabi/9.3.1/../../../../arm-none-eabi/lib/thumb/v7e-m+fp/hard\libc_nano.a(lib_a-fflush.o)
                0x000000000800ad60                __sflush_r
 .text._fflush_r
                0x000000000800ae6c       0x78 c:/program files (x86)/stm32cubeide/stm32cubeide_1.7.0/stm32cubeide/plugins/com.st.stm32cube.ide.mcu.externaltools.gnu-tools-for-stm32.9-2020-q2-update.win32_2.0.0.202105311346/tools/bin/../lib/gcc/arm-none-eabi/9.3.1/../../../../arm-none-eabi/lib/thumb/v7e-m+fp/hard\libc_nano.a(lib_a-fflush.o)
                0x000000000800ae6c                _fflush_r
 .text.std      0x000000000800aee4       0x48 c:/program files (x86)/stm32cubeide/stm32cubeide_1.7.0/stm32cubeide/plugins/com.st.stm32cube.ide.mcu.externaltools.gnu-tools-for-stm32.9-2020-q2-update.win32_2.0.0.202105311346/tools/bin/../lib/gcc/arm-none-eabi/9.3.1/../../../../arm-none-eabi/lib/thumb/v7e-m+fp/hard\libc_nano.a(lib_a-findfp.o)
 .text._cleanup_r
                0x000000000800af2c        0xc c:/program files (x86)/stm32cubeide/stm32cubeide_1.7.0/stm32cubeide/plugins/com.st.stm32cube.ide.mcu.externaltools.gnu-tools-for-stm32.9-2020-q2-update.win32_2.0.0.202105311346/tools/bin/../lib/gcc/arm-none-eabi/9.3.1/../../../../arm-none-eabi/lib/thumb/v7e-m+fp/hard\libc_nano.a(lib_a-findfp.o)
                0x000000000800af2c                _cleanup_r
 .text.__sfmoreglue
                0x000000000800af38       0x2c c:/program files (x86)/stm32cubeide/stm32cubeide_1.7.0/stm32cubeide/plugins/com.st.stm32cube.ide.mcu.externaltools.gnu-tools-for-stm32.9-2020-q2-update.win32_2.0.0.202105311346/tools/bin/../lib/gcc/arm-none-eabi/9.3.1/../../../../arm-none-eabi/lib/thumb/v7e-m+fp/hard\libc_nano.a(lib_a-findfp.o)
                0x000000000800af38                __sfmoreglue
 .text.__sfp_lock_acquire
                0x000000000800af64        0xc c:/program files (x86)/stm32cubeide/stm32cubeide_1.7.0/stm32cubeide/plugins/com.st.stm32cube.ide.mcu.externaltools.gnu-tools-for-stm32.9-2020-q2-update.win32_2.0.0.202105311346/tools/bin/../lib/gcc/arm-none-eabi/9.3.1/../../../../arm-none-eabi/lib/thumb/v7e-m+fp/hard\libc_nano.a(lib_a-findfp.o)
                0x000000000800af64                __sfp_lock_acquire
 .text.__sfp_lock_release
                0x000000000800af70        0xc c:/program files (x86)/stm32cubeide/stm32cubeide_1.7.0/stm32cubeide/plugins/com.st.stm32cube.ide.mcu.externaltools.gnu-tools-for-stm32.9-2020-q2-update.win32_2.0.0.202105311346/tools/bin/../lib/gcc/arm-none-eabi/9.3.1/../../../../arm-none-eabi/lib/thumb/v7e-m+fp/hard\libc_nano.a(lib_a-findfp.o)
                0x000000000800af70                __sfp_lock_release
 .text.__sinit_lock_acquire
                0x000000000800af7c        0xc c:/program files (x86)/stm32cubeide/stm32cubeide_1.7.0/stm32cubeide/plugins/com.st.stm32cube.ide.mcu.externaltools.gnu-tools-for-stm32.9-2020-q2-update.win32_2.0.0.202105311346/tools/bin/../lib/gcc/arm-none-eabi/9.3.1/../../../../arm-none-eabi/lib/thumb/v7e-m+fp/hard\libc_nano.a(lib_a-findfp.o)
                0x000000000800af7c                __sinit_lock_acquire
 .text.__sinit_lock_release
                0x000000000800af88        0xc c:/program files (x86)/stm32cubeide/stm32cubeide_1.7.0/stm32cubeide/plugins/com.st.stm32cube.ide.mcu.externaltools.gnu-tools-for-stm32.9-2020-q2-update.win32_2.0.0.202105311346/tools/bin/../lib/gcc/arm-none-eabi/9.3.1/../../../../arm-none-eabi/lib/thumb/v7e-m+fp/hard\libc_nano.a(lib_a-findfp.o)
                0x000000000800af88                __sinit_lock_release
 .text.__sinit  0x000000000800af94       0x70 c:/program files (x86)/stm32cubeide/stm32cubeide_1.7.0/stm32cubeide/plugins/com.st.stm32cube.ide.mcu.externaltools.gnu-tools-for-stm32.9-2020-q2-update.win32_2.0.0.202105311346/tools/bin/../lib/gcc/arm-none-eabi/9.3.1/../../../../arm-none-eabi/lib/thumb/v7e-m+fp/hard\libc_nano.a(lib_a-findfp.o)
                0x000000000800af94                __sinit
 .text.__sfp    0x000000000800b004       0x8c c:/program files (x86)/stm32cubeide/stm32cubeide_1.7.0/stm32cubeide/plugins/com.st.stm32cube.ide.mcu.externaltools.gnu-tools-for-stm32.9-2020-q2-update.win32_2.0.0.202105311346/tools/bin/../lib/gcc/arm-none-eabi/9.3.1/../../../../arm-none-eabi/lib/thumb/v7e-m+fp/hard\libc_nano.a(lib_a-findfp.o)
                0x000000000800b004                __sfp
 .text._fwalk_reent
                0x000000000800b090       0x3e c:/program files (x86)/stm32cubeide/stm32cubeide_1.7.0/stm32cubeide/plugins/com.st.stm32cube.ide.mcu.externaltools.gnu-tools-for-stm32.9-2020-q2-update.win32_2.0.0.202105311346/tools/bin/../lib/gcc/arm-none-eabi/9.3.1/../../../../arm-none-eabi/lib/thumb/v7e-m+fp/hard\libc_nano.a(lib_a-fwalk.o)
                0x000000000800b090                _fwalk_reent
 .text.__retarget_lock_init_recursive
                0x000000000800b0ce        0x2 c:/program files (x86)/stm32cubeide/stm32cubeide_1.7.0/stm32cubeide/plugins/com.st.stm32cube.ide.mcu.externaltools.gnu-tools-for-stm32.9-2020-q2-update.win32_2.0.0.202105311346/tools/bin/../lib/gcc/arm-none-eabi/9.3.1/../../../../arm-none-eabi/lib/thumb/v7e-m+fp/hard\libc_nano.a(lib_a-lock.o)
                0x000000000800b0ce                __retarget_lock_init_recursive
 .text.__retarget_lock_acquire_recursive
                0x000000000800b0d0        0x2 c:/program files (x86)/stm32cubeide/stm32cubeide_1.7.0/stm32cubeide/plugins/com.st.stm32cube.ide.mcu.externaltools.gnu-tools-for-stm32.9-2020-q2-update.win32_2.0.0.202105311346/tools/bin/../lib/gcc/arm-none-eabi/9.3.1/../../../../arm-none-eabi/lib/thumb/v7e-m+fp/hard\libc_nano.a(lib_a-lock.o)
                0x000000000800b0d0                __retarget_lock_acquire_recursive
 .text.__retarget_lock_release_recursive
                0x000000000800b0d2        0x2 c:/program files (x86)/stm32cubeide/stm32cubeide_1.7.0/stm32cubeide/plugins/com.st.stm32cube.ide.mcu.externaltools.gnu-tools-for-stm32.9-2020-q2-update.win32_2.0.0.202105311346/tools/bin/../lib/gcc/arm-none-eabi/9.3.1/../../../../arm-none-eabi/lib/thumb/v7e-m+fp/hard\libc_nano.a(lib_a-lock.o)
                0x000000000800b0d2                __retarget_lock_release_recursive
 .text.__swhatbuf_r
                0x000000000800b0d4       0x48 c:/program files (x86)/stm32cubeide/stm32cubeide_1.7.0/stm32cubeide/plugins/com.st.stm32cube.ide.mcu.externaltools.gnu-tools-for-stm32.9-2020-q2-update.win32_2.0.0.202105311346/tools/bin/../lib/gcc/arm-none-eabi/9.3.1/../../../../arm-none-eabi/lib/thumb/v7e-m+fp/hard\libc_nano.a(lib_a-makebuf.o)
                0x000000000800b0d4                __swhatbuf_r
 .text.__smakebuf_r
                0x000000000800b11c       0x80 c:/program files (x86)/stm32cubeide/stm32cubeide_1.7.0/stm32cubeide/plugins/com.st.stm32cube.ide.mcu.externaltools.gnu-tools-for-stm32.9-2020-q2-update.win32_2.0.0.202105311346/tools/bin/../lib/gcc/arm-none-eabi/9.3.1/../../../../arm-none-eabi/lib/thumb/v7e-m+fp/hard\libc_nano.a(lib_a-makebuf.o)
                0x000000000800b11c                __smakebuf_r
 .text._malloc_usable_size_r
                0x000000000800b19c       0x10 c:/program files (x86)/stm32cubeide/stm32cubeide_1.7.0/stm32cubeide/plugins/com.st.stm32cube.ide.mcu.externaltools.gnu-tools-for-stm32.9-2020-q2-update.win32_2.0.0.202105311346/tools/bin/../lib/gcc/arm-none-eabi/9.3.1/../../../../arm-none-eabi/lib/thumb/v7e-m+fp/hard\libc_nano.a(lib_a-nano-msizer.o)
                0x000000000800b19c                _malloc_usable_size_r
 .text._raise_r
                0x000000000800b1ac       0x50 c:/program files (x86)/stm32cubeide/stm32cubeide_1.7.0/stm32cubeide/plugins/com.st.stm32cube.ide.mcu.externaltools.gnu-tools-for-stm32.9-2020-q2-update.win32_2.0.0.202105311346/tools/bin/../lib/gcc/arm-none-eabi/9.3.1/../../../../arm-none-eabi/lib/thumb/v7e-m+fp/hard\libc_nano.a(lib_a-signal.o)
                0x000000000800b1ac                _raise_r
 .text.raise    0x000000000800b1fc       0x10 c:/program files (x86)/stm32cubeide/stm32cubeide_1.7.0/stm32cubeide/plugins/com.st.stm32cube.ide.mcu.externaltools.gnu-tools-for-stm32.9-2020-q2-update.win32_2.0.0.202105311346/tools/bin/../lib/gcc/arm-none-eabi/9.3.1/../../../../arm-none-eabi/lib/thumb/v7e-m+fp/hard\libc_nano.a(lib_a-signal.o)
                0x000000000800b1fc                raise
 .text._kill_r  0x000000000800b20c       0x24 c:/program files (x86)/stm32cubeide/stm32cubeide_1.7.0/stm32cubeide/plugins/com.st.stm32cube.ide.mcu.externaltools.gnu-tools-for-stm32.9-2020-q2-update.win32_2.0.0.202105311346/tools/bin/../lib/gcc/arm-none-eabi/9.3.1/../../../../arm-none-eabi/lib/thumb/v7e-m+fp/hard\libc_nano.a(lib_a-signalr.o)
                0x000000000800b20c                _kill_r
 .text._getpid_r
                0x000000000800b230        0x4 c:/program files (x86)/stm32cubeide/stm32cubeide_1.7.0/stm32cubeide/plugins/com.st.stm32cube.ide.mcu.externaltools.gnu-tools-for-stm32.9-2020-q2-update.win32_2.0.0.202105311346/tools/bin/../lib/gcc/arm-none-eabi/9.3.1/../../../../arm-none-eabi/lib/thumb/v7e-m+fp/hard\libc_nano.a(lib_a-signalr.o)
                0x000000000800b230                _getpid_r
 .text.__sread  0x000000000800b234       0x22 c:/program files (x86)/stm32cubeide/stm32cubeide_1.7.0/stm32cubeide/plugins/com.st.stm32cube.ide.mcu.externaltools.gnu-tools-for-stm32.9-2020-q2-update.win32_2.0.0.202105311346/tools/bin/../lib/gcc/arm-none-eabi/9.3.1/../../../../arm-none-eabi/lib/thumb/v7e-m+fp/hard\libc_nano.a(lib_a-stdio.o)
                0x000000000800b234                __sread
 .text.__swrite
                0x000000000800b256       0x38 c:/program files (x86)/stm32cubeide/stm32cubeide_1.7.0/stm32cubeide/plugins/com.st.stm32cube.ide.mcu.externaltools.gnu-tools-for-stm32.9-2020-q2-update.win32_2.0.0.202105311346/tools/bin/../lib/gcc/arm-none-eabi/9.3.1/../../../../arm-none-eabi/lib/thumb/v7e-m+fp/hard\libc_nano.a(lib_a-stdio.o)
                0x000000000800b256                __swrite
 .text.__sseek  0x000000000800b28e       0x24 c:/program files (x86)/stm32cubeide/stm32cubeide_1.7.0/stm32cubeide/plugins/com.st.stm32cube.ide.mcu.externaltools.gnu-tools-for-stm32.9-2020-q2-update.win32_2.0.0.202105311346/tools/bin/../lib/gcc/arm-none-eabi/9.3.1/../../../../arm-none-eabi/lib/thumb/v7e-m+fp/hard\libc_nano.a(lib_a-stdio.o)
                0x000000000800b28e                __sseek
 .text.__sclose
                0x000000000800b2b2        0x8 c:/program files (x86)/stm32cubeide/stm32cubeide_1.7.0/stm32cubeide/plugins/com.st.stm32cube.ide.mcu.externaltools.gnu-tools-for-stm32.9-2020-q2-update.win32_2.0.0.202105311346/tools/bin/../lib/gcc/arm-none-eabi/9.3.1/../../../../arm-none-eabi/lib/thumb/v7e-m+fp/hard\libc_nano.a(lib_a-stdio.o)
                0x000000000800b2b2                __sclose
 *fill*         0x000000000800b2ba        0x2 
 .text._write_r
                0x000000000800b2bc       0x24 c:/program files (x86)/stm32cubeide/stm32cubeide_1.7.0/stm32cubeide/plugins/com.st.stm32cube.ide.mcu.externaltools.gnu-tools-for-stm32.9-2020-q2-update.win32_2.0.0.202105311346/tools/bin/../lib/gcc/arm-none-eabi/9.3.1/../../../../arm-none-eabi/lib/thumb/v7e-m+fp/hard\libc_nano.a(lib_a-writer.o)
                0x000000000800b2bc                _write_r
 .text._close_r
                0x000000000800b2e0       0x20 c:/program files (x86)/stm32cubeide/stm32cubeide_1.7.0/stm32cubeide/plugins/com.st.stm32cube.ide.mcu.externaltools.gnu-tools-for-stm32.9-2020-q2-update.win32_2.0.0.202105311346/tools/bin/../lib/gcc/arm-none-eabi/9.3.1/../../../../arm-none-eabi/lib/thumb/v7e-m+fp/hard\libc_nano.a(lib_a-closer.o)
                0x000000000800b2e0                _close_r
 .text._fstat_r
                0x000000000800b300       0x24 c:/program files (x86)/stm32cubeide/stm32cubeide_1.7.0/stm32cubeide/plugins/com.st.stm32cube.ide.mcu.externaltools.gnu-tools-for-stm32.9-2020-q2-update.win32_2.0.0.202105311346/tools/bin/../lib/gcc/arm-none-eabi/9.3.1/../../../../arm-none-eabi/lib/thumb/v7e-m+fp/hard\libc_nano.a(lib_a-fstatr.o)
                0x000000000800b300                _fstat_r
 .text._isatty_r
                0x000000000800b324       0x20 c:/program files (x86)/stm32cubeide/stm32cubeide_1.7.0/stm32cubeide/plugins/com.st.stm32cube.ide.mcu.externaltools.gnu-tools-for-stm32.9-2020-q2-update.win32_2.0.0.202105311346/tools/bin/../lib/gcc/arm-none-eabi/9.3.1/../../../../arm-none-eabi/lib/thumb/v7e-m+fp/hard\libc_nano.a(lib_a-isattyr.o)
                0x000000000800b324                _isatty_r
 .text._lseek_r
                0x000000000800b344       0x24 c:/program files (x86)/stm32cubeide/stm32cubeide_1.7.0/stm32cubeide/plugins/com.st.stm32cube.ide.mcu.externaltools.gnu-tools-for-stm32.9-2020-q2-update.win32_2.0.0.202105311346/tools/bin/../lib/gcc/arm-none-eabi/9.3.1/../../../../arm-none-eabi/lib/thumb/v7e-m+fp/hard\libc_nano.a(lib_a-lseekr.o)
                0x000000000800b344                _lseek_r
 .text._read_r  0x000000000800b368       0x24 c:/program files (x86)/stm32cubeide/stm32cubeide_1.7.0/stm32cubeide/plugins/com.st.stm32cube.ide.mcu.externaltools.gnu-tools-for-stm32.9-2020-q2-update.win32_2.0.0.202105311346/tools/bin/../lib/gcc/arm-none-eabi/9.3.1/../../../../arm-none-eabi/lib/thumb/v7e-m+fp/hard\libc_nano.a(lib_a-readr.o)
                0x000000000800b368                _read_r
 *(.glue_7)
 .glue_7        0x000000000800b38c        0x0 linker stubs
 *(.glue_7t)
 .glue_7t       0x000000000800b38c        0x0 linker stubs
 *(.eh_frame)
 .eh_frame      0x000000000800b38c        0x0 c:/program files (x86)/stm32cubeide/stm32cubeide_1.7.0/stm32cubeide/plugins/com.st.stm32cube.ide.mcu.externaltools.gnu-tools-for-stm32.9-2020-q2-update.win32_2.0.0.202105311346/tools/bin/../lib/gcc/arm-none-eabi/9.3.1/thumb/v7e-m+fp/hard/crtbegin.o
 *(.init)
 .init          0x000000000800b38c        0x4 c:/program files (x86)/stm32cubeide/stm32cubeide_1.7.0/stm32cubeide/plugins/com.st.stm32cube.ide.mcu.externaltools.gnu-tools-for-stm32.9-2020-q2-update.win32_2.0.0.202105311346/tools/bin/../lib/gcc/arm-none-eabi/9.3.1/thumb/v7e-m+fp/hard/crti.o
                0x000000000800b38c                _init
 .init          0x000000000800b390        0x8 c:/program files (x86)/stm32cubeide/stm32cubeide_1.7.0/stm32cubeide/plugins/com.st.stm32cube.ide.mcu.externaltools.gnu-tools-for-stm32.9-2020-q2-update.win32_2.0.0.202105311346/tools/bin/../lib/gcc/arm-none-eabi/9.3.1/thumb/v7e-m+fp/hard/crtn.o
 *(.fini)
 .fini          0x000000000800b398        0x4 c:/program files (x86)/stm32cubeide/stm32cubeide_1.7.0/stm32cubeide/plugins/com.st.stm32cube.ide.mcu.externaltools.gnu-tools-for-stm32.9-2020-q2-update.win32_2.0.0.202105311346/tools/bin/../lib/gcc/arm-none-eabi/9.3.1/thumb/v7e-m+fp/hard/crti.o
                0x000000000800b398                _fini
 .fini          0x000000000800b39c        0x8 c:/program files (x86)/stm32cubeide/stm32cubeide_1.7.0/stm32cubeide/plugins/com.st.stm32cube.ide.mcu.externaltools.gnu-tools-for-stm32.9-2020-q2-update.win32_2.0.0.202105311346/tools/bin/../lib/gcc/arm-none-eabi/9.3.1/thumb/v7e-m+fp/hard/crtn.o
                0x000000000800b3a4                . = ALIGN (0x4)
                0x000000000800b3a4                _etext = .

.vfp11_veneer   0x000000000800b3a4        0x0
 .vfp11_veneer  0x000000000800b3a4        0x0 linker stubs

.v4_bx          0x000000000800b3a4        0x0
 .v4_bx         0x000000000800b3a4        0x0 linker stubs

.iplt           0x000000000800b3a4        0x0
 .iplt          0x000000000800b3a4        0x0 c:/program files (x86)/stm32cubeide/stm32cubeide_1.7.0/stm32cubeide/plugins/com.st.stm32cube.ide.mcu.externaltools.gnu-tools-for-stm32.9-2020-q2-update.win32_2.0.0.202105311346/tools/bin/../lib/gcc/arm-none-eabi/9.3.1/thumb/v7e-m+fp/hard/crtbegin.o

.rodata         0x000000000800b3a8      0x46c
                0x000000000800b3a8                . = ALIGN (0x4)
 *(.rodata)
 .rodata        0x000000000800b3a8       0x74 ./Core/Src/main.o
 *(.rodata*)
 .rodata.AHBPrescTable
                0x000000000800b41c       0x10 ./Core/Src/system_stm32f4xx.o
                0x000000000800b41c                AHBPrescTable
 .rodata.APBPrescTable
                0x000000000800b42c        0x8 ./Core/Src/system_stm32f4xx.o
                0x000000000800b42c                APBPrescTable
 .rodata._global_impure_ptr
                0x000000000800b434        0x4 c:/program files (x86)/stm32cubeide/stm32cubeide_1.7.0/stm32cubeide/plugins/com.st.stm32cube.ide.mcu.externaltools.gnu-tools-for-stm32.9-2020-q2-update.win32_2.0.0.202105311346/tools/bin/../lib/gcc/arm-none-eabi/9.3.1/../../../../arm-none-eabi/lib/thumb/v7e-m+fp/hard\libc_nano.a(lib_a-impure.o)
                0x000000000800b434                _global_impure_ptr
 .rodata._printf_float.str1.1
                0x000000000800b438       0x12 c:/program files (x86)/stm32cubeide/stm32cubeide_1.7.0/stm32cubeide/plugins/com.st.stm32cube.ide.mcu.externaltools.gnu-tools-for-stm32.9-2020-q2-update.win32_2.0.0.202105311346/tools/bin/../lib/gcc/arm-none-eabi/9.3.1/../../../../arm-none-eabi/lib/thumb/v7e-m+fp/hard\libc_nano.a(lib_a-nano-vfprintf_float.o)
 .rodata._printf_i.str1.1
                0x000000000800b44a       0x22 c:/program files (x86)/stm32cubeide/stm32cubeide_1.7.0/stm32cubeide/plugins/com.st.stm32cube.ide.mcu.externaltools.gnu-tools-for-stm32.9-2020-q2-update.win32_2.0.0.202105311346/tools/bin/../lib/gcc/arm-none-eabi/9.3.1/../../../../arm-none-eabi/lib/thumb/v7e-m+fp/hard\libc_nano.a(lib_a-nano-vfprintf_i.o)
 .rodata._dtoa_r.str1.1
                0x000000000800b46c       0x94 c:/program files (x86)/stm32cubeide/stm32cubeide_1.7.0/stm32cubeide/plugins/com.st.stm32cube.ide.mcu.externaltools.gnu-tools-for-stm32.9-2020-q2-update.win32_2.0.0.202105311346/tools/bin/../lib/gcc/arm-none-eabi/9.3.1/../../../../arm-none-eabi/lib/thumb/v7e-m+fp/hard\libc_nano.a(lib_a-dtoa.o)