stm32f4xx_nucleo_bus.c:90:9:BSP_I2C1_Init	16	static
stm32f4xx_nucleo_bus.c:134:9:BSP_I2C1_DeInit	16	static
stm32f4xx_nucleo_bus.c:162:9:BSP_I2C1_IsReady	24	static
stm32f4xx_nucleo_bus.c:183:9:BSP_I2C1_WriteReg	48	static
stm32f4xx_nucleo_bus.c:209:10:BSP_I2C1_ReadReg	48	static
stm32f4xx_nucleo_bus.c:237:9:BSP_I2C1_WriteReg16	48	static
stm32f4xx_nucleo_bus.c:262:10:BSP_I2C1_ReadReg16	48	static
stm32f4xx_nucleo_bus.c:287:9:BSP_I2C1_Send	32	static
stm32f4xx_nucleo_bus.c:312:9:BSP_I2C1_Recv	32	static
stm32f4xx_nucleo_bus.c:387:9:BSP_GetTick	8	static
stm32f4xx_nucleo_bus.c:393:26:MX_I2C1_Init	24	static
stm32f4xx_nucleo_bus.c:413:13:I2C1_MspInit	48	static
stm32f4xx_nucleo_bus.c:446:13:I2C1_MspDeInit	16	static
