Archive member included to satisfy reference by file (symbol)

../Middlewares/ST/AI/Lib\NetworkRuntime600_CM4_GCC.a(ai_platform_interface.o)
                              X-CUBE-AI/App/network.o (ai_platform_runtime_get_revision)
../Middlewares/ST/AI/Lib\NetworkRuntime600_CM4_GCC.a(core_mem_manager.o)
                              ../Middlewares/ST/AI/Lib\NetworkRuntime600_CM4_GCC.a(ai_platform_interface.o) (core_mem_alloc)
../Middlewares/ST/AI/Lib\NetworkRuntime600_CM4_GCC.a(core_common.o)
                              ../Middlewares/ST/AI/Lib\NetworkRuntime600_CM4_GCC.a(ai_platform_interface.o) (core_init)
../Middlewares/ST/AI/Lib\NetworkRuntime600_CM4_GCC.a(layers_conv2d_generic_float.o)
                              X-CUBE-AI/App/network.o (forward_dense)
../Middlewares/ST/AI/Lib\NetworkRuntime600_CM4_GCC.a(layers_nl_generic_float.o)
                              X-CUBE-AI/App/network.o (forward_relu)
../Middlewares/ST/AI/Lib\NetworkRuntime600_CM4_GCC.a(layers.o)
                              ../Middlewares/ST/AI/Lib\NetworkRuntime600_CM4_GCC.a(ai_platform_interface.o) (ai_check_custom_types)
../Middlewares/ST/AI/Lib\NetworkRuntime600_CM4_GCC.a(arm_mat_init_f32.o)
                              ../Middlewares/ST/AI/Lib\NetworkRuntime600_CM4_GCC.a(layers_conv2d_generic_float.o) (arm_mat_init_f32)
../Middlewares/ST/AI/Lib\NetworkRuntime600_CM4_GCC.a(ai_datatypes_format.o)
                              ../Middlewares/ST/AI/Lib\NetworkRuntime600_CM4_GCC.a(ai_platform_interface.o) (ai_array_to_buffer_fmt)
../Middlewares/ST/AI/Lib\NetworkRuntime600_CM4_GCC.a(ai_math_helpers.o)
                              ../Middlewares/ST/AI/Lib\NetworkRuntime600_CM4_GCC.a(layers_nl_generic_float.o) (ai_math_sqrt)
c:/users/massi/stm32cubeide_1.5.0/stm32cubeide/plugins/com.st.stm32cube.ide.mcu.externaltools.gnu-tools-for-stm32.7-2018-q2-update.win32_1.5.0.202011040924/tools/bin/../lib/gcc/arm-none-eabi/7.3.1/../../../../arm-none-eabi/lib/thumb/v7e-m/fpv4-sp/hard\libc_nano.a(lib_a-calloc.o)
                              Core/Src/TinyOL.o (calloc)
c:/users/massi/stm32cubeide_1.5.0/stm32cubeide/plugins/com.st.stm32cube.ide.mcu.externaltools.gnu-tools-for-stm32.7-2018-q2-update.win32_1.5.0.202011040924/tools/bin/../lib/gcc/arm-none-eabi/7.3.1/../../../../arm-none-eabi/lib/thumb/v7e-m/fpv4-sp/hard\libc_nano.a(lib_a-errno.o)
                              Core/Src/sysmem.o (__errno)
c:/users/massi/stm32cubeide_1.5.0/stm32cubeide/plugins/com.st.stm32cube.ide.mcu.externaltools.gnu-tools-for-stm32.7-2018-q2-update.win32_1.5.0.202011040924/tools/bin/../lib/gcc/arm-none-eabi/7.3.1/../../../../arm-none-eabi/lib/thumb/v7e-m/fpv4-sp/hard\libc_nano.a(lib_a-exit.o)
                              c:/users/massi/stm32cubeide_1.5.0/stm32cubeide/plugins/com.st.stm32cube.ide.mcu.externaltools.gnu-tools-for-stm32.7-2018-q2-update.win32_1.5.0.202011040924/tools/bin/../lib/gcc/arm-none-eabi/7.3.1/../../../../arm-none-eabi/lib/thumb/v7e-m/fpv4-sp/hard/crt0.o (exit)
c:/users/massi/stm32cubeide_1.5.0/stm32cubeide/plugins/com.st.stm32cube.ide.mcu.externaltools.gnu-tools-for-stm32.7-2018-q2-update.win32_1.5.0.202011040924/tools/bin/../lib/gcc/arm-none-eabi/7.3.1/../../../../arm-none-eabi/lib/thumb/v7e-m/fpv4-sp/hard\libc_nano.a(lib_a-impure.o)
                              c:/users/massi/stm32cubeide_1.5.0/stm32cubeide/plugins/com.st.stm32cube.ide.mcu.externaltools.gnu-tools-for-stm32.7-2018-q2-update.win32_1.5.0.202011040924/tools/bin/../lib/gcc/arm-none-eabi/7.3.1/../../../../arm-none-eabi/lib/thumb/v7e-m/fpv4-sp/hard\libc_nano.a(lib_a-exit.o) (_global_impure_ptr)
c:/users/massi/stm32cubeide_1.5.0/stm32cubeide/plugins/com.st.stm32cube.ide.mcu.externaltools.gnu-tools-for-stm32.7-2018-q2-update.win32_1.5.0.202011040924/tools/bin/../lib/gcc/arm-none-eabi/7.3.1/../../../../arm-none-eabi/lib/thumb/v7e-m/fpv4-sp/hard\libc_nano.a(lib_a-init.o)
                              c:/users/massi/stm32cubeide_1.5.0/stm32cubeide/plugins/com.st.stm32cube.ide.mcu.externaltools.gnu-tools-for-stm32.7-2018-q2-update.win32_1.5.0.202011040924/tools/bin/../lib/gcc/arm-none-eabi/7.3.1/../../../../arm-none-eabi/lib/thumb/v7e-m/fpv4-sp/hard/crt0.o (__libc_init_array)
c:/users/massi/stm32cubeide_1.5.0/stm32cubeide/plugins/com.st.stm32cube.ide.mcu.externaltools.gnu-tools-for-stm32.7-2018-q2-update.win32_1.5.0.202011040924/tools/bin/../lib/gcc/arm-none-eabi/7.3.1/../../../../arm-none-eabi/lib/thumb/v7e-m/fpv4-sp/hard\libc_nano.a(lib_a-malloc.o)
                              Core/Src/computeRAM.o (malloc)
c:/users/massi/stm32cubeide_1.5.0/stm32cubeide/plugins/com.st.stm32cube.ide.mcu.externaltools.gnu-tools-for-stm32.7-2018-q2-update.win32_1.5.0.202011040924/tools/bin/../lib/gcc/arm-none-eabi/7.3.1/../../../../arm-none-eabi/lib/thumb/v7e-m/fpv4-sp/hard\libc_nano.a(lib_a-memcpy-stub.o)
                              X-CUBE-AI/App/network.o (memcpy)
[...]
Memory Configuration

Name             Origin             Length             Attributes
RAM              0x0000000020000000 0x0000000000018000 xrw
FLASH            0x0000000008000000 0x0000000000080000 xr
*default*        0x0000000000000000 0xffffffffffffffff

Linker script and memory map

LOAD c:/users/massi/stm32cubeide_1.5.0/stm32cubeide/plugins/com.st.stm32cube.ide.mcu.externaltools.gnu-tools-for-stm32.7-2018-q2-update.win32_1.5.0.202011040924/tools/bin/../lib/gcc/arm-none-eabi/7.3.1/thumb/v7e-m/fpv4-sp/hard/crti.o
LOAD c:/users/massi/stm32cubeide_1.5.0/stm32cubeide/plugins/com.st.stm32cube.ide.mcu.externaltools.gnu-tools-for-stm32.7-2018-q2-update.win32_1.5.0.202011040924/tools/bin/../lib/gcc/arm-none-eabi/7.3.1/thumb/v7e-m/fpv4-sp/hard/crtbegin.o
LOAD c:/users/massi/stm32cubeide_1.5.0/stm32cubeide/plugins/com.st.stm32cube.ide.mcu.externaltools.gnu-tools-for-stm32.7-2018-q2-update.win32_1.5.0.202011040924/tools/bin/../lib/gcc/arm-none-eabi/7.3.1/../../../../arm-none-eabi/lib/thumb/v7e-m/fpv4-sp/hard/crt0.o
LOAD Core/Src/TinyOL.o
LOAD Core/Src/computeRAM.o
LOAD Core/Src/crc.o
LOAD Core/Src/gpio.o
LOAD Core/Src/main.o
LOAD Core/Src/stm32f4xx_hal_msp.o
LOAD Core/Src/stm32f4xx_it.o
LOAD Core/Src/sysmem.o
LOAD Core/Src/system_stm32f4xx.o
LOAD Core/Src/tim.o
LOAD Core/Src/usart.o
LOAD Core/Startup/startup_stm32f401retx.o
LOAD Drivers/STM32F4xx_HAL_Driver/Src/stm32f4xx_hal.o
LOAD Drivers/STM32F4xx_HAL_Driver/Src/stm32f4xx_hal_cortex.o
LOAD Drivers/STM32F4xx_HAL_Driver/Src/stm32f4xx_hal_crc.o
LOAD Drivers/STM32F4xx_HAL_Driver/Src/stm32f4xx_hal_dma.o
LOAD Drivers/STM32F4xx_HAL_Driver/Src/stm32f4xx_hal_dma_ex.o
LOAD Drivers/STM32F4xx_HAL_Driver/Src/stm32f4xx_hal_exti.o
LOAD Drivers/STM32F4xx_HAL_Driver/Src/stm32f4xx_hal_flash.o
LOAD Drivers/STM32F4xx_HAL_Driver/Src/stm32f4xx_hal_flash_ex.o
LOAD Drivers/STM32F4xx_HAL_Driver/Src/stm32f4xx_hal_flash_ramfunc.o
LOAD Drivers/STM32F4xx_HAL_Driver/Src/stm32f4xx_hal_gpio.o
LOAD Drivers/STM32F4xx_HAL_Driver/Src/stm32f4xx_hal_pwr.o
LOAD Drivers/STM32F4xx_HAL_Driver/Src/stm32f4xx_hal_pwr_ex.o
LOAD Drivers/STM32F4xx_HAL_Driver/Src/stm32f4xx_hal_rcc.o
LOAD Drivers/STM32F4xx_HAL_Driver/Src/stm32f4xx_hal_rcc_ex.o
LOAD Drivers/STM32F4xx_HAL_Driver/Src/stm32f4xx_hal_tim.o
LOAD Drivers/STM32F4xx_HAL_Driver/Src/stm32f4xx_hal_tim_ex.o
LOAD Drivers/STM32F4xx_HAL_Driver/Src/stm32f4xx_hal_uart.o
LOAD X-CUBE-AI/App/app_x-cube-ai.o
LOAD X-CUBE-AI/App/network.o
LOAD X-CUBE-AI/App/network_data.o
LOAD ../Middlewares/ST/AI/Lib\NetworkRuntime600_CM4_GCC.a
START GROUP
LOAD c:/users/massi/stm32cubeide_1.5.0/stm32cubeide/plugins/com.st.stm32cube.ide.mcu.externaltools.gnu-tools-for-stm32.7-2018-q2-update.win32_1.5.0.202011040924/tools/bin/../lib/gcc/arm-none-eabi/7.3.1/../../../../arm-none-eabi/lib/thumb/v7e-m/fpv4-sp/hard\libc_nano.a
LOAD c:/users/massi/stm32cubeide_1.5.0/stm32cubeide/plugins/com.st.stm32cube.ide.mcu.externaltools.gnu-tools-for-stm32.7-2018-q2-update.win32_1.5.0.202011040924/tools/bin/../lib/gcc/arm-none-eabi/7.3.1/../../../../arm-none-eabi/lib/thumb/v7e-m/fpv4-sp/hard\libm.a
END GROUP
START GROUP
LOAD c:/users/massi/stm32cubeide_1.5.0/stm32cubeide/plugins/com.st.stm32cube.ide.mcu.externaltools.gnu-tools-for-stm32.7-2018-q2-update.win32_1.5.0.202011040924/tools/bin/../lib/gcc/arm-none-eabi/7.3.1/thumb/v7e-m/fpv4-sp/hard\libgcc.a
LOAD c:/users/massi/stm32cubeide_1.5.0/stm32cubeide/plugins/com.st.stm32cube.ide.mcu.externaltools.gnu-tools-for-stm32.7-2018-q2-update.win32_1.5.0.202011040924/tools/bin/../lib/gcc/arm-none-eabi/7.3.1/../../../../arm-none-eabi/lib/thumb/v7e-m/fpv4-sp/hard\libc_nano.a
END GROUP
START GROUP
LOAD c:/users/massi/stm32cubeide_1.5.0/stm32cubeide/plugins/com.st.stm32cube.ide.mcu.externaltools.gnu-tools-for-stm32.7-2018-q2-update.win32_1.5.0.202011040924/tools/bin/../lib/gcc/arm-none-eabi/7.3.1/thumb/v7e-m/fpv4-sp/hard\libgcc.a
LOAD c:/users/massi/stm32cubeide_1.5.0/stm32cubeide/plugins/com.st.stm32cube.ide.mcu.externaltools.gnu-tools-for-stm32.7-2018-q2-update.win32_1.5.0.202011040924/tools/bin/../lib/gcc/arm-none-eabi/7.3.1/../../../../arm-none-eabi/lib/thumb/v7e-m/fpv4-sp/hard\libc_nano.a
LOAD c:/users/massi/stm32cubeide_1.5.0/stm32cubeide/plugins/com.st.stm32cube.ide.mcu.externaltools.gnu-tools-for-stm32.7-2018-q2-update.win32_1.5.0.202011040924/tools/bin/../lib/gcc/arm-none-eabi/7.3.1/../../../../arm-none-eabi/lib/thumb/v7e-m/fpv4-sp/hard\libnosys.a
END GROUP
START GROUP
LOAD c:/users/massi/stm32cubeide_1.5.0/stm32cubeide/plugins/com.st.stm32cube.ide.mcu.externaltools.gnu-tools-for-stm32.7-2018-q2-update.win32_1.5.0.202011040924/tools/bin/../lib/gcc/arm-none-eabi/7.3.1/thumb/v7e-m/fpv4-sp/hard\libgcc.a
LOAD c:/users/massi/stm32cubeide_1.5.0/stm32cubeide/plugins/com.st.stm32cube.ide.mcu.externaltools.gnu-tools-for-stm32.7-2018-q2-update.win32_1.5.0.202011040924/tools/bin/../lib/gcc/arm-none-eabi/7.3.1/../../../../arm-none-eabi/lib/thumb/v7e-m/fpv4-sp/hard\libc_nano.a
LOAD c:/users/massi/stm32cubeide_1.5.0/stm32cubeide/plugins/com.st.stm32cube.ide.mcu.externaltools.gnu-tools-for-stm32.7-2018-q2-update.win32_1.5.0.202011040924/tools/bin/../lib/gcc/arm-none-eabi/7.3.1/../../../../arm-none-eabi/lib/thumb/v7e-m/fpv4-sp/hard\libnosys.a
END GROUP
LOAD c:/users/massi/stm32cubeide_1.5.0/stm32cubeide/plugins/com.st.stm32cube.ide.mcu.externaltools.gnu-tools-for-stm32.7-2018-q2-update.win32_1.5.0.202011040924/tools/bin/../lib/gcc/arm-none-eabi/7.3.1/thumb/v7e-m/fpv4-sp/hard/crtend.o
LOAD c:/users/massi/stm32cubeide_1.5.0/stm32cubeide/plugins/com.st.stm32cube.ide.mcu.externaltools.gnu-tools-for-stm32.7-2018-q2-update.win32_1.5.0.202011040924/tools/bin/../lib/gcc/arm-none-eabi/7.3.1/thumb/v7e-m/fpv4-sp/hard/crtn.o
                0x0000000020018000                _estack = (ORIGIN (RAM) + LENGTH (RAM))
                0x0000000000000200                _Min_Heap_Size = 0x200
                0x0000000000001000                _Min_Stack_Size = 0x1000

.isr_vector     0x0000000008000000      0x194
                0x0000000008000000                . = ALIGN (0x4)
 *(.isr_vector)
 .isr_vector    0x0000000008000000      0x194 Core/Startup/startup_stm32f401retx.o
                0x0000000008000000                g_pfnVectors
                0x0000000008000194                . = ALIGN (0x4)

.text           0x00000000080001a0     0xa038
                0x00000000080001a0                . = ALIGN (0x4)
 *(.text)
 .text          0x00000000080001a0       0x40 c:/users/massi/stm32cubeide_1.5.0/stm32cubeide/plugins/com.st.stm32cube.ide.mcu.externaltools.gnu-tools-for-stm32.7-2018-q2-update.win32_1.5.0.202011040924/tools/bin/../lib/gcc/arm-none-eabi/7.3.1/thumb/v7e-m/fpv4-sp/hard/crtbegin.o
 .text          0x00000000080001e0       0x10 c:/users/massi/stm32cubeide_1.5.0/stm32cubeide/plugins/com.st.stm32cube.ide.mcu.externaltools.gnu-tools-for-stm32.7-2018-q2-update.win32_1.5.0.202011040924/tools/bin/../lib/gcc/arm-none-eabi/7.3.1/../../../../arm-none-eabi/lib/thumb/v7e-m/fpv4-sp/hard\libc_nano.a(lib_a-strlen.o)
                0x00000000080001e0                strlen
 .text          0x00000000080001f0       0xa0 c:/users/massi/stm32cubeide_1.5.0/stm32cubeide/plugins/com.st.stm32cube.ide.mcu.externaltools.gnu-tools-for-stm32.7-2018-q2-update.win32_1.5.0.202011040924/tools/bin/../lib/gcc/arm-none-eabi/7.3.1/../../../../arm-none-eabi/lib/thumb/v7e-m/fpv4-sp/hard\libc_nano.a(lib_a-memchr.o)
                0x00000000080001f0                memchr
 .text          0x0000000008000290      0x378 c:/users/massi/stm32cubeide_1.5.0/stm32cubeide/plugins/com.st.stm32cube.ide.mcu.externaltools.gnu-tools-for-stm32.7-2018-q2-update.win32_1.5.0.202011040924/tools/bin/../lib/gcc/arm-none-eabi/7.3.1/thumb/v7e-m/fpv4-sp/hard\libgcc.a(_arm_addsubdf3.o)
                0x0000000008000290                __aeabi_drsub
                0x0000000008000298                __aeabi_dsub
                0x0000000008000298                __subdf3
                0x000000000800029c                __aeabi_dadd
                0x000000000800029c                __adddf3
                0x0000000008000514                __floatunsidf
                0x0000000008000514                __aeabi_ui2d
                0x0000000008000534                __floatsidf
                0x0000000008000534                __aeabi_i2d
                0x0000000008000558                __aeabi_f2d
                0x0000000008000558                __extendsfdf2
                0x000000000800059c                __floatundidf
                0x000000000800059c                __aeabi_ul2d
                0x00000000080005ac                __floatdidf
                0x00000000080005ac                __aeabi_l2d
 .text          0x0000000008000608      0x424 c:/users/massi/stm32cubeide_1.5.0/stm32cubeide/plugins/com.st.stm32cube.ide.mcu.externaltools.gnu-tools-for-stm32.7-2018-q2-update.win32_1.5.0.202011040924/tools/bin/../lib/gcc/arm-none-eabi/7.3.1/thumb/v7e-m/fpv4-sp/hard\libgcc.a(_arm_muldivdf3.o)
                0x0000000008000608                __aeabi_dmul
                0x0000000008000608                __muldf3
                0x000000000800085c                __divdf3
                0x000000000800085c                __aeabi_ddiv
 .text          0x0000000008000a2c      0x110 c:/users/massi/stm32cubeide_1.5.0/stm32cubeide/plugins/com.st.stm32cube.ide.mcu.externaltools.gnu-tools-for-stm32.7-2018-q2-update.win32_1.5.0.202011040924/tools/bin/../lib/gcc/arm-none-eabi/7.3.1/thumb/v7e-m/fpv4-sp/hard\libgcc.a(_arm_cmpdf2.o)
                0x0000000008000a2c                __gtdf2
                0x0000000008000a2c                __gedf2
                0x0000000008000a34                __ltdf2
                0x0000000008000a34                __ledf2
                0x0000000008000a3c                __nedf2
                0x0000000008000a3c                __eqdf2
                0x0000000008000a3c                __cmpdf2
                0x0000000008000ab8                __aeabi_cdrcmple
                0x0000000008000ac8                __aeabi_cdcmpeq
                0x0000000008000ac8                __aeabi_cdcmple
                0x0000000008000ad8                __aeabi_dcmpeq
                0x0000000008000aec                __aeabi_dcmplt
                0x0000000008000b00                __aeabi_dcmple
                0x0000000008000b14                __aeabi_dcmpge
                0x0000000008000b28                __aeabi_dcmpgt
 .text          0x0000000008000b3c       0x2c c:/users/massi/stm32cubeide_1.5.0/stm32cubeide/plugins/com.st.stm32cube.ide.mcu.externaltools.gnu-tools-for-stm32.7-2018-q2-update.win32_1.5.0.202011040924/tools/bin/../lib/gcc/arm-none-eabi/7.3.1/thumb/v7e-m/fpv4-sp/hard\libgcc.a(_arm_unorddf2.o)
                0x0000000008000b3c                __unorddf2
                0x0000000008000b3c                __aeabi_dcmpun
 .text          0x0000000008000b68       0x50 c:/users/massi/stm32cubeide_1.5.0/stm32cubeide/plugins/com.st.stm32cube.ide.mcu.externaltools.gnu-tools-for-stm32.7-2018-q2-update.win32_1.5.0.202011040924/tools/bin/../lib/gcc/arm-none-eabi/7.3.1/thumb/v7e-m/fpv4-sp/hard\libgcc.a(_arm_fixdfsi.o)
                0x0000000008000b68                __aeabi_d2iz
                0x0000000008000b68                __fixdfsi
 .text          0x0000000008000bb8       0xa0 c:/users/massi/stm32cubeide_1.5.0/stm32cubeide/plugins/com.st.stm32cube.ide.mcu.externaltools.gnu-tools-for-stm32.7-2018-q2-update.win32_1.5.0.202011040924/tools/bin/../lib/gcc/arm-none-eabi/7.3.1/thumb/v7e-m/fpv4-sp/hard\libgcc.a(_arm_truncdfsf2.o)
                0x0000000008000bb8                __truncdfsf2
                0x0000000008000bb8                __aeabi_d2f
 .text          0x0000000008000c58       0x30 c:/users/massi/stm32cubeide_1.5.0/stm32cubeide/plugins/com.st.stm32cube.ide.mcu.externaltools.gnu-tools-for-stm32.7-2018-q2-update.win32_1.5.0.202011040924/tools/bin/../lib/gcc/arm-none-eabi/7.3.1/thumb/v7e-m/fpv4-sp/hard\libgcc.a(_aeabi_uldivmod.o)
                0x0000000008000c58                __aeabi_uldivmod
 .text          0x0000000008000c88      0x2cc c:/users/massi/stm32cubeide_1.5.0/stm32cubeide/plugins/com.st.stm32cube.ide.mcu.externaltools.gnu-tools-for-stm32.7-2018-q2-update.win32_1.5.0.202011040924/tools/bin/../lib/gcc/arm-none-eabi/7.3.1/thumb/v7e-m/fpv4-sp/hard\libgcc.a(_udivmoddi4.o)
                0x0000000008000c88                __udivmoddi4
 .text          0x0000000008000f54        0x4 c:/users/massi/stm32cubeide_1.5.0/stm32cubeide/plugins/com.st.stm32cube.ide.mcu.externaltools.gnu-tools-for-stm32.7-2018-q2-update.win32_1.5.0.202011040924/tools/bin/../lib/gcc/arm-none-eabi/7.3.1/thumb/v7e-m/fpv4-sp/hard\libgcc.a(_dvmd_tls.o)
                0x0000000008000f54                __aeabi_idiv0
                0x0000000008000f54                __aeabi_ldiv0
 *(.text*)
 .text.OL_allocateMemory
                0x0000000008000f58      0x18c Core/Src/TinyOL.o
                0x0000000008000f58                OL_allocateMemory
 .text.OL_increaseWeightDim
                0x00000000080010e4       0xfc Core/Src/TinyOL.o
                0x00000000080010e4                OL_increaseWeightDim
 .text.OL_increaseBiasDim
                0x00000000080011e0       0xb6 Core/Src/TinyOL.o
                0x00000000080011e0                OL_increaseBiasDim
 .text.OL_increaseYtrueDim
                0x0000000008001296       0x38 Core/Src/TinyOL.o
                0x0000000008001296                OL_increaseYtrueDim
 .text.OL_increaseLabel
                0x00000000080012ce       0x52 Core/Src/TinyOL.o
                0x00000000080012ce                OL_increaseLabel
 .text.OL_increaseYpredDim
                0x0000000008001320       0x70 Core/Src/TinyOL.o
                0x0000000008001320                OL_increaseYpredDim
 .text.OL_updateRAMcounter
                0x0000000008001390       0x50 Core/Src/TinyOL.o
                0x0000000008001390                OL_updateRAMcounter
 .text.OL_resetInfo
                0x00000000080013e0       0x2c Core/Src/TinyOL.o
                0x00000000080013e0                OL_resetInfo
 .text.OL_lettToSoft
                0x000000000800140c       0x60 Core/Src/TinyOL.o
                0x000000000800140c                OL_lettToSoft
 .text.OL_feedForward
                0x000000000800146c       0xdc Core/Src/TinyOL.o
                0x000000000800146c                OL_feedForward
 .text.OL_softmax
                0x0000000008001548      0x14c Core/Src/TinyOL.o
                0x0000000008001548                OL_softmax
 .text.OL_checkNewClass
                0x0000000008001694       0x7e Core/Src/TinyOL.o
                0x0000000008001694                OL_checkNewClass
 .text.OL_compareLabels
                0x0000000008001712       0xfc Core/Src/TinyOL.o
                0x0000000008001712                OL_compareLabels
 .text.OL_train
                0x000000000800180e      0xdd6 Core/Src/TinyOL.o
                0x000000000800180e                OL_train
 .text.FreeMem  0x00000000080025e4       0x6c Core/Src/computeRAM.o
                0x00000000080025e4                FreeMem
 .text.MX_CRC_Init
                0x0000000008002650       0x28 Core/Src/crc.o
                0x0000000008002650                MX_CRC_Init
 .text.HAL_CRC_MspInit
                0x0000000008002678       0x44 Core/Src/crc.o
                0x0000000008002678                HAL_CRC_MspInit
 .text.MX_GPIO_Init
                0x00000000080026bc      0x148 Core/Src/gpio.o
                0x00000000080026bc                MX_GPIO_Init
 .text.main     0x0000000008002804      0x370 Core/Src/main.o
                0x0000000008002804                main
 .text.SystemClock_Config
                0x0000000008002b74       0xd8 Core/Src/main.o
                0x0000000008002b74                SystemClock_Config
 .text.HAL_GPIO_EXTI_Callback
                0x0000000008002c4c      0x10c Core/Src/main.o
                0x0000000008002c4c                HAL_GPIO_EXTI_Callback
 .text.HAL_TIM_PeriodElapsedCallback
                0x0000000008002d58       0x24 Core/Src/main.o
                0x0000000008002d58                HAL_TIM_PeriodElapsedCallback
 .text.Error_Handler
                0x0000000008002d7c        0x8 Core/Src/main.o
                0x0000000008002d7c                Error_Handler
 .text.HAL_MspInit
                0x0000000008002d84       0x50 Core/Src/stm32f4xx_hal_msp.o
                0x0000000008002d84                HAL_MspInit
 .text.NMI_Handler
                0x0000000008002dd4        0x6 Core/Src/stm32f4xx_it.o
                0x0000000008002dd4                NMI_Handler
 .text.HardFault_Handler
                0x0000000008002dda        0x6 Core/Src/stm32f4xx_it.o
                0x0000000008002dda                HardFault_Handler
 .text.MemManage_Handler
                0x0000000008002de0        0x6 Core/Src/stm32f4xx_it.o
                0x0000000008002de0                MemManage_Handler
 .text.BusFault_Handler
                0x0000000008002de6        0x6 Core/Src/stm32f4xx_it.o
                0x0000000008002de6                BusFault_Handler
 .text.UsageFault_Handler
                0x0000000008002dec        0x6 Core/Src/stm32f4xx_it.o
                0x0000000008002dec                UsageFault_Handler
 .text.SVC_Handler
                0x0000000008002df2        0xe Core/Src/stm32f4xx_it.o
                0x0000000008002df2                SVC_Handler
 .text.DebugMon_Handler
                0x0000000008002e00        0xe Core/Src/stm32f4xx_it.o
                0x0000000008002e00                DebugMon_Handler
 .text.PendSV_Handler
                0x0000000008002e0e        0xe Core/Src/stm32f4xx_it.o
                0x0000000008002e0e                PendSV_Handler
 .text.SysTick_Handler
                0x0000000008002e1c        0xc Core/Src/stm32f4xx_it.o
                0x0000000008002e1c                SysTick_Handler
 .text.EXTI9_5_IRQHandler
                0x0000000008002e28        0xe Core/Src/stm32f4xx_it.o
                0x0000000008002e28                EXTI9_5_IRQHandler
 *fill*         0x0000000008002e36        0x2 
 .text.TIM1_UP_TIM10_IRQHandler
                0x0000000008002e38       0x14 Core/Src/stm32f4xx_it.o
                0x0000000008002e38                TIM1_UP_TIM10_IRQHandler
 .text.USART2_IRQHandler
                0x0000000008002e4c       0x14 Core/Src/stm32f4xx_it.o
                0x0000000008002e4c                USART2_IRQHandler
 .text.EXTI15_10_IRQHandler
                0x0000000008002e60       0x10 Core/Src/stm32f4xx_it.o
                0x0000000008002e60                EXTI15_10_IRQHandler
 .text._sbrk    0x0000000008002e70       0x6c Core/Src/sysmem.o
                0x0000000008002e70                _sbrk
 .text.SystemInit
                0x0000000008002edc       0x2c Core/Src/system_stm32f4xx.o
                0x0000000008002edc                SystemInit
 .text.MX_TIM10_Init
                0x0000000008002f08       0x44 Core/Src/tim.o
                0x0000000008002f08                MX_TIM10_Init
 .text.HAL_TIM_Base_MspInit
                0x0000000008002f4c       0x50 Core/Src/tim.o
                0x0000000008002f4c                HAL_TIM_Base_MspInit
 .text.MX_USART2_UART_Init
                0x0000000008002f9c       0x54 Core/Src/usart.o
                0x0000000008002f9c                MX_USART2_UART_Init
 .text.HAL_UART_MspInit
                0x0000000008002ff0       0xa0 Core/Src/usart.o
                0x0000000008002ff0                HAL_UART_MspInit
 .text.Reset_Handler
                0x0000000008003090       0x50 Core/Startup/startup_stm32f401retx.o
                0x0000000008003090                Reset_Handler
 .text.Default_Handler
                0x00000000080030e0        0x2 Core/Startup/startup_stm32f401retx.o
                0x00000000080030e0                RTC_Alarm_IRQHandler
                0x00000000080030e0                EXTI2_IRQHandler
                0x00000000080030e0                SPI4_IRQHandler
                0x00000000080030e0                TIM1_CC_IRQHandler
                0x00000000080030e0                DMA2_Stream5_IRQHandler
                0x00000000080030e0                DMA1_Stream5_IRQHandler
                0x00000000080030e0                PVD_IRQHandler
                0x00000000080030e0                SDIO_IRQHandler
                0x00000000080030e0                TAMP_STAMP_IRQHandler
                0x00000000080030e0                EXTI3_IRQHandler
                0x00000000080030e0                I2C3_ER_IRQHandler
                0x00000000080030e0                EXTI0_IRQHandler
                0x00000000080030e0                I2C2_EV_IRQHandler
                0x00000000080030e0                DMA1_Stream2_IRQHandler
                0x00000000080030e0                FPU_IRQHandler
                0x00000000080030e0                DMA2_Stream2_IRQHandler
                0x00000000080030e0                SPI1_IRQHandler
                0x00000000080030e0                TIM1_BRK_TIM9_IRQHandler
                0x00000000080030e0                DMA2_Stream3_IRQHandler
                0x00000000080030e0                USART6_IRQHandler
                0x00000000080030e0                DMA2_Stream0_IRQHandler
                0x00000000080030e0                TIM4_IRQHandler
                0x00000000080030e0                I2C1_EV_IRQHandler
                0x00000000080030e0                DMA1_Stream6_IRQHandler
                0x00000000080030e0                DMA1_Stream1_IRQHandler
                0x00000000080030e0                TIM3_IRQHandler
                0x00000000080030e0                RCC_IRQHandler
                0x00000000080030e0                Default_Handler
                0x00000000080030e0                ADC_IRQHandler
                0x00000000080030e0                DMA1_Stream7_IRQHandler
                0x00000000080030e0                TIM5_IRQHandler
                0x00000000080030e0                DMA2_Stream7_IRQHandler
                0x00000000080030e0                I2C3_EV_IRQHandler
                0x00000000080030e0                RTC_WKUP_IRQHandler
                0x00000000080030e0                SPI2_IRQHandler
                0x00000000080030e0                DMA1_Stream0_IRQHandler
                0x00000000080030e0                EXTI4_IRQHandler
                0x00000000080030e0                WWDG_IRQHandler
                0x00000000080030e0                TIM2_IRQHandler
                0x00000000080030e0                OTG_FS_WKUP_IRQHandler
                0x00000000080030e0                TIM1_TRG_COM_TIM11_IRQHandler
                0x00000000080030e0                EXTI1_IRQHandler
                0x00000000080030e0                I2C2_ER_IRQHandler
                0x00000000080030e0                DMA2_Stream1_IRQHandler
                0x00000000080030e0                FLASH_IRQHandler
                0x00000000080030e0                DMA2_Stream4_IRQHandler
                0x00000000080030e0                USART1_IRQHandler
                0x00000000080030e0                OTG_FS_IRQHandler
                0x00000000080030e0                SPI3_IRQHandler
                0x00000000080030e0                DMA1_Stream4_IRQHandler
                0x00000000080030e0                I2C1_ER_IRQHandler
                0x00000000080030e0                DMA2_Stream6_IRQHandler
                0x00000000080030e0                DMA1_Stream3_IRQHandler
 *fill*         0x00000000080030e2        0x2 
 .text.HAL_Init
                0x00000000080030e4       0x44 Drivers/STM32F4xx_HAL_Driver/Src/stm32f4xx_hal.o
                0x00000000080030e4                HAL_Init
 .text.HAL_InitTick
                0x0000000008003128       0x60 Drivers/STM32F4xx_HAL_Driver/Src/stm32f4xx_hal.o
                0x0000000008003128                HAL_InitTick
 .text.HAL_IncTick
                0x0000000008003188       0x28 Drivers/STM32F4xx_HAL_Driver/Src/stm32f4xx_hal.o
                0x0000000008003188                HAL_IncTick
 .text.HAL_GetTick
                0x00000000080031b0       0x18 Drivers/STM32F4xx_HAL_Driver/Src/stm32f4xx_hal.o
                0x00000000080031b0                HAL_GetTick
 .text.HAL_Delay
                0x00000000080031c8       0x44 Drivers/STM32F4xx_HAL_Driver/Src/stm32f4xx_hal.o
                0x00000000080031c8                HAL_Delay
 .text.__NVIC_SetPriorityGrouping
                0x000000000800320c       0x48 Drivers/STM32F4xx_HAL_Driver/Src/stm32f4xx_hal_cortex.o
 .text.__NVIC_GetPriorityGrouping
                0x0000000008003254       0x1c Drivers/STM32F4xx_HAL_Driver/Src/stm32f4xx_hal_cortex.o
 .text.__NVIC_EnableIRQ
                0x0000000008003270       0x3c Drivers/STM32F4xx_HAL_Driver/Src/stm32f4xx_hal_cortex.o
 .text.__NVIC_SetPriority
                0x00000000080032ac       0x54 Drivers/STM32F4xx_HAL_Driver/Src/stm32f4xx_hal_cortex.o
 .text.NVIC_EncodePriority
                0x0000000008003300       0x66 Drivers/STM32F4xx_HAL_Driver/Src/stm32f4xx_hal_cortex.o
 *fill*         0x0000000008003366        0x2 
 .text.SysTick_Config
                0x0000000008003368       0x44 Drivers/STM32F4xx_HAL_Driver/Src/stm32f4xx_hal_cortex.o
 .text.HAL_NVIC_SetPriorityGrouping
                0x00000000080033ac       0x16 Drivers/STM32F4xx_HAL_Driver/Src/stm32f4xx_hal_cortex.o
                0x00000000080033ac                HAL_NVIC_SetPriorityGrouping
 .text.HAL_NVIC_SetPriority
                0x00000000080033c2       0x38 Drivers/STM32F4xx_HAL_Driver/Src/stm32f4xx_hal_cortex.o
                0x00000000080033c2                HAL_NVIC_SetPriority
 .text.HAL_NVIC_EnableIRQ
                0x00000000080033fa       0x1c Drivers/STM32F4xx_HAL_Driver/Src/stm32f4xx_hal_cortex.o
                0x00000000080033fa                HAL_NVIC_EnableIRQ
 .text.HAL_SYSTICK_Config
                0x0000000008003416       0x18 Drivers/STM32F4xx_HAL_Driver/Src/stm32f4xx_hal_cortex.o
                0x0000000008003416                HAL_SYSTICK_Config
 .text.HAL_CRC_Init
                0x000000000800342e       0x38 Drivers/STM32F4xx_HAL_Driver/Src/stm32f4xx_hal_crc.o
                0x000000000800342e                HAL_CRC_Init
 .text.HAL_DMA_Abort_IT
                0x0000000008003466       0x44 Drivers/STM32F4xx_HAL_Driver/Src/stm32f4xx_hal_dma.o
                0x0000000008003466                HAL_DMA_Abort_IT
 *fill*         0x00000000080034aa        0x2 
 .text.HAL_GPIO_Init
                0x00000000080034ac      0x304 Drivers/STM32F4xx_HAL_Driver/Src/stm32f4xx_hal_gpio.o
                0x00000000080034ac                HAL_GPIO_Init
 .text.HAL_GPIO_WritePin
                0x00000000080037b0       0x32 Drivers/STM32F4xx_HAL_Driver/Src/stm32f4xx_hal_gpio.o
                0x00000000080037b0                HAL_GPIO_WritePin
 .text.HAL_GPIO_TogglePin
                0x00000000080037e2       0x36 Drivers/STM32F4xx_HAL_Driver/Src/stm32f4xx_hal_gpio.o
                0x00000000080037e2                HAL_GPIO_TogglePin
 .text.HAL_GPIO_EXTI_IRQHandler
                0x0000000008003818       0x30 Drivers/STM32F4xx_HAL_Driver/Src/stm32f4xx_hal_gpio.o
                0x0000000008003818                HAL_GPIO_EXTI_IRQHandler
 .text.HAL_RCC_OscConfig
                0x0000000008003848      0x4e0 Drivers/STM32F4xx_HAL_Driver/Src/stm32f4xx_hal_rcc.o
                0x0000000008003848                HAL_RCC_OscConfig
 .text.HAL_RCC_ClockConfig
                0x0000000008003d28      0x1cc Drivers/STM32F4xx_HAL_Driver/Src/stm32f4xx_hal_rcc.o
                0x0000000008003d28                HAL_RCC_ClockConfig
 .text.HAL_RCC_GetSysClockFreq
                0x0000000008003ef4      0x1b0 Drivers/STM32F4xx_HAL_Driver/Src/stm32f4xx_hal_rcc.o
                0x0000000008003ef4                HAL_RCC_GetSysClockFreq
 .text.HAL_RCC_GetHCLKFreq
                0x00000000080040a4       0x18 Drivers/STM32F4xx_HAL_Driver/Src/stm32f4xx_hal_rcc.o
                0x00000000080040a4                HAL_RCC_GetHCLKFreq
 .text.HAL_RCC_GetPCLK1Freq
                0x00000000080040bc       0x28 Drivers/STM32F4xx_HAL_Driver/Src/stm32f4xx_hal_rcc.o
                0x00000000080040bc                HAL_RCC_GetPCLK1Freq
 .text.HAL_RCC_GetPCLK2Freq
                0x00000000080040e4       0x28 Drivers/STM32F4xx_HAL_Driver/Src/stm32f4xx_hal_rcc.o
                0x00000000080040e4                HAL_RCC_GetPCLK2Freq
 .text.HAL_TIM_Base_Init
                0x000000000800410c       0x56 Drivers/STM32F4xx_HAL_Driver/Src/stm32f4xx_hal_tim.o
                0x000000000800410c                HAL_TIM_Base_Init
 .text.HAL_TIM_Base_Start_IT
                0x0000000008004162       0x48 Drivers/STM32F4xx_HAL_Driver/Src/stm32f4xx_hal_tim.o
                0x0000000008004162                HAL_TIM_Base_Start_IT
 .text.HAL_TIM_IRQHandler
                0x00000000080041aa      0x210 Drivers/STM32F4xx_HAL_Driver/Src/stm32f4xx_hal_tim.o
                0x00000000080041aa                HAL_TIM_IRQHandler
 .text.HAL_TIM_OC_DelayElapsedCallback
                0x00000000080043ba       0x14 Drivers/STM32F4xx_HAL_Driver/Src/stm32f4xx_hal_tim.o
                0x00000000080043ba                HAL_TIM_OC_DelayElapsedCallback
 .text.HAL_TIM_IC_CaptureCallback
                0x00000000080043ce       0x14 Drivers/STM32F4xx_HAL_Driver/Src/stm32f4xx_hal_tim.o
                0x00000000080043ce                HAL_TIM_IC_CaptureCallback
 .text.HAL_TIM_PWM_PulseFinishedCallback
                0x00000000080043e2       0x14 Drivers/STM32F4xx_HAL_Driver/Src/stm32f4xx_hal_tim.o
                0x00000000080043e2                HAL_TIM_PWM_PulseFinishedCallback
 .text.HAL_TIM_TriggerCallback
                0x00000000080043f6       0x14 Drivers/STM32F4xx_HAL_Driver/Src/stm32f4xx_hal_tim.o
                0x00000000080043f6                HAL_TIM_TriggerCallback
 *fill*         0x000000000800440a        0x2 
 .text.TIM_Base_SetConfig
                0x000000000800440c      0x100 Drivers/STM32F4xx_HAL_Driver/Src/stm32f4xx_hal_tim.o
                0x000000000800440c                TIM_Base_SetConfig
 .text.HAL_TIMEx_CommutCallback
                0x000000000800450c       0x14 Drivers/STM32F4xx_HAL_Driver/Src/stm32f4xx_hal_tim_ex.o
                0x000000000800450c                HAL_TIMEx_CommutCallback
 .text.HAL_TIMEx_BreakCallback
                0x0000000008004520       0x14 Drivers/STM32F4xx_HAL_Driver/Src/stm32f4xx_hal_tim_ex.o
                0x0000000008004520                HAL_TIMEx_BreakCallback
 .text.HAL_UART_Init
                0x0000000008004534       0x9a Drivers/STM32F4xx_HAL_Driver/Src/stm32f4xx_hal_uart.o
                0x0000000008004534                HAL_UART_Init
 .text.HAL_UART_Transmit
                0x00000000080045ce      0x132 Drivers/STM32F4xx_HAL_Driver/Src/stm32f4xx_hal_uart.o
                0x00000000080045ce                HAL_UART_Transmit
 .text.HAL_UART_Receive
                0x0000000008004700      0x14c Drivers/STM32F4xx_HAL_Driver/Src/stm32f4xx_hal_uart.o
                0x0000000008004700                HAL_UART_Receive
 .text.HAL_UART_IRQHandler
                0x000000000800484c      0x200 Drivers/STM32F4xx_HAL_Driver/Src/stm32f4xx_hal_uart.o
                0x000000000800484c                HAL_UART_IRQHandler
 .text.HAL_UART_TxCpltCallback
                0x0000000008004a4c       0x14 Drivers/STM32F4xx_HAL_Driver/Src/stm32f4xx_hal_uart.o
                0x0000000008004a4c                HAL_UART_TxCpltCallback
 .text.HAL_UART_RxCpltCallback
                0x0000000008004a60       0x14 Drivers/STM32F4xx_HAL_Driver/Src/stm32f4xx_hal_uart.o
                0x0000000008004a60                HAL_UART_RxCpltCallback
 .text.HAL_UART_ErrorCallback
                0x0000000008004a74       0x14 Drivers/STM32F4xx_HAL_Driver/Src/stm32f4xx_hal_uart.o
                0x0000000008004a74                HAL_UART_ErrorCallback
 .text.UART_WaitOnFlagUntilTimeout
                0x0000000008004a88       0x94 Drivers/STM32F4xx_HAL_Driver/Src/stm32f4xx_hal_uart.o
 .text.UART_EndRxTransfer
                0x0000000008004b1c       0x3c Drivers/STM32F4xx_HAL_Driver/Src/stm32f4xx_hal_uart.o
 .text.UART_DMAAbortOnError
                0x0000000008004b58       0x28 Drivers/STM32F4xx_HAL_Driver/Src/stm32f4xx_hal_uart.o
 .text.UART_Transmit_IT
                0x0000000008004b80       0xac Drivers/STM32F4xx_HAL_Driver/Src/stm32f4xx_hal_uart.o
 .text.UART_EndTransmit_IT
                0x0000000008004c2c       0x30 Drivers/STM32F4xx_HAL_Driver/Src/stm32f4xx_hal_uart.o
 .text.UART_Receive_IT
                0x0000000008004c5c      0x102 Drivers/STM32F4xx_HAL_Driver/Src/stm32f4xx_hal_uart.o
 *fill*         0x0000000008004d5e        0x2 
 .text.UART_SetConfig
                0x0000000008004d60      0x6f8 Drivers/STM32F4xx_HAL_Driver/Src/stm32f4xx_hal_uart.o
 .text.ai_log_err
                0x0000000008005458       0x40 X-CUBE-AI/App/app_x-cube-ai.o
 .text.ai_boostrap
                0x0000000008005498      0x10c X-CUBE-AI/App/app_x-cube-ai.o
 .text.ai_run_v2
                0x00000000080055a4       0x7c X-CUBE-AI/App/app_x-cube-ai.o
                0x00000000080055a4                ai_run_v2
 .text.MX_X_CUBE_AI_Init
                0x0000000008005620       0x24 X-CUBE-AI/App/app_x-cube-ai.o
                0x0000000008005620                MX_X_CUBE_AI_Init
 .text.network_configure_activations
                0x0000000008005644       0x7c X-CUBE-AI/App/network.o
 .text.network_configure_weights
                0x00000000080056c0       0xb8 X-CUBE-AI/App/network.o
 .text.ai_network_get_info
                0x0000000008005778       0xbc X-CUBE-AI/App/network.o
                0x0000000008005778                ai_network_get_info
 .text.ai_network_get_error
                0x0000000008005834       0x18 X-CUBE-AI/App/network.o
                0x0000000008005834                ai_network_get_error
 .text.ai_network_create
                0x000000000800584c       0x2c X-CUBE-AI/App/network.o
                0x000000000800584c                ai_network_create
 .text.ai_network_destroy
                0x0000000008005878       0x18 X-CUBE-AI/App/network.o
                0x0000000008005878                ai_network_destroy
 .text.ai_network_init
                0x0000000008005890       0x7e X-CUBE-AI/App/network.o
                0x0000000008005890                ai_network_init
 .text.ai_network_run
                0x000000000800590e       0x20 X-CUBE-AI/App/network.o
                0x000000000800590e                ai_network_run
 *fill*         0x000000000800592e        0x2 
 .text.ai_network_data_weights_get
                0x0000000008005930       0x14 X-CUBE-AI/App/network_data.o
                0x0000000008005930                ai_network_data_weights_get
 .text.unlikely._ai_platform_get_io_buffers_info
                0x0000000008005944       0x9c ../Middlewares/ST/AI/Lib\NetworkRuntime600_CM4_GCC.a(ai_platform_interface.o)
 .text.unlikely._platform_network_state_setup.isra.1
                0x00000000080059e0       0x3e ../Middlewares/ST/AI/Lib\NetworkRuntime600_CM4_GCC.a(ai_platform_interface.o)
 *fill*         0x0000000008005a1e        0x2 
 .text.ai_platform_runtime_get_revision
                0x0000000008005a20       0x44 ../Middlewares/ST/AI/Lib\NetworkRuntime600_CM4_GCC.a(ai_platform_interface.o)
                0x0000000008005a20                ai_platform_runtime_get_revision
 .text.ai_platform_runtime_get_version
                0x0000000008005a64       0x44 ../Middlewares/ST/AI/Lib\NetworkRuntime600_CM4_GCC.a(ai_platform_interface.o)
                0x0000000008005a64                ai_platform_runtime_get_version
 .text.ai_platform_api_get_version
                0x0000000008005aa8       0x68 ../Middlewares/ST/AI/Lib\NetworkRuntime600_CM4_GCC.a(ai_platform_interface.o)
                0x0000000008005aa8                ai_platform_api_get_version
 .text.ai_platform_interface_api_get_version
                0x0000000008005b10       0x68 ../Middlewares/ST/AI/Lib\NetworkRuntime600_CM4_GCC.a(ai_platform_interface.o)
                0x0000000008005b10                ai_platform_interface_api_get_version
 .text.ai_platform_context_acquire
                0x0000000008005b78       0x54 ../Middlewares/ST/AI/Lib\NetworkRuntime600_CM4_GCC.a(ai_platform_interface.o)
                0x0000000008005b78                ai_platform_context_acquire
 .text.ai_platform_network_get_error
                0x0000000008005bcc       0x64 ../Middlewares/ST/AI/Lib\NetworkRuntime600_CM4_GCC.a(ai_platform_interface.o)
                0x0000000008005bcc                ai_platform_network_get_error
 .text.ai_platform_api_get_network_report
                0x0000000008005c30      0x1ec ../Middlewares/ST/AI/Lib\NetworkRuntime600_CM4_GCC.a(ai_platform_interface.o)
                0x0000000008005c30                ai_platform_api_get_network_report
 .text.ai_platform_network_create
                0x0000000008005e1c       0xe4 ../Middlewares/ST/AI/Lib\NetworkRuntime600_CM4_GCC.a(ai_platform_interface.o)
                0x0000000008005e1c                ai_platform_network_create
 .text.ai_platform_network_destroy
                0x0000000008005f00       0x64 ../Middlewares/ST/AI/Lib\NetworkRuntime600_CM4_GCC.a(ai_platform_interface.o)
                0x0000000008005f00                ai_platform_network_destroy
 .text.ai_platform_network_init
                0x0000000008005f64       0xe4 ../Middlewares/ST/AI/Lib\NetworkRuntime600_CM4_GCC.a(ai_platform_interface.o)
                0x0000000008005f64                ai_platform_network_init
 .text.ai_platform_network_post_init
                0x0000000008006048       0x98 ../Middlewares/ST/AI/Lib\NetworkRuntime600_CM4_GCC.a(ai_platform_interface.o)
                0x0000000008006048                ai_platform_network_post_init
 .text.ai_platform_network_process
                0x00000000080060e0      0x414 ../Middlewares/ST/AI/Lib\NetworkRuntime600_CM4_GCC.a(ai_platform_interface.o)
                0x00000000080060e0                ai_platform_network_process
 .text.core_init
                0x00000000080064f4        0x4 ../Middlewares/ST/AI/Lib\NetworkRuntime600_CM4_GCC.a(core_common.o)
                0x00000000080064f4                core_init
 .text.core_get_error
                0x00000000080064f8        0xc ../Middlewares/ST/AI/Lib\NetworkRuntime600_CM4_GCC.a(core_common.o)
                0x00000000080064f8                core_get_error
 .text.core_set_error
                0x0000000008006504       0x18 ../Middlewares/ST/AI/Lib\NetworkRuntime600_CM4_GCC.a(core_common.o)
                0x0000000008006504                core_set_error
 .text.ai_dict8_dot_array_f32
                0x000000000800651c      0x19c ../Middlewares/ST/AI/Lib\NetworkRuntime600_CM4_GCC.a(layers_conv2d_generic_float.o)
                0x000000000800651c                ai_dict8_dot_array_f32
 .text.ai_dict4_dot_array_f32
                0x00000000080066b8      0x17c ../Middlewares/ST/AI/Lib\NetworkRuntime600_CM4_GCC.a(layers_conv2d_generic_float.o)
                0x00000000080066b8                ai_dict4_dot_array_f32
 .text.forward_dense
                0x0000000008006834      0x450 ../Middlewares/ST/AI/Lib\NetworkRuntime600_CM4_GCC.a(layers_conv2d_generic_float.o)
                0x0000000008006834                forward_dense
 .text.nl_func_relu_generic_array_f32
                0x0000000008006c84       0xfc ../Middlewares/ST/AI/Lib\NetworkRuntime600_CM4_GCC.a(layers_nl_generic_float.o)
                0x0000000008006c84                nl_func_relu_generic_array_f32
 .text.forward_relu
                0x0000000008006d80      0x124 ../Middlewares/ST/AI/Lib\NetworkRuntime600_CM4_GCC.a(layers_nl_generic_float.o)
                0x0000000008006d80                forward_relu
 .text.ai_check_custom_types
                0x0000000008006ea4       0x54 ../Middlewares/ST/AI/Lib\NetworkRuntime600_CM4_GCC.a(layers.o)
                0x0000000008006ea4                ai_check_custom_types
 .text.ai_layers_init_all
                0x0000000008006ef8       0x28 ../Middlewares/ST/AI/Lib\NetworkRuntime600_CM4_GCC.a(layers.o)
                0x0000000008006ef8                ai_layers_init_all
 .text.ai_layers_post_init_all
                0x0000000008006f20       0x30 ../Middlewares/ST/AI/Lib\NetworkRuntime600_CM4_GCC.a(layers.o)
                0x0000000008006f20                ai_layers_post_init_all
 .text.ai_layers_forward_all
                0x0000000008006f50       0x9c ../Middlewares/ST/AI/Lib\NetworkRuntime600_CM4_GCC.a(layers.o)
                0x0000000008006f50                ai_layers_forward_all
 .text.ai_layers_destroy_all
                0x0000000008006fec       0x30 ../Middlewares/ST/AI/Lib\NetworkRuntime600_CM4_GCC.a(layers.o)
                0x0000000008006fec                ai_layers_destroy_all
 .text.ai_array_to_buffer_fmt
                0x000000000800701c       0x98 ../Middlewares/ST/AI/Lib\NetworkRuntime600_CM4_GCC.a(ai_datatypes_format.o)
                0x000000000800701c                ai_array_to_buffer_fmt
 .text.ai_array_get_byte_size
                0x00000000080070b4       0x44 ../Middlewares/ST/AI/Lib\NetworkRuntime600_CM4_GCC.a(ai_datatypes_format.o)
                0x00000000080070b4                ai_array_get_byte_size
 .text.calloc   0x00000000080070f8       0x10 c:/users/massi/stm32cubeide_1.5.0/stm32cubeide/plugins/com.st.stm32cube.ide.mcu.externaltools.gnu-tools-for-stm32.7-2018-q2-update.win32_1.5.0.202011040924/tools/bin/../lib/gcc/arm-none-eabi/7.3.1/../../../../arm-none-eabi/lib/thumb/v7e-m/fpv4-sp/hard\libc_nano.a(lib_a-calloc.o)
                0x00000000080070f8                calloc
 .text.__errno  0x0000000008007108        0xc c:/users/massi/stm32cubeide_1.5.0/stm32cubeide/plugins/com.st.stm32cube.ide.mcu.externaltools.gnu-tools-for-stm32.7-2018-q2-update.win32_1.5.0.202011040924/tools/bin/../lib/gcc/arm-none-eabi/7.3.1/../../../../arm-none-eabi/lib/thumb/v7e-m/fpv4-sp/hard\libc_nano.a(lib_a-errno.o)
                0x0000000008007108                __errno
 .text.__libc_init_array
                0x0000000008007114       0x48 c:/users/massi/stm32cubeide_1.5.0/stm32cubeide/plugins/com.st.stm32cube.ide.mcu.externaltools.gnu-tools-for-stm32.7-2018-q2-update.win32_1.5.0.202011040924/tools/bin/../lib/gcc/arm-none-eabi/7.3.1/../../../../arm-none-eabi/lib/thumb/v7e-m/fpv4-sp/hard\libc_nano.a(lib_a-init.o)
                0x0000000008007114                __libc_init_array
 .text.malloc   0x000000000800715c       0x10 c:/users/massi/stm32cubeide_1.5.0/stm32cubeide/plugins/com.st.stm32cube.ide.mcu.externaltools.gnu-tools-for-stm32.7-2018-q2-update.win32_1.5.0.202011040924/tools/bin/../lib/gcc/arm-none-eabi/7.3.1/../../../../arm-none-eabi/lib/thumb/v7e-m/fpv4-sp/hard\libc_nano.a(lib_a-malloc.o)
                0x000000000800715c                malloc
 .text.free     0x000000000800716c       0x10 c:/users/massi/stm32cubeide_1.5.0/stm32cubeide/plugins/com.st.stm32cube.ide.mcu.externaltools.gnu-tools-for-stm32.7-2018-q2-update.win32_1.5.0.202011040924/tools/bin/../lib/gcc/arm-none-eabi/7.3.1/../../../../arm-none-eabi/lib/thumb/v7e-m/fpv4-sp/hard\libc_nano.a(lib_a-malloc.o)
                0x000000000800716c                free
 .text.memcpy   0x000000000800717c       0x16 c:/users/massi/stm32cubeide_1.5.0/stm32cubeide/plugins/com.st.stm32cube.ide.mcu.externaltools.gnu-tools-for-stm32.7-2018-q2-update.win32_1.5.0.202011040924/tools/bin/../lib/gcc/arm-none-eabi/7.3.1/../../../../arm-none-eabi/lib/thumb/v7e-m/fpv4-sp/hard\libc_nano.a(lib_a-memcpy-stub.o)
                0x000000000800717c                memcpy
 .text.memset   0x0000000008007192       0x10 c:/users/massi/stm32cubeide_1.5.0/stm32cubeide/plugins/com.st.stm32cube.ide.mcu.externaltools.gnu-tools-for-stm32.7-2018-q2-update.win32_1.5.0.202011040924/tools/bin/../lib/gcc/arm-none-eabi/7.3.1/../../../../arm-none-eabi/lib/thumb/v7e-m/fpv4-sp/hard\libc_nano.a(lib_a-memset.o)
                0x0000000008007192                memset
 .text._calloc_r
                0x00000000080071a2       0x1c c:/users/massi/stm32cubeide_1.5.0/stm32cubeide/plugins/com.st.stm32cube.ide.mcu.externaltools.gnu-tools-for-stm32.7-2018-q2-update.win32_1.5.0.202011040924/tools/bin/../lib/gcc/arm-none-eabi/7.3.1/../../../../arm-none-eabi/lib/thumb/v7e-m/fpv4-sp/hard\libc_nano.a(lib_a-nano-callocr.o)
                0x00000000080071a2                _calloc_r
 *fill*         0x00000000080071be        0x2 
 .text._free_r  0x00000000080071c0       0x9c c:/users/massi/stm32cubeide_1.5.0/stm32cubeide/plugins/com.st.stm32cube.ide.mcu.externaltools.gnu-tools-for-stm32.7-2018-q2-update.win32_1.5.0.202011040924/tools/bin/../lib/gcc/arm-none-eabi/7.3.1/../../../../arm-none-eabi/lib/thumb/v7e-m/fpv4-sp/hard\libc_nano.a(lib_a-nano-freer.o)
                0x00000000080071c0                _free_r
 .text._malloc_r
                0x000000000800725c       0xb4 c:/users/massi/stm32cubeide_1.5.0/stm32cubeide/plugins/com.st.stm32cube.ide.mcu.externaltools.gnu-tools-for-stm32.7-2018-q2-update.win32_1.5.0.202011040924/tools/bin/../lib/gcc/arm-none-eabi/7.3.1/../../../../arm-none-eabi/lib/thumb/v7e-m/fpv4-sp/hard\libc_nano.a(lib_a-nano-mallocr.o)
                0x000000000800725c                _malloc_r
 .text.__cvt    0x0000000008007310       0xc2 c:/users/massi/stm32cubeide_1.5.0/stm32cubeide/plugins/com.st.stm32cube.ide.mcu.externaltools.gnu-tools-for-stm32.7-2018-q2-update.win32_1.5.0.202011040924/tools/bin/../lib/gcc/arm-none-eabi/7.3.1/../../../../arm-none-eabi/lib/thumb/v7e-m/fpv4-sp/hard\libc_nano.a(lib_a-nano-vfprintf_float.o)
                0x0000000008007310                __cvt
 .text.__exponent
                0x00000000080073d2       0x66 c:/users/massi/stm32cubeide_1.5.0/stm32cubeide/plugins/com.st.stm32cube.ide.mcu.externaltools.gnu-tools-for-stm32.7-2018-q2-update.win32_1.5.0.202011040924/tools/bin/../lib/gcc/arm-none-eabi/7.3.1/../../../../arm-none-eabi/lib/thumb/v7e-m/fpv4-sp/hard\libc_nano.a(lib_a-nano-vfprintf_float.o)
                0x00000000080073d2                __exponent
 .text._printf_float
                0x0000000008007438      0x480 c:/users/massi/stm32cubeide_1.5.0/stm32cubeide/plugins/com.st.stm32cube.ide.mcu.externaltools.gnu-tools-for-stm32.7-2018-q2-update.win32_1.5.0.202011040924/tools/bin/../lib/gcc/arm-none-eabi/7.3.1/../../../../arm-none-eabi/lib/thumb/v7e-m/fpv4-sp/hard\libc_nano.a(lib_a-nano-vfprintf_float.o)
                0x0000000008007438                _printf_float
 .text._printf_common
                0x00000000080078b8       0xea c:/users/massi/stm32cubeide_1.5.0/stm32cubeide/plugins/com.st.stm32cube.ide.mcu.externaltools.gnu-tools-for-stm32.7-2018-q2-update.win32_1.5.0.202011040924/tools/bin/../lib/gcc/arm-none-eabi/7.3.1/../../../../arm-none-eabi/lib/thumb/v7e-m/fpv4-sp/hard\libc_nano.a(lib_a-nano-vfprintf_i.o)
                0x00000000080078b8                _printf_common
 *fill*         0x00000000080079a2        0x2 
 .text._printf_i
                0x00000000080079a4      0x224 c:/users/massi/stm32cubeide_1.5.0/stm32cubeide/plugins/com.st.stm32cube.ide.mcu.externaltools.gnu-tools-for-stm32.7-2018-q2-update.win32_1.5.0.202011040924/tools/bin/../lib/gcc/arm-none-eabi/7.3.1/../../../../arm-none-eabi/lib/thumb/v7e-m/fpv4-sp/hard\libc_nano.a(lib_a-nano-vfprintf_i.o)
                0x00000000080079a4                _printf_i
 .text.printf   0x0000000008007bc8       0x30 c:/users/massi/stm32cubeide_1.5.0/stm32cubeide/plugins/com.st.stm32cube.ide.mcu.externaltools.gnu-tools-for-stm32.7-2018-q2-update.win32_1.5.0.202011040924/tools/bin/../lib/gcc/arm-none-eabi/7.3.1/../../../../arm-none-eabi/lib/thumb/v7e-m/fpv4-sp/hard\libc_nano.a(lib_a-printf.o)
                0x0000000008007bc8                iprintf
                0x0000000008007bc8                printf
 .text._puts_r  0x0000000008007bf8       0xb8 c:/users/massi/stm32cubeide_1.5.0/stm32cubeide/plugins/com.st.stm32cube.ide.mcu.externaltools.gnu-tools-for-stm32.7-2018-q2-update.win32_1.5.0.202011040924/tools/bin/../lib/gcc/arm-none-eabi/7.3.1/../../../../arm-none-eabi/lib/thumb/v7e-m/fpv4-sp/hard\libc_nano.a(lib_a-puts.o)
                0x0000000008007bf8                _puts_r
 .text.puts     0x0000000008007cb0       0x10 c:/users/massi/stm32cubeide_1.5.0/stm32cubeide/plugins/com.st.stm32cube.ide.mcu.externaltools.gnu-tools-for-stm32.7-2018-q2-update.win32_1.5.0.202011040924/tools/bin/../lib/gcc/arm-none-eabi/7.3.1/../../../../arm-none-eabi/lib/thumb/v7e-m/fpv4-sp/hard\libc_nano.a(lib_a-puts.o)
                0x0000000008007cb0                puts
 .text.realloc  0x0000000008007cc0       0x10 c:/users/massi/stm32cubeide_1.5.0/stm32cubeide/plugins/com.st.stm32cube.ide.mcu.externaltools.gnu-tools-for-stm32.7-2018-q2-update.win32_1.5.0.202011040924/tools/bin/../lib/gcc/arm-none-eabi/7.3.1/../../../../arm-none-eabi/lib/thumb/v7e-m/fpv4-sp/hard\libc_nano.a(lib_a-realloc.o)
                0x0000000008007cc0                realloc
 .text._sbrk_r  0x0000000008007cd0       0x20 c:/users/massi/stm32cubeide_1.5.0/stm32cubeide/plugins/com.st.stm32cube.ide.mcu.externaltools.gnu-tools-for-stm32.7-2018-q2-update.win32_1.5.0.202011040924/tools/bin/../lib/gcc/arm-none-eabi/7.3.1/../../../../arm-none-eabi/lib/thumb/v7e-m/fpv4-sp/hard\libc_nano.a(lib_a-sbrkr.o)
                0x0000000008007cd0                _sbrk_r
 .text.__swbuf_r
                0x0000000008007cf0       0xa4 c:/users/massi/stm32cubeide_1.5.0/stm32cubeide/plugins/com.st.stm32cube.ide.mcu.externaltools.gnu-tools-for-stm32.7-2018-q2-update.win32_1.5.0.202011040924/tools/bin/../lib/gcc/arm-none-eabi/7.3.1/../../../../arm-none-eabi/lib/thumb/v7e-m/fpv4-sp/hard\libc_nano.a(lib_a-wbuf.o)
                0x0000000008007cf0                __swbuf_r
 .text.__swsetup_r
                0x0000000008007d94       0xdc c:/users/massi/stm32cubeide_1.5.0/stm32cubeide/plugins/com.st.stm32cube.ide.mcu.externaltools.gnu-tools-for-stm32.7-2018-q2-update.win32_1.5.0.202011040924/tools/bin/../lib/gcc/arm-none-eabi/7.3.1/../../../../arm-none-eabi/lib/thumb/v7e-m/fpv4-sp/hard\libc_nano.a(lib_a-wsetup.o)
                0x0000000008007d94                __swsetup_r
 .text.quorem   0x0000000008007e70      0x118 c:/users/massi/stm32cubeide_1.5.0/stm32cubeide/plugins/com.st.stm32cube.ide.mcu.externaltools.gnu-tools-for-stm32.7-2018-q2-update.win32_1.5.0.202011040924/tools/bin/../lib/gcc/arm-none-eabi/7.3.1/../../../../arm-none-eabi/lib/thumb/v7e-m/fpv4-sp/hard\libc_nano.a(lib_a-dtoa.o)
 .text._dtoa_r  0x0000000008007f88      0xb70 c:/users/massi/stm32cubeide_1.5.0/stm32cubeide/plugins/com.st.stm32cube.ide.mcu.externaltools.gnu-tools-for-stm32.7-2018-q2-update.win32_1.5.0.202011040924/tools/bin/../lib/gcc/arm-none-eabi/7.3.1/../../../../arm-none-eabi/lib/thumb/v7e-m/fpv4-sp/hard\libc_nano.a(lib_a-dtoa.o)
                0x0000000008007f88                _dtoa_r
 .text.__sflush_r
                0x0000000008008af8      0x10c c:/users/massi/stm32cubeide_1.5.0/stm32cubeide/plugins/com.st.stm32cube.ide.mcu.externaltools.gnu-tools-for-stm32.7-2018-q2-update.win32_1.5.0.202011040924/tools/bin/../lib/gcc/arm-none-eabi/7.3.1/../../../../arm-none-eabi/lib/thumb/v7e-m/fpv4-sp/hard\libc_nano.a(lib_a-fflush.o)
                0x0000000008008af8                __sflush_r
 .text._fflush_r
                0x0000000008008c04       0x54 c:/users/massi/stm32cubeide_1.5.0/stm32cubeide/plugins/com.st.stm32cube.ide.mcu.externaltools.gnu-tools-for-stm32.7-2018-q2-update.win32_1.5.0.202011040924/tools/bin/../lib/gcc/arm-none-eabi/7.3.1/../../../../arm-none-eabi/lib/thumb/v7e-m/fpv4-sp/hard\libc_nano.a(lib_a-fflush.o)
                0x0000000008008c04                _fflush_r
 .text.std      0x0000000008008c58       0x48 c:/users/massi/stm32cubeide_1.5.0/stm32cubeide/plugins/com.st.stm32cube.ide.mcu.externaltools.gnu-tools-for-stm32.7-2018-q2-update.win32_1.5.0.202011040924/tools/bin/../lib/gcc/arm-none-eabi/7.3.1/../../../../arm-none-eabi/lib/thumb/v7e-m/fpv4-sp/hard\libc_nano.a(lib_a-findfp.o)
 .text._cleanup_r
                0x0000000008008ca0        0xc c:/users/massi/stm32cubeide_1.5.0/stm32cubeide/plugins/com.st.stm32cube.ide.mcu.externaltools.gnu-tools-for-stm32.7-2018-q2-update.win32_1.5.0.202011040924/tools/bin/../lib/gcc/arm-none-eabi/7.3.1/../../../../arm-none-eabi/lib/thumb/v7e-m/fpv4-sp/hard\libc_nano.a(lib_a-findfp.o)
                0x0000000008008ca0                _cleanup_r
 .text.__sfmoreglue
                0x0000000008008cac       0x2c c:/users/massi/stm32cubeide_1.5.0/stm32cubeide/plugins/com.st.stm32cube.ide.mcu.externaltools.gnu-tools-for-stm32.7-2018-q2-update.win32_1.5.0.202011040924/tools/bin/../lib/gcc/arm-none-eabi/7.3.1/../../../../arm-none-eabi/lib/thumb/v7e-m/fpv4-sp/hard\libc_nano.a(lib_a-findfp.o)
                0x0000000008008cac                __sfmoreglue
 .text.__sinit  0x0000000008008cd8       0x60 c:/users/massi/stm32cubeide_1.5.0/stm32cubeide/plugins/com.st.stm32cube.ide.mcu.externaltools.gnu-tools-for-stm32.7-2018-q2-update.win32_1.5.0.202011040924/tools/bin/../lib/gcc/arm-none-eabi/7.3.1/../../../../arm-none-eabi/lib/thumb/v7e-m/fpv4-sp/hard\libc_nano.a(lib_a-findfp.o)
                0x0000000008008cd8                __sinit
 .text.__sfp    0x0000000008008d38       0x78 c:/users/massi/stm32cubeide_1.5.0/stm32cubeide/plugins/com.st.stm32cube.ide.mcu.externaltools.gnu-tools-for-stm32.7-2018-q2-update.win32_1.5.0.202011040924/tools/bin/../lib/gcc/arm-none-eabi/7.3.1/../../../../arm-none-eabi/lib/thumb/v7e-m/fpv4-sp/hard\libc_nano.a(lib_a-findfp.o)
                0x0000000008008d38                __sfp
 .text._fwalk_reent
                0x0000000008008db0       0x3c c:/users/massi/stm32cubeide_1.5.0/stm32cubeide/plugins/com.st.stm32cube.ide.mcu.externaltools.gnu-tools-for-stm32.7-2018-q2-update.win32_1.5.0.202011040924/tools/bin/../lib/gcc/arm-none-eabi/7.3.1/../../../../arm-none-eabi/lib/thumb/v7e-m/fpv4-sp/hard\libc_nano.a(lib_a-fwalk.o)
                0x0000000008008db0                _fwalk_reent
 .text._localeconv_r
                0x0000000008008dec       0x1c c:/users/massi/stm32cubeide_1.5.0/stm32cubeide/plugins/com.st.stm32cube.ide.mcu.externaltools.gnu-tools-for-stm32.7-2018-q2-update.win32_1.5.0.202011040924/tools/bin/../lib/gcc/arm-none-eabi/7.3.1/../../../../arm-none-eabi/lib/thumb/v7e-m/fpv4-sp/hard\libc_nano.a(lib_a-localeconv.o)
                0x0000000008008dec                _localeconv_r
 .text.__swhatbuf_r
                0x0000000008008e08       0x48 c:/users/massi/stm32cubeide_1.5.0/stm32cubeide/plugins/com.st.stm32cube.ide.mcu.externaltools.gnu-tools-for-stm32.7-2018-q2-update.win32_1.5.0.202011040924/tools/bin/../lib/gcc/arm-none-eabi/7.3.1/../../../../arm-none-eabi/lib/thumb/v7e-m/fpv4-sp/hard\libc_nano.a(lib_a-makebuf.o)
                0x0000000008008e08                __swhatbuf_r
 .text.__smakebuf_r
                0x0000000008008e50       0x80 c:/users/massi/stm32cubeide_1.5.0/stm32cubeide/plugins/com.st.stm32cube.ide.mcu.externaltools.gnu-tools-for-stm32.7-2018-q2-update.win32_1.5.0.202011040924/tools/bin/../lib/gcc/arm-none-eabi/7.3.1/../../../../arm-none-eabi/lib/thumb/v7e-m/fpv4-sp/hard\libc_nano.a(lib_a-makebuf.o)
                0x0000000008008e50                __smakebuf_r
 .text.__malloc_lock
                0x0000000008008ed0        0x2 c:/users/massi/stm32cubeide_1.5.0/stm32cubeide/plugins/com.st.stm32cube.ide.mcu.externaltools.gnu-tools-for-stm32.7-2018-q2-update.win32_1.5.0.202011040924/tools/bin/../lib/gcc/arm-none-eabi/7.3.1/../../../../arm-none-eabi/lib/thumb/v7e-m/fpv4-sp/hard\libc_nano.a(lib_a-mlock.o)
                0x0000000008008ed0                __malloc_lock
 .text.__malloc_unlock
                0x0000000008008ed2        0x2 c:/users/massi/stm32cubeide_1.5.0/stm32cubeide/plugins/com.st.stm32cube.ide.mcu.externaltools.gnu-tools-for-stm32.7-2018-q2-update.win32_1.5.0.202011040924/tools/bin/../lib/gcc/arm-none-eabi/7.3.1/../../../../arm-none-eabi/lib/thumb/v7e-m/fpv4-sp/hard\libc_nano.a(lib_a-mlock.o)
                0x0000000008008ed2                __malloc_unlock
 .text._Balloc  0x0000000008008ed4       0x68 c:/users/massi/stm32cubeide_1.5.0/stm32cubeide/plugins/com.st.stm32cube.ide.mcu.externaltools.gnu-tools-for-stm32.7-2018-q2-update.win32_1.5.0.202011040924/tools/bin/../lib/gcc/arm-none-eabi/7.3.1/../../../../arm-none-eabi/lib/thumb/v7e-m/fpv4-sp/hard\libc_nano.a(lib_a-mprec.o)
                0x0000000008008ed4                _Balloc
 .text._Bfree   0x0000000008008f3c       0x2e c:/users/massi/stm32cubeide_1.5.0/stm32cubeide/plugins/com.st.stm32cube.ide.mcu.externaltools.gnu-tools-for-stm32.7-2018-q2-update.win32_1.5.0.202011040924/tools/bin/../lib/gcc/arm-none-eabi/7.3.1/../../../../arm-none-eabi/lib/thumb/v7e-m/fpv4-sp/hard\libc_nano.a(lib_a-mprec.o)
                0x0000000008008f3c                _Bfree
 .text.__multadd
                0x0000000008008f6a       0x76 c:/users/massi/stm32cubeide_1.5.0/stm32cubeide/plugins/com.st.stm32cube.ide.mcu.externaltools.gnu-tools-for-stm32.7-2018-q2-update.win32_1.5.0.202011040924/tools/bin/../lib/gcc/arm-none-eabi/7.3.1/../../../../arm-none-eabi/lib/thumb/v7e-m/fpv4-sp/hard\libc_nano.a(lib_a-mprec.o)
                0x0000000008008f6a                __multadd
 .text.__hi0bits
                0x0000000008008fe0       0x3e c:/users/massi/stm32cubeide_1.5.0/stm32cubeide/plugins/com.st.stm32cube.ide.mcu.externaltools.gnu-tools-for-stm32.7-2018-q2-update.win32_1.5.0.202011040924/tools/bin/../lib/gcc/arm-none-eabi/7.3.1/../../../../arm-none-eabi/lib/thumb/v7e-m/fpv4-sp/hard\libc_nano.a(lib_a-mprec.o)
                0x0000000008008fe0                __hi0bits
 .text.__lo0bits
                0x000000000800901e       0x5e c:/users/massi/stm32cubeide_1.5.0/stm32cubeide/plugins/com.st.stm32cube.ide.mcu.externaltools.gnu-tools-for-stm32.7-2018-q2-update.win32_1.5.0.202011040924/tools/bin/../lib/gcc/arm-none-eabi/7.3.1/../../../../arm-none-eabi/lib/thumb/v7e-m/fpv4-sp/hard\libc_nano.a(lib_a-mprec.o)
                0x000000000800901e                __lo0bits
 .text.__i2b    0x000000000800907c       0x12 c:/users/massi/stm32cubeide_1.5.0/stm32cubeide/plugins/com.st.stm32cube.ide.mcu.externaltools.gnu-tools-for-stm32.7-2018-q2-update.win32_1.5.0.202011040924/tools/bin/../lib/gcc/arm-none-eabi/7.3.1/../../../../arm-none-eabi/lib/thumb/v7e-m/fpv4-sp/hard\libc_nano.a(lib_a-mprec.o)
                0x000000000800907c                __i2b
 .text.__multiply
                0x000000000800908e      0x12c c:/users/massi/stm32cubeide_1.5.0/stm32cubeide/plugins/com.st.stm32cube.ide.mcu.externaltools.gnu-tools-for-stm32.7-2018-q2-update.win32_1.5.0.202011040924/tools/bin/../lib/gcc/arm-none-eabi/7.3.1/../../../../arm-none-eabi/lib/thumb/v7e-m/fpv4-sp/hard\libc_nano.a(lib_a-mprec.o)
                0x000000000800908e                __multiply
 *fill*         0x00000000080091ba        0x2 
 .text.__pow5mult
                0x00000000080091bc       0x9c c:/users/massi/stm32cubeide_1.5.0/stm32cubeide/plugins/com.st.stm32cube.ide.mcu.externaltools.gnu-tools-for-stm32.7-2018-q2-update.win32_1.5.0.202011040924/tools/bin/../lib/gcc/arm-none-eabi/7.3.1/../../../../arm-none-eabi/lib/thumb/v7e-m/fpv4-sp/hard\libc_nano.a(lib_a-mprec.o)
                0x00000000080091bc                __pow5mult
 .text.__lshift
                0x0000000008009258       0xa8 c:/users/massi/stm32cubeide_1.5.0/stm32cubeide/plugins/com.st.stm32cube.ide.mcu.externaltools.gnu-tools-for-stm32.7-2018-q2-update.win32_1.5.0.202011040924/tools/bin/../lib/gcc/arm-none-eabi/7.3.1/../../../../arm-none-eabi/lib/thumb/v7e-m/fpv4-sp/hard\libc_nano.a(lib_a-mprec.o)
                0x0000000008009258                __lshift
 .text.__mcmp   0x0000000008009300       0x34 c:/users/massi/stm32cubeide_1.5.0/stm32cubeide/plugins/com.st.stm32cube.ide.mcu.externaltools.gnu-tools-for-stm32.7-2018-q2-update.win32_1.5.0.202011040924/tools/bin/../lib/gcc/arm-none-eabi/7.3.1/../../../../arm-none-eabi/lib/thumb/v7e-m/fpv4-sp/hard\libc_nano.a(lib_a-mprec.o)
                0x0000000008009300                __mcmp
 .text.__mdiff  0x0000000008009334       0xba c:/users/massi/stm32cubeide_1.5.0/stm32cubeide/plugins/com.st.stm32cube.ide.mcu.externaltools.gnu-tools-for-stm32.7-2018-q2-update.win32_1.5.0.202011040924/tools/bin/../lib/gcc/arm-none-eabi/7.3.1/../../../../arm-none-eabi/lib/thumb/v7e-m/fpv4-sp/hard\libc_nano.a(lib_a-mprec.o)
                0x0000000008009334                __mdiff
 .text.__d2b    0x00000000080093ee       0x9e c:/users/massi/stm32cubeide_1.5.0/stm32cubeide/plugins/com.st.stm32cube.ide.mcu.externaltools.gnu-tools-for-stm32.7-2018-q2-update.win32_1.5.0.202011040924/tools/bin/../lib/gcc/arm-none-eabi/7.3.1/../../../../arm-none-eabi/lib/thumb/v7e-m/fpv4-sp/hard\libc_nano.a(lib_a-mprec.o)
                0x00000000080093ee                __d2b
 .text._realloc_r
                0x000000000800948c       0x4c c:/users/massi/stm32cubeide_1.5.0/stm32cubeide/plugins/com.st.stm32cube.ide.mcu.externaltools.gnu-tools-for-stm32.7-2018-q2-update.win32_1.5.0.202011040924/tools/bin/../lib/gcc/arm-none-eabi/7.3.1/../../../../arm-none-eabi/lib/thumb/v7e-m/fpv4-sp/hard\libc_nano.a(lib_a-nano-reallocr.o)
                0x000000000800948c                _realloc_r
 .text.__sfputc_r
                0x00000000080094d8       0x2e c:/users/massi/stm32cubeide_1.5.0/stm32cubeide/plugins/com.st.stm32cube.ide.mcu.externaltools.gnu-tools-for-stm32.7-2018-q2-update.win32_1.5.0.202011040924/tools/bin/../lib/gcc/arm-none-eabi/7.3.1/../../../../arm-none-eabi/lib/thumb/v7e-m/fpv4-sp/hard\libc_nano.a(lib_a-nano-vfprintf.o)
 .text.__sfputs_r
                0x0000000008009506       0x24 c:/users/massi/stm32cubeide_1.5.0/stm32cubeide/plugins/com.st.stm32cube.ide.mcu.externaltools.gnu-tools-for-stm32.7-2018-q2-update.win32_1.5.0.202011040924/tools/bin/../lib/gcc/arm-none-eabi/7.3.1/../../../../arm-none-eabi/lib/thumb/v7e-m/fpv4-sp/hard\libc_nano.a(lib_a-nano-vfprintf.o)
                0x0000000008009506                __sfputs_r
 *fill*         0x000000000800952a        0x2 
 .text._vfprintf_r
                0x000000000800952c      0x22c c:/users/massi/stm32cubeide_1.5.0/stm32cubeide/plugins/com.st.stm32cube.ide.mcu.externaltools.gnu-tools-for-stm32.7-2018-q2-update.win32_1.5.0.202011040924/tools/bin/../lib/gcc/arm-none-eabi/7.3.1/../../../../arm-none-eabi/lib/thumb/v7e-m/fpv4-sp/hard\libc_nano.a(lib_a-nano-vfprintf.o)
                0x000000000800952c                _vfprintf_r
                0x000000000800952c                _vfiprintf_r
 .text.__sread  0x0000000008009758       0x22 c:/users/massi/stm32cubeide_1.5.0/stm32cubeide/plugins/com.st.stm32cube.ide.mcu.externaltools.gnu-tools-for-stm32.7-2018-q2-update.win32_1.5.0.202011040924/tools/bin/../lib/gcc/arm-none-eabi/7.3.1/../../../../arm-none-eabi/lib/thumb/v7e-m/fpv4-sp/hard\libc_nano.a(lib_a-stdio.o)
                0x0000000008009758                __sread
 .text.__swrite
                0x000000000800977a       0x38 c:/users/massi/stm32cubeide_1.5.0/stm32cubeide/plugins/com.st.stm32cube.ide.mcu.externaltools.gnu-tools-for-stm32.7-2018-q2-update.win32_1.5.0.202011040924/tools/bin/../lib/gcc/arm-none-eabi/7.3.1/../../../../arm-none-eabi/lib/thumb/v7e-m/fpv4-sp/hard\libc_nano.a(lib_a-stdio.o)
                0x000000000800977a                __swrite
 .text.__sseek  0x00000000080097b2       0x24 c:/users/massi/stm32cubeide_1.5.0/stm32cubeide/plugins/com.st.stm32cube.ide.mcu.externaltools.gnu-tools-for-stm32.7-2018-q2-update.win32_1.5.0.202011040924/tools/bin/../lib/gcc/arm-none-eabi/7.3.1/../../../../arm-none-eabi/lib/thumb/v7e-m/fpv4-sp/hard\libc_nano.a(lib_a-stdio.o)
                0x00000000080097b2                __sseek
 .text.__sclose
                0x00000000080097d6        0x8 c:/users/massi/stm32cubeide_1.5.0/stm32cubeide/plugins/com.st.stm32cube.ide.mcu.externaltools.gnu-tools-for-stm32.7-2018-q2-update.win32_1.5.0.202011040924/tools/bin/../lib/gcc/arm-none-eabi/7.3.1/../../../../arm-none-eabi/lib/thumb/v7e-m/fpv4-sp/hard\libc_nano.a(lib_a-stdio.o)
                0x00000000080097d6                __sclose
 *fill*         0x00000000080097de        0x2 
 .text._write_r
                0x00000000080097e0       0x24 c:/users/massi/stm32cubeide_1.5.0/stm32cubeide/plugins/com.st.stm32cube.ide.mcu.externaltools.gnu-tools-for-stm32.7-2018-q2-update.win32_1.5.0.202011040924/tools/bin/../lib/gcc/arm-none-eabi/7.3.1/../../../../arm-none-eabi/lib/thumb/v7e-m/fpv4-sp/hard\libc_nano.a(lib_a-writer.o)
                0x00000000080097e0                _write_r
 .text._close_r
                0x0000000008009804       0x20 c:/users/massi/stm32cubeide_1.5.0/stm32cubeide/plugins/com.st.stm32cube.ide.mcu.externaltools.gnu-tools-for-stm32.7-2018-q2-update.win32_1.5.0.202011040924/tools/bin/../lib/gcc/arm-none-eabi/7.3.1/../../../../arm-none-eabi/lib/thumb/v7e-m/fpv4-sp/hard\libc_nano.a(lib_a-closer.o)
                0x0000000008009804                _close_r
 .text._fstat_r
                0x0000000008009824       0x24 c:/users/massi/stm32cubeide_1.5.0/stm32cubeide/plugins/com.st.stm32cube.ide.mcu.externaltools.gnu-tools-for-stm32.7-2018-q2-update.win32_1.5.0.202011040924/tools/bin/../lib/gcc/arm-none-eabi/7.3.1/../../../../arm-none-eabi/lib/thumb/v7e-m/fpv4-sp/hard\libc_nano.a(lib_a-fstatr.o)
                0x0000000008009824                _fstat_r
 .text._isatty_r
                0x0000000008009848       0x20 c:/users/massi/stm32cubeide_1.5.0/stm32cubeide/plugins/com.st.stm32cube.ide.mcu.externaltools.gnu-tools-for-stm32.7-2018-q2-update.win32_1.5.0.202011040924/tools/bin/../lib/gcc/arm-none-eabi/7.3.1/../../../../arm-none-eabi/lib/thumb/v7e-m/fpv4-sp/hard\libc_nano.a(lib_a-isattyr.o)
                0x0000000008009848                _isatty_r
 .text._lseek_r
                0x0000000008009868       0x24 c:/users/massi/stm32cubeide_1.5.0/stm32cubeide/plugins/com.st.stm32cube.ide.mcu.externaltools.gnu-tools-for-stm32.7-2018-q2-update.win32_1.5.0.202011040924/tools/bin/../lib/gcc/arm-none-eabi/7.3.1/../../../../arm-none-eabi/lib/thumb/v7e-m/fpv4-sp/hard\libc_nano.a(lib_a-lseekr.o)
                0x0000000008009868                _lseek_r
 .text.__ascii_mbtowc
                0x000000000800988c       0x24 c:/users/massi/stm32cubeide_1.5.0/stm32cubeide/plugins/com.st.stm32cube.ide.mcu.externaltools.gnu-tools-for-stm32.7-2018-q2-update.win32_1.5.0.202011040924/tools/bin/../lib/gcc/arm-none-eabi/7.3.1/../../../../arm-none-eabi/lib/thumb/v7e-m/fpv4-sp/hard\libc_nano.a(lib_a-mbtowc_r.o)
                0x000000000800988c                __ascii_mbtowc
 .text._malloc_usable_size_r
                0x00000000080098b0       0x10 c:/users/massi/stm32cubeide_1.5.0/stm32cubeide/plugins/com.st.stm32cube.ide.mcu.externaltools.gnu-tools-for-stm32.7-2018-q2-update.win32_1.5.0.202011040924/tools/bin/../lib/gcc/arm-none-eabi/7.3.1/../../../../arm-none-eabi/lib/thumb/v7e-m/fpv4-sp/hard\libc_nano.a(lib_a-nano-msizer.o)
                0x00000000080098b0                _malloc_usable_size_r
 .text._read_r  0x00000000080098c0       0x24 c:/users/massi/stm32cubeide_1.5.0/stm32cubeide/plugins/com.st.stm32cube.ide.mcu.externaltools.gnu-tools-for-stm32.7-2018-q2-update.win32_1.5.0.202011040924/tools/bin/../lib/gcc/arm-none-eabi/7.3.1/../../../../arm-none-eabi/lib/thumb/v7e-m/fpv4-sp/hard\libc_nano.a(lib_a-readr.o)
                0x00000000080098c0                _read_r
 .text.__ascii_wctomb
                0x00000000080098e4       0x1a c:/users/massi/stm32cubeide_1.5.0/stm32cubeide/plugins/com.st.stm32cube.ide.mcu.externaltools.gnu-tools-for-stm32.7-2018-q2-update.win32_1.5.0.202011040924/tools/bin/../lib/gcc/arm-none-eabi/7.3.1/../../../../arm-none-eabi/lib/thumb/v7e-m/fpv4-sp/hard\libc_nano.a(lib_a-wctomb_r.o)
                0x00000000080098e4                __ascii_wctomb
 *fill*         0x00000000080098fe        0x2 
 .text.exp      0x0000000008009900       0xf8 c:/users/massi/stm32cubeide_1.5.0/stm32cubeide/plugins/com.st.stm32cube.ide.mcu.externaltools.gnu-tools-for-stm32.7-2018-q2-update.win32_1.5.0.202011040924/tools/bin/../lib/gcc/arm-none-eabi/7.3.1/../../../../arm-none-eabi/lib/thumb/v7e-m/fpv4-sp/hard\libm.a(lib_a-w_exp.o)
                0x0000000008009900                exp
 .text.log      0x00000000080099f8      0x100 c:/users/massi/stm32cubeide_1.5.0/stm32cubeide/plugins/com.st.stm32cube.ide.mcu.externaltools.gnu-tools-for-stm32.7-2018-q2-update.win32_1.5.0.202011040924/tools/bin/../lib/gcc/arm-none-eabi/7.3.1/../../../../arm-none-eabi/lib/thumb/v7e-m/fpv4-sp/hard\libm.a(lib_a-w_log.o)
                0x00000000080099f8                log
 .text.__ieee754_exp
                0x0000000008009af8      0x2dc c:/users/massi/stm32cubeide_1.5.0/stm32cubeide/plugins/com.st.stm32cube.ide.mcu.externaltools.gnu-tools-for-stm32.7-2018-q2-update.win32_1.5.0.202011040924/tools/bin/../lib/gcc/arm-none-eabi/7.3.1/../../../../arm-none-eabi/lib/thumb/v7e-m/fpv4-sp/hard\libm.a(lib_a-e_exp.o)
                0x0000000008009af8                __ieee754_exp
 *fill*         0x0000000008009dd4        0x4 
 .text.__ieee754_log
                0x0000000008009dd8      0x364 c:/users/massi/stm32cubeide_1.5.0/stm32cubeide/plugins/com.st.stm32cube.ide.mcu.externaltools.gnu-tools-for-stm32.7-2018-q2-update.win32_1.5.0.202011040924/tools/bin/../lib/gcc/arm-none-eabi/7.3.1/../../../../arm-none-eabi/lib/thumb/v7e-m/fpv4-sp/hard\libm.a(lib_a-e_log.o)
                0x0000000008009dd8                __ieee754_log
 .text.finite   0x000000000800a13c       0x10 c:/users/massi/stm32cubeide_1.5.0/stm32cubeide/plugins/com.st.stm32cube.ide.mcu.externaltools.gnu-tools-for-stm32.7-2018-q2-update.win32_1.5.0.202011040924/tools/bin/../lib/gcc/arm-none-eabi/7.3.1/../../../../arm-none-eabi/lib/thumb/v7e-m/fpv4-sp/hard\libm.a(lib_a-s_finite.o)
                0x000000000800a13c                finite
 .text.matherr  0x000000000800a14c        0x4 c:/users/massi/stm32cubeide_1.5.0/stm32cubeide/plugins/com.st.stm32cube.ide.mcu.externaltools.gnu-tools-for-stm32.7-2018-q2-update.win32_1.5.0.202011040924/tools/bin/../lib/gcc/arm-none-eabi/7.3.1/../../../../arm-none-eabi/lib/thumb/v7e-m/fpv4-sp/hard\libm.a(lib_a-s_matherr.o)
                0x000000000800a14c                matherr
 .text.nan      0x000000000800a150       0x10 c:/users/massi/stm32cubeide_1.5.0/stm32cubeide/plugins/com.st.stm32cube.ide.mcu.externaltools.gnu-tools-for-stm32.7-2018-q2-update.win32_1.5.0.202011040924/tools/bin/../lib/gcc/arm-none-eabi/7.3.1/../../../../arm-none-eabi/lib/thumb/v7e-m/fpv4-sp/hard\libm.a(lib_a-s_nan.o)
                0x000000000800a150                nan
 .text._close   0x000000000800a160       0x10 c:/users/massi/stm32cubeide_1.5.0/stm32cubeide/plugins/com.st.stm32cube.ide.mcu.externaltools.gnu-tools-for-stm32.7-2018-q2-update.win32_1.5.0.202011040924/tools/bin/../lib/gcc/arm-none-eabi/7.3.1/../../../../arm-none-eabi/lib/thumb/v7e-m/fpv4-sp/hard\libnosys.a(close.o)
                0x000000000800a160                _close
 .text._fstat   0x000000000800a170       0x10 c:/users/massi/stm32cubeide_1.5.0/stm32cubeide/plugins/com.st.stm32cube.ide.mcu.externaltools.gnu-tools-for-stm32.7-2018-q2-update.win32_1.5.0.202011040924/tools/bin/../lib/gcc/arm-none-eabi/7.3.1/../../../../arm-none-eabi/lib/thumb/v7e-m/fpv4-sp/hard\libnosys.a(fstat.o)
                0x000000000800a170                _fstat
 .text._isatty  0x000000000800a180       0x10 c:/users/massi/stm32cubeide_1.5.0/stm32cubeide/plugins/com.st.stm32cube.ide.mcu.externaltools.gnu-tools-for-stm32.7-2018-q2-update.win32_1.5.0.202011040924/tools/bin/../lib/gcc/arm-none-eabi/7.3.1/../../../../arm-none-eabi/lib/thumb/v7e-m/fpv4-sp/hard\libnosys.a(isatty.o)
                0x000000000800a180                _isatty
 .text._lseek   0x000000000800a190       0x10 c:/users/massi/stm32cubeide_1.5.0/stm32cubeide/plugins/com.st.stm32cube.ide.mcu.externaltools.gnu-tools-for-stm32.7-2018-q2-update.win32_1.5.0.202011040924/tools/bin/../lib/gcc/arm-none-eabi/7.3.1/../../../../arm-none-eabi/lib/thumb/v7e-m/fpv4-sp/hard\libnosys.a(lseek.o)
                0x000000000800a190                _lseek
 .text._read    0x000000000800a1a0       0x10 c:/users/massi/stm32cubeide_1.5.0/stm32cubeide/plugins/com.st.stm32cube.ide.mcu.externaltools.gnu-tools-for-stm32.7-2018-q2-update.win32_1.5.0.202011040924/tools/bin/../lib/gcc/arm-none-eabi/7.3.1/../../../../arm-none-eabi/lib/thumb/v7e-m/fpv4-sp/hard\libnosys.a(read.o)
                0x000000000800a1a0                _read
 .text._write   0x000000000800a1b0       0x10 c:/users/massi/stm32cubeide_1.5.0/stm32cubeide/plugins/com.st.stm32cube.ide.mcu.externaltools.gnu-tools-for-stm32.7-2018-q2-update.win32_1.5.0.202011040924/tools/bin/../lib/gcc/arm-none-eabi/7.3.1/../../../../arm-none-eabi/lib/thumb/v7e-m/fpv4-sp/hard\libnosys.a(write.o)
                0x000000000800a1b0                _write
 *(.glue_7)
 .glue_7        0x000000000800a1c0        0x0 linker stubs
 *(.glue_7t)
 .glue_7t       0x000000000800a1c0        0x0 linker stubs
 *(.eh_frame)
 .eh_frame      0x000000000800a1c0        0x0 c:/users/massi/stm32cubeide_1.5.0/stm32cubeide/plugins/com.st.stm32cube.ide.mcu.externaltools.gnu-tools-for-stm32.7-2018-q2-update.win32_1.5.0.202011040924/tools/bin/../lib/gcc/arm-none-eabi/7.3.1/thumb/v7e-m/fpv4-sp/hard/crtbegin.o
 *(.init)
 .init          0x000000000800a1c0        0x4 c:/users/massi/stm32cubeide_1.5.0/stm32cubeide/plugins/com.st.stm32cube.ide.mcu.externaltools.gnu-tools-for-stm32.7-2018-q2-update.win32_1.5.0.202011040924/tools/bin/../lib/gcc/arm-none-eabi/7.3.1/thumb/v7e-m/fpv4-sp/hard/crti.o
                0x000000000800a1c0                _init
 .init          0x000000000800a1c4        0x8 c:/users/massi/stm32cubeide_1.5.0/stm32cubeide/plugins/com.st.stm32cube.ide.mcu.externaltools.gnu-tools-for-stm32.7-2018-q2-update.win32_1.5.0.202011040924/tools/bin/../lib/gcc/arm-none-eabi/7.3.1/thumb/v7e-m/fpv4-sp/hard/crtn.o
 *(.fini)
 .fini          0x000000000800a1cc        0x4 c:/users/massi/stm32cubeide_1.5.0/stm32cubeide/plugins/com.st.stm32cube.ide.mcu.externaltools.gnu-tools-for-stm32.7-2018-q2-update.win32_1.5.0.202011040924/tools/bin/../lib/gcc/arm-none-eabi/7.3.1/thumb/v7e-m/fpv4-sp/hard/crti.o
                0x000000000800a1cc                _fini
 .fini          0x000000000800a1d0        0x8 c:/users/massi/stm32cubeide_1.5.0/stm32cubeide/plugins/com.st.stm32cube.ide.mcu.externaltools.gnu-tools-for-stm32.7-2018-q2-update.win32_1.5.0.202011040924/tools/bin/../lib/gcc/arm-none-eabi/7.3.1/thumb/v7e-m/fpv4-sp/hard/crtn.o
                0x000000000800a1d8                . = ALIGN (0x4)
                0x000000000800a1d8                _etext = .

.vfp11_veneer   0x000000000800a1d8        0x0
 .vfp11_veneer  0x000000000800a1d8        0x0 linker stubs

.v4_bx          0x000000000800a1d8        0x0
 .v4_bx         0x000000000800a1d8        0x0 linker stubs

.iplt           0x000000000800a1d8        0x0
 .iplt          0x000000000800a1d8        0x0 c:/users/massi/stm32cubeide_1.5.0/stm32cubeide/plugins/com.st.stm32cube.ide.mcu.externaltools.gnu-tools-for-stm32.7-2018-q2-update.win32_1.5.0.202011040924/tools/bin/../lib/gcc/arm-none-eabi/7.3.1/thumb/v7e-m/fpv4-sp/hard/crtbegin.o

.rodata         0x000000000800a1e0    0x5b928
                0x000000000800a1e0                . = ALIGN (0x4)
 *(.rodata)
 .rodata        0x000000000800a1e0        0x3 Core/Src/main.o
 *fill*         0x000000000800a1e3        0x1 
 .rodata        0x000000000800a1e4      0x16b X-CUBE-AI/App/app_x-cube-ai.o
 *fill*         0x000000000800a34f        0x1 
 .rodata        0x000000000800a350       0x61 X-CUBE-AI/App/network.o
 *fill*         0x000000000800a3b1        0x3 
 .rodata        0x000000000800a3b4        0x4 ../Middlewares/ST/AI/Lib\NetworkRuntime600_CM4_GCC.a(layers.o)
 *(.rodata*)
 .rodata.AHBPrescTable
                0x000000000800a3b8       0x10 Core/Src/system_stm32f4xx.o
                0x000000000800a3b8                AHBPrescTable
 .rodata.APBPrescTable
                0x000000000800a3c8        0x8 Core/Src/system_stm32f4xx.o
                0x000000000800a3c8                APBPrescTable
 .rodata.input_layer_chain
                0x000000000800a3d0        0x8 X-CUBE-AI/App/network.o
 .rodata.input_layer_nl_chain
                0x000000000800a3d8        0x8 X-CUBE-AI/App/network.o
 .rodata.hidden1_chain
                0x000000000800a3e0        0x8 X-CUBE-AI/App/network.o
 .rodata.hidden1_nl_chain
                0x000000000800a3e8        0x8 X-CUBE-AI/App/network.o
 *fill*         0x000000000800a3f0       0x10 
 .rodata.s_network_weights.5658
                0x000000000800a400    0x5b400 X-CUBE-AI/App/network_data.o
 .rodata.ai_platform_runtime_get_revision.str1.4
                0x0000000008065800        0x4 ../Middlewares/ST/AI/Lib\NetworkRuntime600_CM4_GCC.a(ai_platform_interface.o)
                                          0x1 (size before relaxing)
 .rodata.v.9055
                0x0000000008065804        0x4 ../Middlewares/ST/AI/Lib\NetworkRuntime600_CM4_GCC.a(ai_platform_interface.o)
 .rodata.v.9059
                0x0000000008065808        0x4 ../Middlewares/ST/AI/Lib\NetworkRuntime600_CM4_GCC.a(ai_platform_interface.o)
 .rodata._global_impure_ptr
                0x000000000806580c        0x4 c:/users/massi/stm32cubeide_1.5.0/stm32cubeide/plugins/com.st.stm32cube.ide.mcu.externaltools.gnu-tools-for-stm32.7-2018-q2-update.win32_1.5.0.202011040924/tools/bin/../lib/gcc/arm-none-eabi/7.3.1/../../../../arm-none-eabi/lib/thumb/v7e-m/fpv4-sp/hard\libc_nano.a(lib_a-impure.o)
                0x000000000806580c                _global_impure_ptr
 .rodata._printf_float.str1.1
                0x0000000008065810       0x12 c:/users/massi/stm32cubeide_1.5.0/stm32cubeide/plugins/com.st.stm32cube.ide.mcu.externaltools.gnu-tools-for-stm32.7-2018-q2-update.win32_1.5.0.202011040924/tools/bin/../lib/gcc/arm-none-eabi/7.3.1/../../../../arm-none-eabi/lib/thumb/v7e-m/fpv4-sp/hard\libc_nano.a(lib_a-nano-vfprintf_float.o)
 .rodata._printf_i.str1.1
                0x0000000008065822       0x22 c:/users/massi/stm32cubeide_1.5.0/stm32cubeide/plugins/com.st.stm32cube.ide.mcu.externaltools.gnu-tools-for-stm32.7-2018-q2-update.win32_1.5.0.202011040924/tools/bin/../lib/gcc/arm-none-eabi/7.3.1/../../../../arm-none-eabi/lib/thumb/v7e-m/fpv4-sp/hard\libc_nano.a(lib_a-nano-vfprintf_i.o)
 .rodata._dtoa_r.str1.1
                0x0000000008065844        0xd c:/users/massi/stm32cubeide_1.5.0/stm32cubeide/plugins/com.st.stm32cube.ide.mcu.externaltools.gnu-tools-for-stm32.7-2018-q2-update.win32_1.5.0.202011040924/tools/bin/../lib/gcc/arm-none-eabi/7.3.1/../../../../arm-none-eabi/lib/thumb/v7e-m/fpv4-sp/hard\libc_nano.a(lib_a-dtoa.o)
                                          0xf (size before relaxing)
 *fill*         0x0000000008065851        0x3 
 .rodata.__sf_fake_stderr
                0x0000000008065854       0x20 c:/users/massi/stm32cubeide_1.5.0/stm32cubeide/plugins/com.st.stm32cube.ide.mcu.externaltools.gnu-tools-for-stm32.7-2018-q2-update.win32_1.5.0.202011040924/tools/bin/../lib/gcc/arm-none-eabi/7.3.1/../../../../arm-none-eabi/lib/thumb/v7e-m/fpv4-sp/hard\libc_nano.a(lib_a-findfp.o)
                0x0000000008065854                __sf_fake_stderr
 .rodata.__sf_fake_stdin
                0x0000000008065874       0x20 c:/users/massi/stm32cubeide_1.5.0/stm32cubeide/plugins/com.st.stm32cube.ide.mcu.externaltools.gnu-tools-for-stm32.7-2018-q2-update.win32_1.5.0.202011040924/tools/bin/../lib/gcc/arm-none-eabi/7.3.1/../../../../arm-none-eabi/lib/thumb/v7e-m/fpv4-sp/hard\libc_nano.a(lib_a-findfp.o)
                0x0000000008065874                __sf_fake_stdin
 .rodata.__sf_fake_stdout
                0x0000000008065894       0x20 c:/users/massi/stm32cubeide_1.5.0/stm32cubeide/plugins/com.st.stm32cube.ide.mcu.externaltools.gnu-tools-for-stm32.7-2018-q2-update.win32_1.5.0.202011040924/tools/bin/../lib/gcc/arm-none-eabi/7.3.1/../../../../arm-none-eabi/lib/thumb/v7e-m/fpv4-sp/hard\libc_nano.a(lib_a-findfp.o)
                0x0000000008065894                __sf_fake_stdout
 *fill*         0x00000000080658b4        0x4 
 .rodata.__mprec_bigtens
                0x00000000080658b8       0x28 c:/users/massi/stm32cubeide_1.5.0/stm32cubeide/plugins/com.st.stm32cube.ide.mcu.externaltools.gnu-tools-for-stm32.7-2018-q2-update.win32_1.5.0.202011040924/tools/bin/../lib/gcc/arm-none-eabi/7.3.1/../../../../arm-none-eabi/lib/thumb/v7e-m/fpv4-sp/hard\libc_nano.a(lib_a-mprec.o)
                0x00000000080658b8                __mprec_bigtens
 .rodata.__mprec_tens
                0x00000000080658e0       0xc8 c:/users/massi/stm32cubeide_1.5.0/stm32cubeide/plugins/com.st.stm32cube.ide.mcu.externaltools.gnu-tools-for-stm32.7-2018-q2-update.win32_1.5.0.202011040924/tools/bin/../lib/gcc/arm-none-eabi/7.3.1/../../../../arm-none-eabi/lib/thumb/v7e-m/fpv4-sp/hard\libc_nano.a(lib_a-mprec.o)
                0x00000000080658e0                __mprec_tens
 .rodata.p05.7359
                0x00000000080659a8        0xc c:/users/massi/stm32cubeide_1.5.0/stm32cubeide/plugins/com.st.stm32cube.ide.mcu.externaltools.gnu-tools-for-stm32.7-2018-q2-update.win32_1.5.0.202011040924/tools/bin/../lib/gcc/arm-none-eabi/7.3.1/../../../../arm-none-eabi/lib/thumb/v7e-m/fpv4-sp/hard\libc_nano.a(lib_a-mprec.o)
 .rodata._vfprintf_r.str1.1
                0x00000000080659b4       0x11 c:/users/massi/stm32cubeide_1.5.0/stm32cubeide/plugins/com.st.stm32cube.ide.mcu.externaltools.gnu-tools-for-stm32.7-2018-q2-update.win32_1.5.0.202011040924/tools/bin/../lib/gcc/arm-none-eabi/7.3.1/../../../../arm-none-eabi/lib/thumb/v7e-m/fpv4-sp/hard\libc_nano.a(lib_a-nano-vfprintf.o)
 .rodata._setlocale_r.str1.1
                0x00000000080659c5        0x8 c:/users/massi/stm32cubeide_1.5.0/stm32cubeide/plugins/com.st.stm32cube.ide.mcu.externaltools.gnu-tools-for-stm32.7-2018-q2-update.win32_1.5.0.202011040924/tools/bin/../lib/gcc/arm-none-eabi/7.3.1/../../../../arm-none-eabi/lib/thumb/v7e-m/fpv4-sp/hard\libc_nano.a(lib_a-locale.o)
                                          0x9 (size before relaxing)
 .rodata.str1.1
                0x00000000080659cd        0x2 c:/users/massi/stm32cubeide_1.5.0/stm32cubeide/plugins/com.st.stm32cube.ide.mcu.externaltools.gnu-tools-for-stm32.7-2018-q2-update.win32_1.5.0.202011040924/tools/bin/../lib/gcc/arm-none-eabi/7.3.1/../../../../arm-none-eabi/lib/thumb/v7e-m/fpv4-sp/hard\libc_nano.a(lib_a-locale.o)
 .rodata._ctype_
                0x00000000080659cf      0x101 c:/users/massi/stm32cubeide_1.5.0/stm32cubeide/plugins/com.st.stm32cube.ide.mcu.externaltools.gnu-tools-for-stm32.7-2018-q2-update.win32_1.5.0.202011040924/tools/bin/../lib/gcc/arm-none-eabi/7.3.1/../../../../arm-none-eabi/lib/thumb/v7e-m/fpv4-sp/hard\libc_nano.a(lib_a-ctype_.o)
                0x00000000080659cf                _ctype_
 .rodata.exp.str1.1
                0x0000000008065ad0        0x4 c:/users/massi/stm32cubeide_1.5.0/stm32cubeide/plugins/com.st.stm32cube.ide.mcu.externaltools.gnu-tools-for-stm32.7-2018-q2-update.win32_1.5.0.202011040924/tools/bin/../lib/gcc/arm-none-eabi/7.3.1/../../../../arm-none-eabi/lib/thumb/v7e-m/fpv4-sp/hard\libm.a(lib_a-w_exp.o)
 .rodata.log.str1.1
                0x0000000008065ad4        0x4 c:/users/massi/stm32cubeide_1.5.0/stm32cubeide/plugins/com.st.stm32cube.ide.mcu.externaltools.gnu-tools-for-stm32.7-2018-q2-update.win32_1.5.0.202011040924/tools/bin/../lib/gcc/arm-none-eabi/7.3.1/../../../../arm-none-eabi/lib/thumb/v7e-m/fpv4-sp/hard\libm.a(lib_a-w_log.o)
                                          0x5 (size before relaxing)
 .rodata.halF   0x0000000008065ad8       0x10 c:/users/massi/stm32cubeide_1.5.0/stm32cubeide/plugins/com.st.stm32cube.ide.mcu.externaltools.gnu-tools-for-stm32.7-2018-q2-update.win32_1.5.0.202011040924/tools/bin/../lib/gcc/arm-none-eabi/7.3.1/../../../../arm-none-eabi/lib/thumb/v7e-m/fpv4-sp/hard\libm.a(lib_a-e_exp.o)
 .rodata.ln2HI  0x0000000008065ae8       0x10 c:/users/massi/stm32cubeide_1.5.0/stm32cubeide/plugins/com.st.stm32cube.ide.mcu.externaltools.gnu-tools-for-stm32.7-2018-q2-update.win32_1.5.0.202011040924/tools/bin/../lib/gcc/arm-none-eabi/7.3.1/../../../../arm-none-eabi/lib/thumb/v7e-m/fpv4-sp/hard\libm.a(lib_a-e_exp.o)
 .rodata.ln2LO  0x0000000008065af8       0x10 c:/users/massi/stm32cubeide_1.5.0/stm32cubeide/plugins/com.st.stm32cube.ide.mcu.externaltools.gnu-tools-for-stm32.7-2018-q2-update.win32_1.5.0.202011040924/tools/bin/../lib/gcc/arm-none-eabi/7.3.1/../../../../arm-none-eabi/lib/thumb/v7e-m/fpv4-sp/hard\libm.a(lib_a-e_exp.o)
                0x0000000008065b08                . = ALIGN (0x4)

.ARM.extab      0x0000000008065b08        0x0
                0x0000000008065b08                . = ALIGN (0x4)
 *(.ARM.extab* .gnu.linkonce.armextab.*)
                0x0000000008065b08                . = ALIGN (0x4)

.ARM            0x0000000008065b08        0x8
                0x0000000008065b08                . = ALIGN (0x4)
                0x0000000008065b08                __exidx_start = .
 *(.ARM.exidx*)
 .ARM.exidx     0x0000000008065b08        0x8 c:/users/massi/stm32cubeide_1.5.0/stm32cubeide/plugins/com.st.stm32cube.ide.mcu.externaltools.gnu-tools-for-stm32.7-2018-q2-update.win32_1.5.0.202011040924/tools/bin/../lib/gcc/arm-none-eabi/7.3.1/thumb/v7e-m/fpv4-sp/hard\libgcc.a(_udivmoddi4.o)
                0x0000000008065b10                __exidx_end = .
                0x0000000008065b10                . = ALIGN (0x4)

.rel.dyn        0x0000000008065b10        0x0
 .rel.iplt      0x0000000008065b10        0x0 c:/users/massi/stm32cubeide_1.5.0/stm32cubeide/plugins/com.st.stm32cube.ide.mcu.externaltools.gnu-tools-for-stm32.7-2018-q2-update.win32_1.5.0.202011040924/tools/bin/../lib/gcc/arm-none-eabi/7.3.1/thumb/v7e-m/fpv4-sp/hard/crtbegin.o

.preinit_array  0x0000000008065b10        0x0
                0x0000000008065b10                . = ALIGN (0x4)
                0x0000000008065b10                PROVIDE (__preinit_array_start = .)
 *(.preinit_array*)
                0x0000000008065b10                PROVIDE (__preinit_array_end = .)
                0x0000000008065b10                . = ALIGN (0x4)

.init_array     0x0000000008065b10        0x4
                0x0000000008065b10                . = ALIGN (0x4)
                0x0000000008065b10                PROVIDE (__init_array_start = .)
 *(SORT_BY_NAME(.init_array.*))
 *(.init_array*)
 .init_array    0x0000000008065b10        0x4 c:/users/massi/stm32cubeide_1.5.0/stm32cubeide/plugins/com.st.stm32cube.ide.mcu.externaltools.gnu-tools-for-stm32.7-2018-q2-update.win32_1.5.0.202011040924/tools/bin/../lib/gcc/arm-none-eabi/7.3.1/thumb/v7e-m/fpv4-sp/hard/crtbegin.o
                0x0000000008065b14                PROVIDE (__init_array_end = .)
                0x0000000008065b14                . = ALIGN (0x4)

.fini_array     0x0000000008065b14        0x4
                0x0000000008065b14                . = ALIGN (0x4)
                [!provide]                        PROVIDE (__fini_array_start = .)
 *(SORT_BY_NAME(.fini_array.*))
 *(.fini_array*)
 .fini_array    0x0000000008065b14        0x4 c:/users/massi/stm32cubeide_1.5.0/stm32cubeide/plugins/com.st.stm32cube.ide.mcu.externaltools.gnu-tools-for-stm32.7-2018-q2-update.win32_1.5.0.202011040924/tools/bin/../lib/gcc/arm-none-eabi/7.3.1/thumb/v7e-m/fpv4-sp/hard/crtbegin.o
                [!provide]                        PROVIDE (__fini_array_end = .)
                0x0000000008065b18                . = ALIGN (0x4)
                0x0000000008065b18                _sidata = LOADADDR (.data)

.data           0x0000000020000000     0x10a4 load address 0x0000000008065b18
                0x0000000020000000                . = ALIGN (0x4)
                0x0000000020000000                _sdata = .
 *(.data)
 *(.data*)
 .data.saved_weights
                0x0000000020000000      0xa00 Core/Src/main.o
                0x0000000020000000                saved_weights
 .data.saved_biases
                0x0000000020000a00       0x14 Core/Src/main.o
                0x0000000020000a00                saved_biases
 .data.SystemCoreClock
                0x0000000020000a14        0x4 Core/Src/system_stm32f4xx.o
                0x0000000020000a14                SystemCoreClock
 .data.uwTickPrio
                0x0000000020000a18        0x4 Drivers/STM32F4xx_HAL_Driver/Src/stm32f4xx_hal.o
                0x0000000020000a18                uwTickPrio
 .data.uwTickFreq
                0x0000000020000a1c        0x1 Drivers/STM32F4xx_HAL_Driver/Src/stm32f4xx_hal.o
                0x0000000020000a1c                uwTickFreq
 *fill*         0x0000000020000a1d        0x3 
 .data.g_network
                0x0000000020000a20       0x64 X-CUBE-AI/App/network.o
 .data.input_0_output_array
                0x0000000020000a84       0x10 X-CUBE-AI/App/network.o
 .data.input_layer_output_array
                0x0000000020000a94       0x10 X-CUBE-AI/App/network.o
 .data.input_layer_nl_output_array
                0x0000000020000aa4       0x10 X-CUBE-AI/App/network.o
 .data.hidden1_output_array
                0x0000000020000ab4       0x10 X-CUBE-AI/App/network.o
 .data.hidden1_nl_output_array
                0x0000000020000ac4       0x10 X-CUBE-AI/App/network.o
 .data.input_layer_weights_array
                0x0000000020000ad4       0x10 X-CUBE-AI/App/network.o
 .data.input_layer_bias_array
                0x0000000020000ae4       0x10 X-CUBE-AI/App/network.o
 .data.hidden1_weights_array
                0x0000000020000af4       0x10 X-CUBE-AI/App/network.o
 .data.hidden1_bias_array
                0x0000000020000b04       0x10 X-CUBE-AI/App/network.o
 .data.input_0_output
                0x0000000020000b14       0x1c X-CUBE-AI/App/network.o
 .data.input_layer_output
                0x0000000020000b30       0x1c X-CUBE-AI/App/network.o
 .data.input_layer_nl_output
                0x0000000020000b4c       0x1c X-CUBE-AI/App/network.o
 .data.hidden1_output
                0x0000000020000b68       0x1c X-CUBE-AI/App/network.o
 .data.hidden1_nl_output
                0x0000000020000b84       0x1c X-CUBE-AI/App/network.o
 .data.input_layer_weights
                0x0000000020000ba0       0x1c X-CUBE-AI/App/network.o
 .data.input_layer_bias
                0x0000000020000bbc       0x1c X-CUBE-AI/App/network.o
 .data.hidden1_weights
                0x0000000020000bd8       0x1c X-CUBE-AI/App/network.o
 .data.hidden1_bias
                0x0000000020000bf4       0x1c X-CUBE-AI/App/network.o
 .data.input_layer_layer
                0x0000000020000c10       0x1c X-CUBE-AI/App/network.o
 .data.input_layer_nl_layer
                0x0000000020000c2c       0x20 X-CUBE-AI/App/network.o
 .data.hidden1_layer
                0x0000000020000c4c       0x1c X-CUBE-AI/App/network.o
 .data.hidden1_nl_layer
                0x0000000020000c68       0x20 X-CUBE-AI/App/network.o
 .data.__compound_literal.0
                0x0000000020000c88       0x10 X-CUBE-AI/App/network.o
 .data.__compound_literal.1
                0x0000000020000c98       0x10 X-CUBE-AI/App/network.o
 .data.__compound_literal.2
                0x0000000020000ca8       0x10 X-CUBE-AI/App/network.o
 .data.__compound_literal.3
                0x0000000020000cb8       0x10 X-CUBE-AI/App/network.o
 .data.__compound_literal.4
                0x0000000020000cc8       0x10 X-CUBE-AI/App/network.o
 .data.__compound_literal.5
                0x0000000020000cd8       0x10 X-CUBE-AI/App/network.o
 .data.__compound_literal.6
                0x0000000020000ce8       0x10 X-CUBE-AI/App/network.o
 .data.__compound_literal.7
                0x0000000020000cf8       0x10 X-CUBE-AI/App/network.o
 .data.__compound_literal.8
                0x0000000020000d08       0x10 X-CUBE-AI/App/network.o
 .data.__compound_literal.9
                0x0000000020000d18       0x10 X-CUBE-AI/App/network.o
 .data.__compound_literal.10
                0x0000000020000d28       0x10 X-CUBE-AI/App/network.o
 .data.__compound_literal.11
                0x0000000020000d38       0x10 X-CUBE-AI/App/network.o
 .data.__compound_literal.12
                0x0000000020000d48       0x10 X-CUBE-AI/App/network.o
 .data.__compound_literal.13
                0x0000000020000d58       0x10 X-CUBE-AI/App/network.o
 .data.__compound_literal.14
                0x0000000020000d68       0x10 X-CUBE-AI/App/network.o
 .data.__compound_literal.15
                0x0000000020000d78       0x10 X-CUBE-AI/App/network.o
 .data.__compound_literal.16
                0x0000000020000d88       0x10 X-CUBE-AI/App/network.o
 .data.__compound_literal.17
                0x0000000020000d98       0x10 X-CUBE-AI/App/network.o
 .data.__compound_literal.18
                0x0000000020000da8        0x4 X-CUBE-AI/App/network.o
 .data.__compound_literal.19
                0x0000000020000dac        0x4 X-CUBE-AI/App/network.o
 .data.__compound_literal.20
                0x0000000020000db0        0x8 X-CUBE-AI/App/network.o
 .data.__compound_literal.22
                0x0000000020000db8       0x30 X-CUBE-AI/App/network.o
 .data.__compound_literal.23
                0x0000000020000de8        0x4 X-CUBE-AI/App/network.o
 .data.__compound_literal.24
                0x0000000020000dec        0x4 X-CUBE-AI/App/network.o
 .data.__compound_literal.27
                0x0000000020000df0       0x30 X-CUBE-AI/App/network.o
 .data.__compound_literal.28
                0x0000000020000e20        0x4 X-CUBE-AI/App/network.o
 .data.__compound_literal.29
                0x0000000020000e24        0x4 X-CUBE-AI/App/network.o
 .data.__compound_literal.30
                0x0000000020000e28        0x8 X-CUBE-AI/App/network.o
 .data.__compound_literal.32
                0x0000000020000e30       0x30 X-CUBE-AI/App/network.o
 .data.__compound_literal.33
                0x0000000020000e60        0x4 X-CUBE-AI/App/network.o
 .data.__compound_literal.34
                0x0000000020000e64        0x4 X-CUBE-AI/App/network.o
 .data.__compound_literal.37
                0x0000000020000e68       0x30 X-CUBE-AI/App/network.o
 .data.__compound_literal.38
                0x0000000020000e98        0x4 X-CUBE-AI/App/network.o
 .data.__compound_literal.42
                0x0000000020000e9c        0xc X-CUBE-AI/App/network.o
 .data.__compound_literal.43
                0x0000000020000ea8        0x4 X-CUBE-AI/App/network.o
 .data.__compound_literal.47
                0x0000000020000eac        0xc X-CUBE-AI/App/network.o
 .data.__compound_literal.48
                0x0000000020000eb8       0x18 X-CUBE-AI/App/network.o
 .data._impure_ptr
                0x0000000020000ed0        0x4 c:/users/massi/stm32cubeide_1.5.0/stm32cubeide/plugins/com.st.stm32cube.ide.mcu.externaltools.gnu-tools-for-stm32.7-2018-q2-update.win32_1.5.0.202011040924/tools/bin/../lib/gcc/arm-none-eabi/7.3.1/../../../../arm-none-eabi/lib/thumb/v7e-m/fpv4-sp/hard\libc_nano.a(lib_a-impure.o)
                0x0000000020000ed0                _impure_ptr
 .data.impure_data