hts221_reg.c:48:9:hts221_read_reg	40	static
hts221_reg.c:66:9:hts221_write_reg	40	static
hts221_reg.c:95:9:hts221_humidity_avg_set	24	static
hts221_reg.c:117:9:hts221_humidity_avg_get	24	static
hts221_reg.c:172:9:hts221_temperature_avg_set	24	static
hts221_reg.c:195:9:hts221_temperature_avg_get	24	static
hts221_reg.c:251:9:hts221_data_rate_set	24	static
hts221_reg.c:273:9:hts221_data_rate_get	24	static
hts221_reg.c:312:9:hts221_block_data_update_set	24	static
hts221_reg.c:334:9:hts221_block_data_update_get	24	static
hts221_reg.c:351:9:hts221_one_shoot_trigger_set	24	static
hts221_reg.c:373:9:hts221_one_shoot_trigger_get	24	static
hts221_reg.c:390:9:hts221_temp_data_ready_get	24	static
hts221_reg.c:407:9:hts221_hum_data_ready_get	24	static
hts221_reg.c:424:9:hts221_humidity_raw_get	24	static
hts221_reg.c:442:9:hts221_temperature_raw_get	24	static
hts221_reg.c:472:9:hts221_device_id_get	24	static
hts221_reg.c:487:9:hts221_power_on_set	24	static
hts221_reg.c:509:9:hts221_power_on_get	24	static
hts221_reg.c:527:9:hts221_heater_set	24	static
hts221_reg.c:549:9:hts221_heater_get	24	static
hts221_reg.c:566:9:hts221_boot_set	24	static
hts221_reg.c:588:9:hts221_boot_get	24	static
hts221_reg.c:605:9:hts221_status_get	24	static
hts221_reg.c:632:9:hts221_drdy_on_int_set	24	static
hts221_reg.c:654:9:hts221_drdy_on_int_get	24	static
hts221_reg.c:670:9:hts221_pin_mode_set	24	static
hts221_reg.c:692:9:hts221_pin_mode_get	24	static
hts221_reg.c:723:9:hts221_int_polarity_set	24	static
hts221_reg.c:746:9:hts221_int_polarity_get	24	static
hts221_reg.c:791:9:hts221_hum_rh_point_0_get	24	static
hts221_reg.c:808:9:hts221_hum_rh_point_1_get	24	static
hts221_reg.c:825:9:hts221_temp_deg_point_0_get	32	static
hts221_reg.c:849:9:hts221_temp_deg_point_1_get	32	static
hts221_reg.c:873:9:hts221_hum_adc_point_0_get	24	static
hts221_reg.c:892:9:hts221_hum_adc_point_1_get	24	static
hts221_reg.c:911:9:hts221_temp_adc_point_0_get	24	static
hts221_reg.c:930:9:hts221_temp_adc_point_1_get	24	static
