lsm6dsl.c:101:9:LSM6DSL_RegisterBusIO	24	static
lsm6dsl.c:158:9:LSM6DSL_Init	16	static
lsm6dsl.c:219:9:LSM6DSL_DeInit	16	static
lsm6dsl.c:247:9:LSM6DSL_ReadID	16	static
lsm6dsl.c:263:9:LSM6DSL_GetCapabilities	16	static
lsm6dsl.c:286:9:LSM6DSL_ACC_Enable	16	static
lsm6dsl.c:310:9:LSM6DSL_ACC_Disable	16	static
lsm6dsl.c:341:9:LSM6DSL_ACC_GetSensitivity	24	static
lsm6dsl.c:385:9:LSM6DSL_ACC_GetOutputDataRate	24	static
lsm6dsl.c:460:9:LSM6DSL_ACC_SetOutputDataRate	16	static
lsm6dsl.c:479:9:LSM6DSL_ACC_GetFullScale	24	static
lsm6dsl.c:522:9:LSM6DSL_ACC_SetFullScale	24	static
lsm6dsl.c:547:9:LSM6DSL_ACC_GetAxesRaw	24	static
lsm6dsl.c:571:9:LSM6DSL_ACC_GetAxes	32	static
lsm6dsl.c:601:9:LSM6DSL_GYRO_Enable	16	static
lsm6dsl.c:625:9:LSM6DSL_GYRO_Disable	16	static
lsm6dsl.c:656:9:LSM6DSL_GYRO_GetSensitivity	24	static
lsm6dsl.c:704:9:LSM6DSL_GYRO_GetOutputDataRate	24	static
lsm6dsl.c:775:9:LSM6DSL_GYRO_SetOutputDataRate	16	static
lsm6dsl.c:794:9:LSM6DSL_GYRO_GetFullScale	24	static
lsm6dsl.c:841:9:LSM6DSL_GYRO_SetFullScale	24	static
lsm6dsl.c:865:9:LSM6DSL_GYRO_GetAxesRaw	24	static
lsm6dsl.c:889:9:LSM6DSL_GYRO_GetAxes	32	static
lsm6dsl.c:921:9:LSM6DSL_Read_Reg	24	static
lsm6dsl.c:938:9:LSM6DSL_Write_Reg	16	static
lsm6dsl.c:954:9:LSM6DSL_Set_Interrupt_Latch	16	static
lsm6dsl.c:975:9:LSM6DSL_ACC_Enable_Free_Fall_Detection	32	static
lsm6dsl.c:1067:9:LSM6DSL_ACC_Disable_Free_Fall_Detection	24	static
lsm6dsl.c:1118:9:LSM6DSL_ACC_Set_Free_Fall_Threshold	16	static
lsm6dsl.c:1134:9:LSM6DSL_ACC_Set_Free_Fall_Duration	16	static
lsm6dsl.c:1149:9:LSM6DSL_ACC_Enable_Pedometer	24	static
lsm6dsl.c:1198:9:LSM6DSL_ACC_Disable_Pedometer	24	static
lsm6dsl.c:1236:9:LSM6DSL_ACC_Get_Step_Count	16	static
lsm6dsl.c:1251:9:LSM6DSL_ACC_Enable_Step_Counter_Reset	16	static
lsm6dsl.c:1266:9:LSM6DSL_ACC_Disable_Step_Counter_Reset	16	static
lsm6dsl.c:1282:9:LSM6DSL_ACC_Set_Pedometer_Threshold	16	static
lsm6dsl.c:1298:9:LSM6DSL_ACC_Enable_Tilt_Detection	32	static
lsm6dsl.c:1366:9:LSM6DSL_ACC_Disable_Tilt_Detection	24	static
lsm6dsl.c:1411:9:LSM6DSL_ACC_Enable_Wake_Up_Detection	32	static
lsm6dsl.c:1485:9:LSM6DSL_ACC_Disable_Wake_Up_Detection	24	static
lsm6dsl.c:1536:9:LSM6DSL_ACC_Set_Wake_Up_Threshold	16	static
lsm6dsl.c:1553:9:LSM6DSL_ACC_Set_Wake_Up_Duration	16	static
lsm6dsl.c:1570:9:LSM6DSL_ACC_Enable_Inactivity_Detection	32	static
lsm6dsl.c:1640:9:LSM6DSL_ACC_Disable_Inactivity_Detection	24	static
lsm6dsl.c:1697:9:LSM6DSL_ACC_Set_Sleep_Duration	16	static
lsm6dsl.c:1714:9:LSM6DSL_ACC_Enable_Single_Tap_Detection	32	static
lsm6dsl.c:1816:9:LSM6DSL_ACC_Disable_Single_Tap_Detection	24	static
lsm6dsl.c:1891:9:LSM6DSL_ACC_Enable_Double_Tap_Detection	32	static
lsm6dsl.c:2001:9:LSM6DSL_ACC_Disable_Double_Tap_Detection	24	static
lsm6dsl.c:2088:9:LSM6DSL_ACC_Set_Tap_Threshold	16	static
lsm6dsl.c:2105:9:LSM6DSL_ACC_Set_Tap_Shock_Time	16	static
lsm6dsl.c:2122:9:LSM6DSL_ACC_Set_Tap_Quiet_Time	16	static
lsm6dsl.c:2139:9:LSM6DSL_ACC_Set_Tap_Duration_Time	16	static
lsm6dsl.c:2156:9:LSM6DSL_ACC_Enable_6D_Orientation	32	static
lsm6dsl.c:2224:9:LSM6DSL_ACC_Disable_6D_Orientation	24	static
lsm6dsl.c:2269:9:LSM6DSL_ACC_Set_6D_Orientation_Threshold	16	static
lsm6dsl.c:2285:9:LSM6DSL_ACC_Get_6D_Orientation_XL	24	static
lsm6dsl.c:2305:9:LSM6DSL_ACC_Get_6D_Orientation_XH	24	static
lsm6dsl.c:2325:9:LSM6DSL_ACC_Get_6D_Orientation_YL	24	static
lsm6dsl.c:2345:9:LSM6DSL_ACC_Get_6D_Orientation_YH	24	static
lsm6dsl.c:2365:9:LSM6DSL_ACC_Get_6D_Orientation_ZL	24	static
lsm6dsl.c:2385:9:LSM6DSL_ACC_Get_6D_Orientation_ZH	24	static
lsm6dsl.c:2405:9:LSM6DSL_ACC_Get_Event_Status	48	static
lsm6dsl.c:2525:9:LSM6DSL_ACC_Set_SelfTest	24	static
lsm6dsl.c:2548:9:LSM6DSL_ACC_Get_DRDY_Status	16	static
lsm6dsl.c:2564:9:LSM6DSL_ACC_Get_Init_Status	16	static
lsm6dsl.c:2582:9:LSM6DSL_ACC_Set_INT1_DRDY	24	static
lsm6dsl.c:2614:9:LSM6DSL_GYRO_Set_SelfTest	24	static
lsm6dsl.c:2638:9:LSM6DSL_GYRO_Get_DRDY_Status	16	static
lsm6dsl.c:2654:9:LSM6DSL_GYRO_Get_Init_Status	16	static
lsm6dsl.c:2672:9:LSM6DSL_GYRO_Set_INT1_DRDY	24	static
lsm6dsl.c:2704:9:LSM6DSL_Set_DRDY_Mode	24	static
lsm6dsl.c:2726:9:LSM6DSL_FIFO_Get_Num_Samples	16	static
lsm6dsl.c:2742:9:LSM6DSL_FIFO_Get_Full_Status	24	static
lsm6dsl.c:2762:9:LSM6DSL_FIFO_Set_ODR_Value	24	static
lsm6dsl.c:2791:9:LSM6DSL_FIFO_Set_INT1_FIFO_Full	24	static
lsm6dsl.c:2816:9:LSM6DSL_FIFO_Set_Watermark_Level	16	static
lsm6dsl.c:2832:9:LSM6DSL_FIFO_Set_Stop_On_Fth	16	static
lsm6dsl.c:2848:9:LSM6DSL_FIFO_Set_Mode	24	static
lsm6dsl.c:2886:9:LSM6DSL_FIFO_Get_Pattern	16	static
lsm6dsl.c:2902:9:LSM6DSL_FIFO_Get_Data	16	static
lsm6dsl.c:2918:9:LSM6DSL_FIFO_ACC_Set_Decimation	24	static
lsm6dsl.c:2959:9:LSM6DSL_FIFO_ACC_Get_Axis	32	static
lsm6dsl.c:2990:9:LSM6DSL_FIFO_GYRO_Set_Decimation	24	static
lsm6dsl.c:3031:9:LSM6DSL_FIFO_GYRO_Get_Axis	32	static
lsm6dsl.c:3070:16:LSM6DSL_ACC_SetOutputDataRate_When_Enabled	24	static
lsm6dsl.c:3100:16:LSM6DSL_ACC_SetOutputDataRate_When_Disabled	16	static
lsm6dsl.c:3122:16:LSM6DSL_GYRO_SetOutputDataRate_When_Enabled	24	static
lsm6dsl.c:3152:16:LSM6DSL_GYRO_SetOutputDataRate_When_Disabled	16	static
lsm6dsl.c:3176:16:ReadRegWrap	40	static
lsm6dsl.c:3191:16:WriteRegWrap	40	static
