Archive member included to satisfy reference by file (symbol)

../Middlewares/ST/AI/Lib\NetworkRuntime600_CM4_GCC.a(ai_platform_interface.o)
                              X-CUBE-AI/App/network.o (ai_platform_runtime_get_revision)
../Middlewares/ST/AI/Lib\NetworkRuntime600_CM4_GCC.a(core_mem_manager.o)
                              ../Middlewares/ST/AI/Lib\NetworkRuntime600_CM4_GCC.a(ai_platform_interface.o) (core_mem_alloc)
../Middlewares/ST/AI/Lib\NetworkRuntime600_CM4_GCC.a(core_common.o)
                              ../Middlewares/ST/AI/Lib\NetworkRuntime600_CM4_GCC.a(ai_platform_interface.o) (core_init)
../Middlewares/ST/AI/Lib\NetworkRuntime600_CM4_GCC.a(layers_conv2d_generic_float.o)
                              X-CUBE-AI/App/network.o (forward_dense)
../Middlewares/ST/AI/Lib\NetworkRuntime600_CM4_GCC.a(layers_nl_generic_float.o)
                              X-CUBE-AI/App/network.o (forward_relu)
../Middlewares/ST/AI/Lib\NetworkRuntime600_CM4_GCC.a(layers.o)
                              ../Middlewares/ST/AI/Lib\NetworkRuntime600_CM4_GCC.a(ai_platform_interface.o) (ai_check_custom_types)
../Middlewares/ST/AI/Lib\NetworkRuntime600_CM4_GCC.a(arm_mat_init_f32.o)
                              ../Middlewares/ST/AI/Lib\NetworkRuntime600_CM4_GCC.a(layers_conv2d_generic_float.o) (arm_mat_init_f32)
../Middlewares/ST/AI/Lib\NetworkRuntime600_CM4_GCC.a(ai_datatypes_format.o)
                              ../Middlewares/ST/AI/Lib\NetworkRuntime600_CM4_GCC.a(ai_platform_interface.o) (ai_array_to_buffer_fmt)
../Middlewares/ST/AI/Lib\NetworkRuntime600_CM4_GCC.a(ai_math_helpers.o)
                              ../Middlewares/ST/AI/Lib\NetworkRuntime600_CM4_GCC.a(layers_nl_generic_float.o) (ai_math_sqrt)
c:/users/massi/stm32cubeide_1.5.0/stm32cubeide/plugins/com.st.stm32cube.ide.mcu.externaltools.gnu-tools-for-stm32.7-2018-q2-update.win32_1.5.0.202011040924/tools/bin/../lib/gcc/arm-none-eabi/7.3.1/../../../../arm-none-eabi/lib/thumb/v7e-m/fpv4-sp/hard\libc_nano.a(lib_a-calloc.o)
                              Core/Src/TinyOL.o (calloc)
c:/users/massi/stm32cubeide_1.5.0/stm32cubeide/plugins/com.st.stm32cube.ide.mcu.externaltools.gnu-tools-for-stm32.7-2018-q2-update.win32_1.5.0.202011040924/tools/bin/../lib/gcc/arm-none-eabi/7.3.1/../../../../arm-none-eabi/lib/thumb/v7e-m/fpv4-sp/hard\libc_nano.a(lib_a-errno.o)
                              Core/Src/sysmem.o (__errno)
c:/users/massi/stm32cubeide_1.5.0/stm32cubeide/plugins/com.st.stm32cube.ide.mcu.externaltools.gnu-tools-for-stm32.7-2018-q2-update.win32_1.5.0.202011040924/tools/bin/../lib/gcc/arm-none-eabi/7.3.1/../../../../arm-none-eabi/lib/thumb/v7e-m/fpv4-sp/hard\libc_nano.a(lib_a-exit.o)
                              c:/users/massi/stm32cubeide_1.5.0/stm32cubeide/plugins/com.st.stm32cube.ide.mcu.externaltools.gnu-tools-for-stm32.7-2018-q2-update.win32_1.5.0.202011040924/tools/bin/../lib/gcc/arm-none-eabi/7.3.1/../../../../arm-none-eabi/lib/thumb/v7e-m/fpv4-sp/hard/crt0.o (exit)
c:/users/massi/stm32cubeide_1.5.0/stm32cubeide/plugins/com.st.stm32cube.ide.mcu.externaltools.gnu-tools-for-stm32.7-2018-q2-update.win32_1.5.0.202011040924/tools/bin/../lib/gcc/arm-none-eabi/7.3.1/../../../../arm-none-eabi/lib/thumb/v7e-m/fpv4-sp/hard\libc_nano.a(lib_a-impure.o)
                              c:/users/massi/stm32cubeide_1.5.0/stm32cubeide/plugins/com.st.stm32cube.ide.mcu.externaltools.gnu-tools-for-stm32.7-2018-q2-update.win32_1.5.0.202011040924/tools/bin/../lib/gcc/arm-none-eabi/7.3.1/../../../../arm-none-eabi/lib/thumb/v7e-m/fpv4-sp/hard\libc_nano.a(lib_a-exit.o) (_global_impure_ptr)
c:/users/massi/stm32cubeide_1.5.0/stm32cubeide/plugins/com.st.stm32cube.ide.mcu.externaltools.gnu-tools-for-stm32.7-2018-q2-update.win32_1.5.0.202011040924/tools/bin/../lib/gcc/arm-none-eabi/7.3.1/../../../../arm-none-eabi/lib/thumb/v7e-m/fpv4-sp/hard\libc_nano.a(lib_a-init.o)
                              c:/users/massi/stm32cubeide_1.5.0/stm32cubeide/plugins/com.st.stm32cube.ide.mcu.externaltools.gnu-tools-for-stm32.7-2018-q2-update.win32_1.5.0.202011040924/tools/bin/../lib/gcc/arm-none-eabi/7.3.1/../../../../arm-none-eabi/lib/thumb/v7e-m/fpv4-sp/hard/crt0.o (__libc_init_array)
c:/users/massi/stm32cubeide_1.5.0/stm32cubeide/plugins/com.st.stm32cube.ide.mcu.externaltools.gnu-tools-for-stm32.7-2018-q2-update.win32_1.5.0.202011040924/tools/bin/../lib/gcc/arm-none-eabi/7.3.1/../../../../arm-none-eabi/lib/thumb/v7e-m/fpv4-sp/hard\libc_nano.a(lib_a-malloc.o)
                              Core/Src/TinyOL.o (malloc)
c:/users/massi/stm32cubeide_1.5.0/stm32cubeide/plugins/com.st.stm32cube.ide.mcu.externaltools.gnu-tools-for-stm32.7-2018-q2-update.win32_1.5.0.202011040924/tools/bin/../lib/gcc/arm-none-eabi/7.3.1/../../../../arm-none-eabi/lib/thumb/v7e-m/fpv4-sp/hard\libc_nano.a(lib_a-memcpy-stub.o)
                              X-CUBE-AI/App/network.o (memcpy)
[...]
Memory Configuration

Name             Origin             Length             Attributes
RAM              0x0000000020000000 0x0000000000018000 xrw
FLASH            0x0000000008000000 0x0000000000080000 xr
*default*        0x0000000000000000 0xffffffffffffffff

Linker script and memory map

LOAD c:/users/massi/stm32cubeide_1.5.0/stm32cubeide/plugins/com.st.stm32cube.ide.mcu.externaltools.gnu-tools-for-stm32.7-2018-q2-update.win32_1.5.0.202011040924/tools/bin/../lib/gcc/arm-none-eabi/7.3.1/thumb/v7e-m/fpv4-sp/hard/crti.o
LOAD c:/users/massi/stm32cubeide_1.5.0/stm32cubeide/plugins/com.st.stm32cube.ide.mcu.externaltools.gnu-tools-for-stm32.7-2018-q2-update.win32_1.5.0.202011040924/tools/bin/../lib/gcc/arm-none-eabi/7.3.1/thumb/v7e-m/fpv4-sp/hard/crtbegin.o
LOAD c:/users/massi/stm32cubeide_1.5.0/stm32cubeide/plugins/com.st.stm32cube.ide.mcu.externaltools.gnu-tools-for-stm32.7-2018-q2-update.win32_1.5.0.202011040924/tools/bin/../lib/gcc/arm-none-eabi/7.3.1/../../../../arm-none-eabi/lib/thumb/v7e-m/fpv4-sp/hard/crt0.o
LOAD Core/Src/TinyOL.o
LOAD Core/Src/crc.o
LOAD Core/Src/gpio.o
LOAD Core/Src/main.o
LOAD Core/Src/stm32f4xx_hal_msp.o
LOAD Core/Src/stm32f4xx_it.o
LOAD Core/Src/stm32f4xx_nucleo_bus.o
LOAD Core/Src/sysmem.o
LOAD Core/Src/system_stm32f4xx.o
LOAD Core/Src/tim.o
LOAD Core/Src/usart.o
LOAD Core/Startup/startup_stm32f401retx.o
LOAD Drivers/BSP/Components/hts221/hts221.o
LOAD Drivers/BSP/Components/hts221/hts221_reg.o
LOAD Drivers/BSP/Components/lps22hb/lps22hb.o
LOAD Drivers/BSP/Components/lps22hb/lps22hb_reg.o
LOAD Drivers/BSP/Components/lsm303agr/lsm303agr.o
LOAD Drivers/BSP/Components/lsm303agr/lsm303agr_reg.o
LOAD Drivers/BSP/Components/lsm6dsl/lsm6dsl.o
LOAD Drivers/BSP/Components/lsm6dsl/lsm6dsl_reg.o
LOAD Drivers/BSP/IKS01A2/iks01a2_env_sensors.o
LOAD Drivers/BSP/IKS01A2/iks01a2_env_sensors_ex.o
LOAD Drivers/BSP/IKS01A2/iks01a2_motion_sensors.o
LOAD Drivers/BSP/IKS01A2/iks01a2_motion_sensors_ex.o
LOAD Drivers/STM32F4xx_HAL_Driver/Src/stm32f4xx_hal.o
LOAD Drivers/STM32F4xx_HAL_Driver/Src/stm32f4xx_hal_cortex.o
LOAD Drivers/STM32F4xx_HAL_Driver/Src/stm32f4xx_hal_crc.o
LOAD Drivers/STM32F4xx_HAL_Driver/Src/stm32f4xx_hal_dma.o
LOAD Drivers/STM32F4xx_HAL_Driver/Src/stm32f4xx_hal_dma_ex.o
LOAD Drivers/STM32F4xx_HAL_Driver/Src/stm32f4xx_hal_exti.o
LOAD Drivers/STM32F4xx_HAL_Driver/Src/stm32f4xx_hal_flash.o
LOAD Drivers/STM32F4xx_HAL_Driver/Src/stm32f4xx_hal_flash_ex.o
LOAD Drivers/STM32F4xx_HAL_Driver/Src/stm32f4xx_hal_flash_ramfunc.o
LOAD Drivers/STM32F4xx_HAL_Driver/Src/stm32f4xx_hal_gpio.o
LOAD Drivers/STM32F4xx_HAL_Driver/Src/stm32f4xx_hal_i2c.o
LOAD Drivers/STM32F4xx_HAL_Driver/Src/stm32f4xx_hal_i2c_ex.o
LOAD Drivers/STM32F4xx_HAL_Driver/Src/stm32f4xx_hal_pwr.o
LOAD Drivers/STM32F4xx_HAL_Driver/Src/stm32f4xx_hal_pwr_ex.o
LOAD Drivers/STM32F4xx_HAL_Driver/Src/stm32f4xx_hal_rcc.o
LOAD Drivers/STM32F4xx_HAL_Driver/Src/stm32f4xx_hal_rcc_ex.o
LOAD Drivers/STM32F4xx_HAL_Driver/Src/stm32f4xx_hal_tim.o
LOAD Drivers/STM32F4xx_HAL_Driver/Src/stm32f4xx_hal_tim_ex.o
LOAD Drivers/STM32F4xx_HAL_Driver/Src/stm32f4xx_hal_uart.o
LOAD X-CUBE-AI/App/app_x-cube-ai.o
LOAD X-CUBE-AI/App/network.o
LOAD X-CUBE-AI/App/network_data.o
LOAD ../Middlewares/ST/AI/Lib\NetworkRuntime600_CM4_GCC.a
START GROUP
LOAD c:/users/massi/stm32cubeide_1.5.0/stm32cubeide/plugins/com.st.stm32cube.ide.mcu.externaltools.gnu-tools-for-stm32.7-2018-q2-update.win32_1.5.0.202011040924/tools/bin/../lib/gcc/arm-none-eabi/7.3.1/../../../../arm-none-eabi/lib/thumb/v7e-m/fpv4-sp/hard\libc_nano.a
LOAD c:/users/massi/stm32cubeide_1.5.0/stm32cubeide/plugins/com.st.stm32cube.ide.mcu.externaltools.gnu-tools-for-stm32.7-2018-q2-update.win32_1.5.0.202011040924/tools/bin/../lib/gcc/arm-none-eabi/7.3.1/../../../../arm-none-eabi/lib/thumb/v7e-m/fpv4-sp/hard\libm.a
END GROUP
START GROUP
LOAD c:/users/massi/stm32cubeide_1.5.0/stm32cubeide/plugins/com.st.stm32cube.ide.mcu.externaltools.gnu-tools-for-stm32.7-2018-q2-update.win32_1.5.0.202011040924/tools/bin/../lib/gcc/arm-none-eabi/7.3.1/thumb/v7e-m/fpv4-sp/hard\libgcc.a
LOAD c:/users/massi/stm32cubeide_1.5.0/stm32cubeide/plugins/com.st.stm32cube.ide.mcu.externaltools.gnu-tools-for-stm32.7-2018-q2-update.win32_1.5.0.202011040924/tools/bin/../lib/gcc/arm-none-eabi/7.3.1/../../../../arm-none-eabi/lib/thumb/v7e-m/fpv4-sp/hard\libc_nano.a
END GROUP
START GROUP
LOAD c:/users/massi/stm32cubeide_1.5.0/stm32cubeide/plugins/com.st.stm32cube.ide.mcu.externaltools.gnu-tools-for-stm32.7-2018-q2-update.win32_1.5.0.202011040924/tools/bin/../lib/gcc/arm-none-eabi/7.3.1/thumb/v7e-m/fpv4-sp/hard\libgcc.a
LOAD c:/users/massi/stm32cubeide_1.5.0/stm32cubeide/plugins/com.st.stm32cube.ide.mcu.externaltools.gnu-tools-for-stm32.7-2018-q2-update.win32_1.5.0.202011040924/tools/bin/../lib/gcc/arm-none-eabi/7.3.1/../../../../arm-none-eabi/lib/thumb/v7e-m/fpv4-sp/hard\libc_nano.a
LOAD c:/users/massi/stm32cubeide_1.5.0/stm32cubeide/plugins/com.st.stm32cube.ide.mcu.externaltools.gnu-tools-for-stm32.7-2018-q2-update.win32_1.5.0.202011040924/tools/bin/../lib/gcc/arm-none-eabi/7.3.1/../../../../arm-none-eabi/lib/thumb/v7e-m/fpv4-sp/hard\libnosys.a
END GROUP
START GROUP
LOAD c:/users/massi/stm32cubeide_1.5.0/stm32cubeide/plugins/com.st.stm32cube.ide.mcu.externaltools.gnu-tools-for-stm32.7-2018-q2-update.win32_1.5.0.202011040924/tools/bin/../lib/gcc/arm-none-eabi/7.3.1/thumb/v7e-m/fpv4-sp/hard\libgcc.a
LOAD c:/users/massi/stm32cubeide_1.5.0/stm32cubeide/plugins/com.st.stm32cube.ide.mcu.externaltools.gnu-tools-for-stm32.7-2018-q2-update.win32_1.5.0.202011040924/tools/bin/../lib/gcc/arm-none-eabi/7.3.1/../../../../arm-none-eabi/lib/thumb/v7e-m/fpv4-sp/hard\libc_nano.a
LOAD c:/users/massi/stm32cubeide_1.5.0/stm32cubeide/plugins/com.st.stm32cube.ide.mcu.externaltools.gnu-tools-for-stm32.7-2018-q2-update.win32_1.5.0.202011040924/tools/bin/../lib/gcc/arm-none-eabi/7.3.1/../../../../arm-none-eabi/lib/thumb/v7e-m/fpv4-sp/hard\libnosys.a
END GROUP
LOAD c:/users/massi/stm32cubeide_1.5.0/stm32cubeide/plugins/com.st.stm32cube.ide.mcu.externaltools.gnu-tools-for-stm32.7-2018-q2-update.win32_1.5.0.202011040924/tools/bin/../lib/gcc/arm-none-eabi/7.3.1/thumb/v7e-m/fpv4-sp/hard/crtend.o
LOAD c:/users/massi/stm32cubeide_1.5.0/stm32cubeide/plugins/com.st.stm32cube.ide.mcu.externaltools.gnu-tools-for-stm32.7-2018-q2-update.win32_1.5.0.202011040924/tools/bin/../lib/gcc/arm-none-eabi/7.3.1/thumb/v7e-m/fpv4-sp/hard/crtn.o
                0x0000000020018000                _estack = (ORIGIN (RAM) + LENGTH (RAM))
                0x0000000000000200                _Min_Heap_Size = 0x200
                0x0000000000001000                _Min_Stack_Size = 0x1000

.isr_vector     0x0000000008000000      0x194
                0x0000000008000000                . = ALIGN (0x4)
 *(.isr_vector)
 .isr_vector    0x0000000008000000      0x194 Core/Startup/startup_stm32f401retx.o
                0x0000000008000000                g_pfnVectors
                0x0000000008000194                . = ALIGN (0x4)

.text           0x00000000080001a0     0x9488
                0x00000000080001a0                . = ALIGN (0x4)
 *(.text)
 .text          0x00000000080001a0       0x40 c:/users/massi/stm32cubeide_1.5.0/stm32cubeide/plugins/com.st.stm32cube.ide.mcu.externaltools.gnu-tools-for-stm32.7-2018-q2-update.win32_1.5.0.202011040924/tools/bin/../lib/gcc/arm-none-eabi/7.3.1/thumb/v7e-m/fpv4-sp/hard/crtbegin.o
 .text          0x00000000080001e0       0x10 c:/users/massi/stm32cubeide_1.5.0/stm32cubeide/plugins/com.st.stm32cube.ide.mcu.externaltools.gnu-tools-for-stm32.7-2018-q2-update.win32_1.5.0.202011040924/tools/bin/../lib/gcc/arm-none-eabi/7.3.1/../../../../arm-none-eabi/lib/thumb/v7e-m/fpv4-sp/hard\libc_nano.a(lib_a-strlen.o)
                0x00000000080001e0                strlen
 .text          0x00000000080001f0       0xa0 c:/users/massi/stm32cubeide_1.5.0/stm32cubeide/plugins/com.st.stm32cube.ide.mcu.externaltools.gnu-tools-for-stm32.7-2018-q2-update.win32_1.5.0.202011040924/tools/bin/../lib/gcc/arm-none-eabi/7.3.1/../../../../arm-none-eabi/lib/thumb/v7e-m/fpv4-sp/hard\libc_nano.a(lib_a-memchr.o)
                0x00000000080001f0                memchr
 .text          0x0000000008000290      0x378 c:/users/massi/stm32cubeide_1.5.0/stm32cubeide/plugins/com.st.stm32cube.ide.mcu.externaltools.gnu-tools-for-stm32.7-2018-q2-update.win32_1.5.0.202011040924/tools/bin/../lib/gcc/arm-none-eabi/7.3.1/thumb/v7e-m/fpv4-sp/hard\libgcc.a(_arm_addsubdf3.o)
                0x0000000008000290                __aeabi_drsub
                0x0000000008000298                __aeabi_dsub
                0x0000000008000298                __subdf3
                0x000000000800029c                __aeabi_dadd
                0x000000000800029c                __adddf3
                0x0000000008000514                __floatunsidf
                0x0000000008000514                __aeabi_ui2d
                0x0000000008000534                __floatsidf
                0x0000000008000534                __aeabi_i2d
                0x0000000008000558                __aeabi_f2d
                0x0000000008000558                __extendsfdf2
                0x000000000800059c                __floatundidf
                0x000000000800059c                __aeabi_ul2d
                0x00000000080005ac                __floatdidf
                0x00000000080005ac                __aeabi_l2d
 .text          0x0000000008000608      0x424 c:/users/massi/stm32cubeide_1.5.0/stm32cubeide/plugins/com.st.stm32cube.ide.mcu.externaltools.gnu-tools-for-stm32.7-2018-q2-update.win32_1.5.0.202011040924/tools/bin/../lib/gcc/arm-none-eabi/7.3.1/thumb/v7e-m/fpv4-sp/hard\libgcc.a(_arm_muldivdf3.o)
                0x0000000008000608                __aeabi_dmul
                0x0000000008000608                __muldf3
                0x000000000800085c                __divdf3
                0x000000000800085c                __aeabi_ddiv
 .text          0x0000000008000a2c      0x110 c:/users/massi/stm32cubeide_1.5.0/stm32cubeide/plugins/com.st.stm32cube.ide.mcu.externaltools.gnu-tools-for-stm32.7-2018-q2-update.win32_1.5.0.202011040924/tools/bin/../lib/gcc/arm-none-eabi/7.3.1/thumb/v7e-m/fpv4-sp/hard\libgcc.a(_arm_cmpdf2.o)
                0x0000000008000a2c                __gtdf2
                0x0000000008000a2c                __gedf2
                0x0000000008000a34                __ltdf2
                0x0000000008000a34                __ledf2
                0x0000000008000a3c                __nedf2
                0x0000000008000a3c                __eqdf2
                0x0000000008000a3c                __cmpdf2
                0x0000000008000ab8                __aeabi_cdrcmple
                0x0000000008000ac8                __aeabi_cdcmpeq
                0x0000000008000ac8                __aeabi_cdcmple
                0x0000000008000ad8                __aeabi_dcmpeq
                0x0000000008000aec                __aeabi_dcmplt
                0x0000000008000b00                __aeabi_dcmple
                0x0000000008000b14                __aeabi_dcmpge
                0x0000000008000b28                __aeabi_dcmpgt
 .text          0x0000000008000b3c       0x2c c:/users/massi/stm32cubeide_1.5.0/stm32cubeide/plugins/com.st.stm32cube.ide.mcu.externaltools.gnu-tools-for-stm32.7-2018-q2-update.win32_1.5.0.202011040924/tools/bin/../lib/gcc/arm-none-eabi/7.3.1/thumb/v7e-m/fpv4-sp/hard\libgcc.a(_arm_unorddf2.o)
                0x0000000008000b3c                __unorddf2
                0x0000000008000b3c                __aeabi_dcmpun
 .text          0x0000000008000b68       0x50 c:/users/massi/stm32cubeide_1.5.0/stm32cubeide/plugins/com.st.stm32cube.ide.mcu.externaltools.gnu-tools-for-stm32.7-2018-q2-update.win32_1.5.0.202011040924/tools/bin/../lib/gcc/arm-none-eabi/7.3.1/thumb/v7e-m/fpv4-sp/hard\libgcc.a(_arm_fixdfsi.o)
                0x0000000008000b68                __aeabi_d2iz
                0x0000000008000b68                __fixdfsi
 .text          0x0000000008000bb8       0xa0 c:/users/massi/stm32cubeide_1.5.0/stm32cubeide/plugins/com.st.stm32cube.ide.mcu.externaltools.gnu-tools-for-stm32.7-2018-q2-update.win32_1.5.0.202011040924/tools/bin/../lib/gcc/arm-none-eabi/7.3.1/thumb/v7e-m/fpv4-sp/hard\libgcc.a(_arm_truncdfsf2.o)
                0x0000000008000bb8                __truncdfsf2
                0x0000000008000bb8                __aeabi_d2f
 .text          0x0000000008000c58       0x30 c:/users/massi/stm32cubeide_1.5.0/stm32cubeide/plugins/com.st.stm32cube.ide.mcu.externaltools.gnu-tools-for-stm32.7-2018-q2-update.win32_1.5.0.202011040924/tools/bin/../lib/gcc/arm-none-eabi/7.3.1/thumb/v7e-m/fpv4-sp/hard\libgcc.a(_aeabi_uldivmod.o)
                0x0000000008000c58                __aeabi_uldivmod
 .text          0x0000000008000c88      0x2cc c:/users/massi/stm32cubeide_1.5.0/stm32cubeide/plugins/com.st.stm32cube.ide.mcu.externaltools.gnu-tools-for-stm32.7-2018-q2-update.win32_1.5.0.202011040924/tools/bin/../lib/gcc/arm-none-eabi/7.3.1/thumb/v7e-m/fpv4-sp/hard\libgcc.a(_udivmoddi4.o)
                0x0000000008000c88                __udivmoddi4
 .text          0x0000000008000f54        0x4 c:/users/massi/stm32cubeide_1.5.0/stm32cubeide/plugins/com.st.stm32cube.ide.mcu.externaltools.gnu-tools-for-stm32.7-2018-q2-update.win32_1.5.0.202011040924/tools/bin/../lib/gcc/arm-none-eabi/7.3.1/thumb/v7e-m/fpv4-sp/hard\libgcc.a(_dvmd_tls.o)
                0x0000000008000f54                __aeabi_idiv0
                0x0000000008000f54                __aeabi_ldiv0
 *(.text*)
 .text.OL_lettToSoft
                0x0000000008000f58       0x5e Core/Src/TinyOL.o
                0x0000000008000f58                OL_lettToSoft
 .text.OL_feedForward
                0x0000000008000fb6       0xba Core/Src/TinyOL.o
                0x0000000008000fb6                OL_feedForward
 .text.OL_softmax
                0x0000000008001070      0x148 Core/Src/TinyOL.o
                0x0000000008001070                OL_softmax
 .text.OL_gradientDescend
                0x00000000080011b8      0x17e Core/Src/TinyOL.o
                0x00000000080011b8                OL_gradientDescend
 .text.OL_increaseWeightDim
                0x0000000008001336       0x78 Core/Src/TinyOL.o
                0x0000000008001336                OL_increaseWeightDim
 .text.OL_increaseLabel
                0x00000000080013ae       0x76 Core/Src/TinyOL.o
                0x00000000080013ae                OL_increaseLabel
 .text.OL_increaseBiasDim
                0x0000000008001424       0x64 Core/Src/TinyOL.o
                0x0000000008001424                OL_increaseBiasDim
 .text.OL_checkNewClass
                0x0000000008001488       0xbc Core/Src/TinyOL.o
                0x0000000008001488                OL_checkNewClass
 .text.OL_train
                0x0000000008001544       0x88 Core/Src/TinyOL.o
                0x0000000008001544                OL_train
 .text.PRINT_checkLabels
                0x00000000080015cc      0x240 Core/Src/TinyOL.o
                0x00000000080015cc                PRINT_checkLabels
 .text.MX_CRC_Init
                0x000000000800180c       0x28 Core/Src/crc.o
                0x000000000800180c                MX_CRC_Init
 .text.HAL_CRC_MspInit
                0x0000000008001834       0x44 Core/Src/crc.o
                0x0000000008001834                HAL_CRC_MspInit
 .text.MX_GPIO_Init
                0x0000000008001878       0xf0 Core/Src/gpio.o
                0x0000000008001878                MX_GPIO_Init
 .text.main     0x0000000008001968      0x554 Core/Src/main.o
                0x0000000008001968                main
 .text.SystemClock_Config
                0x0000000008001ebc       0xd8 Core/Src/main.o
                0x0000000008001ebc                SystemClock_Config
 .text.HAL_GPIO_EXTI_Callback
                0x0000000008001f94       0x68 Core/Src/main.o
                0x0000000008001f94                HAL_GPIO_EXTI_Callback
 .text.Error_Handler
                0x0000000008001ffc        0x8 Core/Src/main.o
                0x0000000008001ffc                Error_Handler
 .text.HAL_MspInit
                0x0000000008002004       0x60 Core/Src/stm32f4xx_hal_msp.o
                0x0000000008002004                HAL_MspInit
 .text.NMI_Handler
                0x0000000008002064        0x6 Core/Src/stm32f4xx_it.o
                0x0000000008002064                NMI_Handler
 .text.HardFault_Handler
                0x000000000800206a        0x6 Core/Src/stm32f4xx_it.o
                0x000000000800206a                HardFault_Handler
 .text.MemManage_Handler
                0x0000000008002070        0x6 Core/Src/stm32f4xx_it.o
                0x0000000008002070                MemManage_Handler
 .text.BusFault_Handler
                0x0000000008002076        0x6 Core/Src/stm32f4xx_it.o
                0x0000000008002076                BusFault_Handler
 .text.UsageFault_Handler
                0x000000000800207c        0x6 Core/Src/stm32f4xx_it.o
                0x000000000800207c                UsageFault_Handler
 .text.SVC_Handler
                0x0000000008002082        0xe Core/Src/stm32f4xx_it.o
                0x0000000008002082                SVC_Handler
 .text.DebugMon_Handler
                0x0000000008002090        0xe Core/Src/stm32f4xx_it.o
                0x0000000008002090                DebugMon_Handler
 .text.PendSV_Handler
                0x000000000800209e        0xe Core/Src/stm32f4xx_it.o
                0x000000000800209e                PendSV_Handler
 .text.SysTick_Handler
                0x00000000080020ac        0xc Core/Src/stm32f4xx_it.o
                0x00000000080020ac                SysTick_Handler
 .text.TIM1_UP_TIM10_IRQHandler
                0x00000000080020b8       0x14 Core/Src/stm32f4xx_it.o
                0x00000000080020b8                TIM1_UP_TIM10_IRQHandler
 .text.USART2_IRQHandler
                0x00000000080020cc       0x14 Core/Src/stm32f4xx_it.o
                0x00000000080020cc                USART2_IRQHandler
 .text.EXTI15_10_IRQHandler
                0x00000000080020e0       0x10 Core/Src/stm32f4xx_it.o
                0x00000000080020e0                EXTI15_10_IRQHandler
 .text.FPU_IRQHandler
                0x00000000080020f0        0xe Core/Src/stm32f4xx_it.o
                0x00000000080020f0                FPU_IRQHandler
 *fill*         0x00000000080020fe        0x2 
 .text._sbrk    0x0000000008002100       0x6c Core/Src/sysmem.o
                0x0000000008002100                _sbrk
 .text.SystemInit
                0x000000000800216c       0x2c Core/Src/system_stm32f4xx.o
                0x000000000800216c                SystemInit
 .text.MX_TIM10_Init
                0x0000000008002198       0x48 Core/Src/tim.o
                0x0000000008002198                MX_TIM10_Init
 .text.HAL_TIM_Base_MspInit
                0x00000000080021e0       0x50 Core/Src/tim.o
                0x00000000080021e0                HAL_TIM_Base_MspInit
 .text.MX_USART2_UART_Init
                0x0000000008002230       0x54 Core/Src/usart.o
                0x0000000008002230                MX_USART2_UART_Init
 .text.HAL_UART_MspInit
                0x0000000008002284       0xa0 Core/Src/usart.o
                0x0000000008002284                HAL_UART_MspInit
 .text.Reset_Handler
                0x0000000008002324       0x50 Core/Startup/startup_stm32f401retx.o
                0x0000000008002324                Reset_Handler
 .text.Default_Handler
                0x0000000008002374        0x2 Core/Startup/startup_stm32f401retx.o
                0x0000000008002374                RTC_Alarm_IRQHandler
                0x0000000008002374                EXTI2_IRQHandler
                0x0000000008002374                SPI4_IRQHandler
                0x0000000008002374                TIM1_CC_IRQHandler
                0x0000000008002374                DMA2_Stream5_IRQHandler
                0x0000000008002374                DMA1_Stream5_IRQHandler
                0x0000000008002374                PVD_IRQHandler
                0x0000000008002374                SDIO_IRQHandler
                0x0000000008002374                TAMP_STAMP_IRQHandler
                0x0000000008002374                EXTI3_IRQHandler
                0x0000000008002374                I2C3_ER_IRQHandler
                0x0000000008002374                EXTI0_IRQHandler
                0x0000000008002374                I2C2_EV_IRQHandler
                0x0000000008002374                DMA1_Stream2_IRQHandler
                0x0000000008002374                DMA2_Stream2_IRQHandler
                0x0000000008002374                SPI1_IRQHandler
                0x0000000008002374                TIM1_BRK_TIM9_IRQHandler
                0x0000000008002374                DMA2_Stream3_IRQHandler
                0x0000000008002374                USART6_IRQHandler
                0x0000000008002374                DMA2_Stream0_IRQHandler
                0x0000000008002374                TIM4_IRQHandler
                0x0000000008002374                I2C1_EV_IRQHandler
                0x0000000008002374                DMA1_Stream6_IRQHandler
                0x0000000008002374                DMA1_Stream1_IRQHandler
                0x0000000008002374                TIM3_IRQHandler
                0x0000000008002374                RCC_IRQHandler
                0x0000000008002374                Default_Handler
                0x0000000008002374                ADC_IRQHandler
                0x0000000008002374                DMA1_Stream7_IRQHandler
                0x0000000008002374                TIM5_IRQHandler
                0x0000000008002374                DMA2_Stream7_IRQHandler
                0x0000000008002374                I2C3_EV_IRQHandler
                0x0000000008002374                EXTI9_5_IRQHandler
                0x0000000008002374                RTC_WKUP_IRQHandler
                0x0000000008002374                SPI2_IRQHandler
                0x0000000008002374                DMA1_Stream0_IRQHandler
                0x0000000008002374                EXTI4_IRQHandler
                0x0000000008002374                WWDG_IRQHandler
                0x0000000008002374                TIM2_IRQHandler
                0x0000000008002374                OTG_FS_WKUP_IRQHandler
                0x0000000008002374                TIM1_TRG_COM_TIM11_IRQHandler
                0x0000000008002374                EXTI1_IRQHandler
                0x0000000008002374                I2C2_ER_IRQHandler
                0x0000000008002374                DMA2_Stream1_IRQHandler
                0x0000000008002374                FLASH_IRQHandler
                0x0000000008002374                DMA2_Stream4_IRQHandler
                0x0000000008002374                USART1_IRQHandler
                0x0000000008002374                OTG_FS_IRQHandler
                0x0000000008002374                SPI3_IRQHandler
                0x0000000008002374                DMA1_Stream4_IRQHandler
                0x0000000008002374                I2C1_ER_IRQHandler
                0x0000000008002374                DMA2_Stream6_IRQHandler
                0x0000000008002374                DMA1_Stream3_IRQHandler
 *fill*         0x0000000008002376        0x2 
 .text.HAL_Init
                0x0000000008002378       0x44 Drivers/STM32F4xx_HAL_Driver/Src/stm32f4xx_hal.o
                0x0000000008002378                HAL_Init
 .text.HAL_InitTick
                0x00000000080023bc       0x60 Drivers/STM32F4xx_HAL_Driver/Src/stm32f4xx_hal.o
                0x00000000080023bc                HAL_InitTick
 .text.HAL_IncTick
                0x000000000800241c       0x28 Drivers/STM32F4xx_HAL_Driver/Src/stm32f4xx_hal.o
                0x000000000800241c                HAL_IncTick
 .text.HAL_GetTick
                0x0000000008002444       0x18 Drivers/STM32F4xx_HAL_Driver/Src/stm32f4xx_hal.o
                0x0000000008002444                HAL_GetTick
 .text.HAL_Delay
                0x000000000800245c       0x44 Drivers/STM32F4xx_HAL_Driver/Src/stm32f4xx_hal.o
                0x000000000800245c                HAL_Delay
 .text.__NVIC_SetPriorityGrouping
                0x00000000080024a0       0x48 Drivers/STM32F4xx_HAL_Driver/Src/stm32f4xx_hal_cortex.o
 .text.__NVIC_GetPriorityGrouping
                0x00000000080024e8       0x1c Drivers/STM32F4xx_HAL_Driver/Src/stm32f4xx_hal_cortex.o
 .text.__NVIC_EnableIRQ
                0x0000000008002504       0x3c Drivers/STM32F4xx_HAL_Driver/Src/stm32f4xx_hal_cortex.o
 .text.__NVIC_SetPriority
                0x0000000008002540       0x54 Drivers/STM32F4xx_HAL_Driver/Src/stm32f4xx_hal_cortex.o
 .text.NVIC_EncodePriority
                0x0000000008002594       0x66 Drivers/STM32F4xx_HAL_Driver/Src/stm32f4xx_hal_cortex.o
 *fill*         0x00000000080025fa        0x2 
 .text.SysTick_Config
                0x00000000080025fc       0x44 Drivers/STM32F4xx_HAL_Driver/Src/stm32f4xx_hal_cortex.o
 .text.HAL_NVIC_SetPriorityGrouping
                0x0000000008002640       0x16 Drivers/STM32F4xx_HAL_Driver/Src/stm32f4xx_hal_cortex.o
                0x0000000008002640                HAL_NVIC_SetPriorityGrouping
 .text.HAL_NVIC_SetPriority
                0x0000000008002656       0x38 Drivers/STM32F4xx_HAL_Driver/Src/stm32f4xx_hal_cortex.o
                0x0000000008002656                HAL_NVIC_SetPriority
 .text.HAL_NVIC_EnableIRQ
                0x000000000800268e       0x1c Drivers/STM32F4xx_HAL_Driver/Src/stm32f4xx_hal_cortex.o
                0x000000000800268e                HAL_NVIC_EnableIRQ
 .text.HAL_SYSTICK_Config
                0x00000000080026aa       0x18 Drivers/STM32F4xx_HAL_Driver/Src/stm32f4xx_hal_cortex.o
                0x00000000080026aa                HAL_SYSTICK_Config
 .text.HAL_CRC_Init
                0x00000000080026c2       0x38 Drivers/STM32F4xx_HAL_Driver/Src/stm32f4xx_hal_crc.o
                0x00000000080026c2                HAL_CRC_Init
 .text.HAL_DMA_Abort_IT
                0x00000000080026fa       0x44 Drivers/STM32F4xx_HAL_Driver/Src/stm32f4xx_hal_dma.o
                0x00000000080026fa                HAL_DMA_Abort_IT
 *fill*         0x000000000800273e        0x2 
 .text.HAL_GPIO_Init
                0x0000000008002740      0x304 Drivers/STM32F4xx_HAL_Driver/Src/stm32f4xx_hal_gpio.o
                0x0000000008002740                HAL_GPIO_Init
 .text.HAL_GPIO_WritePin
                0x0000000008002a44       0x32 Drivers/STM32F4xx_HAL_Driver/Src/stm32f4xx_hal_gpio.o
                0x0000000008002a44                HAL_GPIO_WritePin
 *fill*         0x0000000008002a76        0x2 
 .text.HAL_GPIO_EXTI_IRQHandler
                0x0000000008002a78       0x30 Drivers/STM32F4xx_HAL_Driver/Src/stm32f4xx_hal_gpio.o
                0x0000000008002a78                HAL_GPIO_EXTI_IRQHandler
 .text.HAL_RCC_OscConfig
                0x0000000008002aa8      0x4e0 Drivers/STM32F4xx_HAL_Driver/Src/stm32f4xx_hal_rcc.o
                0x0000000008002aa8                HAL_RCC_OscConfig
 .text.HAL_RCC_ClockConfig
                0x0000000008002f88      0x1cc Drivers/STM32F4xx_HAL_Driver/Src/stm32f4xx_hal_rcc.o
                0x0000000008002f88                HAL_RCC_ClockConfig
 .text.HAL_RCC_GetSysClockFreq
                0x0000000008003154      0x1b0 Drivers/STM32F4xx_HAL_Driver/Src/stm32f4xx_hal_rcc.o
                0x0000000008003154                HAL_RCC_GetSysClockFreq
 .text.HAL_RCC_GetHCLKFreq
                0x0000000008003304       0x18 Drivers/STM32F4xx_HAL_Driver/Src/stm32f4xx_hal_rcc.o
                0x0000000008003304                HAL_RCC_GetHCLKFreq
 .text.HAL_RCC_GetPCLK1Freq
                0x000000000800331c       0x28 Drivers/STM32F4xx_HAL_Driver/Src/stm32f4xx_hal_rcc.o
                0x000000000800331c                HAL_RCC_GetPCLK1Freq
 .text.HAL_RCC_GetPCLK2Freq
                0x0000000008003344       0x28 Drivers/STM32F4xx_HAL_Driver/Src/stm32f4xx_hal_rcc.o
                0x0000000008003344                HAL_RCC_GetPCLK2Freq
 .text.HAL_TIM_Base_Init
                0x000000000800336c       0x56 Drivers/STM32F4xx_HAL_Driver/Src/stm32f4xx_hal_tim.o
                0x000000000800336c                HAL_TIM_Base_Init
 .text.HAL_TIM_IRQHandler
                0x00000000080033c2      0x210 Drivers/STM32F4xx_HAL_Driver/Src/stm32f4xx_hal_tim.o
                0x00000000080033c2                HAL_TIM_IRQHandler
 .text.HAL_TIM_PeriodElapsedCallback
                0x00000000080035d2       0x14 Drivers/STM32F4xx_HAL_Driver/Src/stm32f4xx_hal_tim.o
                0x00000000080035d2                HAL_TIM_PeriodElapsedCallback
 .text.HAL_TIM_OC_DelayElapsedCallback
                0x00000000080035e6       0x14 Drivers/STM32F4xx_HAL_Driver/Src/stm32f4xx_hal_tim.o
                0x00000000080035e6                HAL_TIM_OC_DelayElapsedCallback
 .text.HAL_TIM_IC_CaptureCallback
                0x00000000080035fa       0x14 Drivers/STM32F4xx_HAL_Driver/Src/stm32f4xx_hal_tim.o
                0x00000000080035fa                HAL_TIM_IC_CaptureCallback
 .text.HAL_TIM_PWM_PulseFinishedCallback
                0x000000000800360e       0x14 Drivers/STM32F4xx_HAL_Driver/Src/stm32f4xx_hal_tim.o
                0x000000000800360e                HAL_TIM_PWM_PulseFinishedCallback
 .text.HAL_TIM_TriggerCallback
                0x0000000008003622       0x14 Drivers/STM32F4xx_HAL_Driver/Src/stm32f4xx_hal_tim.o
                0x0000000008003622                HAL_TIM_TriggerCallback
 *fill*         0x0000000008003636        0x2 
 .text.TIM_Base_SetConfig
                0x0000000008003638      0x100 Drivers/STM32F4xx_HAL_Driver/Src/stm32f4xx_hal_tim.o
                0x0000000008003638                TIM_Base_SetConfig
 .text.HAL_TIMEx_CommutCallback
                0x0000000008003738       0x14 Drivers/STM32F4xx_HAL_Driver/Src/stm32f4xx_hal_tim_ex.o
                0x0000000008003738                HAL_TIMEx_CommutCallback
 .text.HAL_TIMEx_BreakCallback
                0x000000000800374c       0x14 Drivers/STM32F4xx_HAL_Driver/Src/stm32f4xx_hal_tim_ex.o
                0x000000000800374c                HAL_TIMEx_BreakCallback
 .text.HAL_UART_Init
                0x0000000008003760       0x9a Drivers/STM32F4xx_HAL_Driver/Src/stm32f4xx_hal_uart.o
                0x0000000008003760                HAL_UART_Init
 .text.HAL_UART_Transmit
                0x00000000080037fa      0x132 Drivers/STM32F4xx_HAL_Driver/Src/stm32f4xx_hal_uart.o
                0x00000000080037fa                HAL_UART_Transmit
 .text.HAL_UART_IRQHandler
                0x000000000800392c      0x200 Drivers/STM32F4xx_HAL_Driver/Src/stm32f4xx_hal_uart.o
                0x000000000800392c                HAL_UART_IRQHandler
 .text.HAL_UART_TxCpltCallback
                0x0000000008003b2c       0x14 Drivers/STM32F4xx_HAL_Driver/Src/stm32f4xx_hal_uart.o
                0x0000000008003b2c                HAL_UART_TxCpltCallback
 .text.HAL_UART_RxCpltCallback
                0x0000000008003b40       0x14 Drivers/STM32F4xx_HAL_Driver/Src/stm32f4xx_hal_uart.o
                0x0000000008003b40                HAL_UART_RxCpltCallback
 .text.HAL_UART_ErrorCallback
                0x0000000008003b54       0x14 Drivers/STM32F4xx_HAL_Driver/Src/stm32f4xx_hal_uart.o
                0x0000000008003b54                HAL_UART_ErrorCallback
 .text.UART_WaitOnFlagUntilTimeout
                0x0000000008003b68       0x94 Drivers/STM32F4xx_HAL_Driver/Src/stm32f4xx_hal_uart.o
 .text.UART_EndRxTransfer
                0x0000000008003bfc       0x3c Drivers/STM32F4xx_HAL_Driver/Src/stm32f4xx_hal_uart.o
 .text.UART_DMAAbortOnError
                0x0000000008003c38       0x28 Drivers/STM32F4xx_HAL_Driver/Src/stm32f4xx_hal_uart.o
 .text.UART_Transmit_IT
                0x0000000008003c60       0xac Drivers/STM32F4xx_HAL_Driver/Src/stm32f4xx_hal_uart.o
 .text.UART_EndTransmit_IT
                0x0000000008003d0c       0x30 Drivers/STM32F4xx_HAL_Driver/Src/stm32f4xx_hal_uart.o
 .text.UART_Receive_IT
                0x0000000008003d3c      0x102 Drivers/STM32F4xx_HAL_Driver/Src/stm32f4xx_hal_uart.o
 *fill*         0x0000000008003e3e        0x2 
 .text.UART_SetConfig
                0x0000000008003e40      0x6f8 Drivers/STM32F4xx_HAL_Driver/Src/stm32f4xx_hal_uart.o
 .text.ai_log_err
                0x0000000008004538       0x40 X-CUBE-AI/App/app_x-cube-ai.o
 .text.ai_boostrap
                0x0000000008004578      0x10c X-CUBE-AI/App/app_x-cube-ai.o
 .text.ai_run_v2
                0x0000000008004684       0x7c X-CUBE-AI/App/app_x-cube-ai.o
                0x0000000008004684                ai_run_v2
 .text.MX_X_CUBE_AI_Init
                0x0000000008004700       0x24 X-CUBE-AI/App/app_x-cube-ai.o
                0x0000000008004700                MX_X_CUBE_AI_Init
 .text.network_configure_activations
                0x0000000008004724       0x7c X-CUBE-AI/App/network.o
 .text.network_configure_weights
                0x00000000080047a0       0xb8 X-CUBE-AI/App/network.o
 .text.ai_network_get_info
                0x0000000008004858       0xbc X-CUBE-AI/App/network.o
                0x0000000008004858                ai_network_get_info
 .text.ai_network_get_error
                0x0000000008004914       0x18 X-CUBE-AI/App/network.o
                0x0000000008004914                ai_network_get_error
 .text.ai_network_create
                0x000000000800492c       0x2c X-CUBE-AI/App/network.o
                0x000000000800492c                ai_network_create
 .text.ai_network_destroy
                0x0000000008004958       0x18 X-CUBE-AI/App/network.o
                0x0000000008004958                ai_network_destroy
 .text.ai_network_init
                0x0000000008004970       0x7e X-CUBE-AI/App/network.o
                0x0000000008004970                ai_network_init
 .text.ai_network_run
                0x00000000080049ee       0x20 X-CUBE-AI/App/network.o
                0x00000000080049ee                ai_network_run
 *fill*         0x0000000008004a0e        0x2 
 .text.ai_network_data_weights_get
                0x0000000008004a10       0x14 X-CUBE-AI/App/network_data.o
                0x0000000008004a10                ai_network_data_weights_get
 .text.unlikely._ai_platform_get_io_buffers_info
                0x0000000008004a24       0x9c ../Middlewares/ST/AI/Lib\NetworkRuntime600_CM4_GCC.a(ai_platform_interface.o)
 .text.unlikely._platform_network_state_setup.isra.1
                0x0000000008004ac0       0x3e ../Middlewares/ST/AI/Lib\NetworkRuntime600_CM4_GCC.a(ai_platform_interface.o)
 *fill*         0x0000000008004afe        0x2 
 .text.ai_platform_runtime_get_revision
                0x0000000008004b00       0x44 ../Middlewares/ST/AI/Lib\NetworkRuntime600_CM4_GCC.a(ai_platform_interface.o)
                0x0000000008004b00                ai_platform_runtime_get_revision
 .text.ai_platform_runtime_get_version
                0x0000000008004b44       0x44 ../Middlewares/ST/AI/Lib\NetworkRuntime600_CM4_GCC.a(ai_platform_interface.o)
                0x0000000008004b44                ai_platform_runtime_get_version
 .text.ai_platform_api_get_version
                0x0000000008004b88       0x68 ../Middlewares/ST/AI/Lib\NetworkRuntime600_CM4_GCC.a(ai_platform_interface.o)
                0x0000000008004b88                ai_platform_api_get_version
 .text.ai_platform_interface_api_get_version
                0x0000000008004bf0       0x68 ../Middlewares/ST/AI/Lib\NetworkRuntime600_CM4_GCC.a(ai_platform_interface.o)
                0x0000000008004bf0                ai_platform_interface_api_get_version
 .text.ai_platform_context_acquire
                0x0000000008004c58       0x54 ../Middlewares/ST/AI/Lib\NetworkRuntime600_CM4_GCC.a(ai_platform_interface.o)
                0x0000000008004c58                ai_platform_context_acquire
 .text.ai_platform_network_get_error
                0x0000000008004cac       0x64 ../Middlewares/ST/AI/Lib\NetworkRuntime600_CM4_GCC.a(ai_platform_interface.o)
                0x0000000008004cac                ai_platform_network_get_error
 .text.ai_platform_api_get_network_report
                0x0000000008004d10      0x1ec ../Middlewares/ST/AI/Lib\NetworkRuntime600_CM4_GCC.a(ai_platform_interface.o)
                0x0000000008004d10                ai_platform_api_get_network_report
 .text.ai_platform_network_create
                0x0000000008004efc       0xe4 ../Middlewares/ST/AI/Lib\NetworkRuntime600_CM4_GCC.a(ai_platform_interface.o)
                0x0000000008004efc                ai_platform_network_create
 .text.ai_platform_network_destroy
                0x0000000008004fe0       0x64 ../Middlewares/ST/AI/Lib\NetworkRuntime600_CM4_GCC.a(ai_platform_interface.o)
                0x0000000008004fe0                ai_platform_network_destroy
 .text.ai_platform_network_init
                0x0000000008005044       0xe4 ../Middlewares/ST/AI/Lib\NetworkRuntime600_CM4_GCC.a(ai_platform_interface.o)
                0x0000000008005044                ai_platform_network_init
 .text.ai_platform_network_post_init
                0x0000000008005128       0x98 ../Middlewares/ST/AI/Lib\NetworkRuntime600_CM4_GCC.a(ai_platform_interface.o)
                0x0000000008005128                ai_platform_network_post_init
 .text.ai_platform_network_process
                0x00000000080051c0      0x414 ../Middlewares/ST/AI/Lib\NetworkRuntime600_CM4_GCC.a(ai_platform_interface.o)
                0x00000000080051c0                ai_platform_network_process
 .text.core_init
                0x00000000080055d4        0x4 ../Middlewares/ST/AI/Lib\NetworkRuntime600_CM4_GCC.a(core_common.o)
                0x00000000080055d4                core_init
 .text.core_get_error
                0x00000000080055d8        0xc ../Middlewares/ST/AI/Lib\NetworkRuntime600_CM4_GCC.a(core_common.o)
                0x00000000080055d8                core_get_error
 .text.core_set_error
                0x00000000080055e4       0x18 ../Middlewares/ST/AI/Lib\NetworkRuntime600_CM4_GCC.a(core_common.o)
                0x00000000080055e4                core_set_error
 .text.ai_dict8_dot_array_f32
                0x00000000080055fc      0x19c ../Middlewares/ST/AI/Lib\NetworkRuntime600_CM4_GCC.a(layers_conv2d_generic_float.o)
                0x00000000080055fc                ai_dict8_dot_array_f32
 .text.ai_dict4_dot_array_f32
                0x0000000008005798      0x17c ../Middlewares/ST/AI/Lib\NetworkRuntime600_CM4_GCC.a(layers_conv2d_generic_float.o)
                0x0000000008005798                ai_dict4_dot_array_f32
 .text.forward_dense
                0x0000000008005914      0x450 ../Middlewares/ST/AI/Lib\NetworkRuntime600_CM4_GCC.a(layers_conv2d_generic_float.o)
                0x0000000008005914                forward_dense
 .text.nl_func_relu_generic_array_f32
                0x0000000008005d64       0xfc ../Middlewares/ST/AI/Lib\NetworkRuntime600_CM4_GCC.a(layers_nl_generic_float.o)
                0x0000000008005d64                nl_func_relu_generic_array_f32
 .text.forward_relu
                0x0000000008005e60      0x124 ../Middlewares/ST/AI/Lib\NetworkRuntime600_CM4_GCC.a(layers_nl_generic_float.o)
                0x0000000008005e60                forward_relu
 .text.ai_check_custom_types
                0x0000000008005f84       0x54 ../Middlewares/ST/AI/Lib\NetworkRuntime600_CM4_GCC.a(layers.o)
                0x0000000008005f84                ai_check_custom_types
 .text.ai_layers_init_all
                0x0000000008005fd8       0x28 ../Middlewares/ST/AI/Lib\NetworkRuntime600_CM4_GCC.a(layers.o)
                0x0000000008005fd8                ai_layers_init_all
 .text.ai_layers_post_init_all
                0x0000000008006000       0x30 ../Middlewares/ST/AI/Lib\NetworkRuntime600_CM4_GCC.a(layers.o)
                0x0000000008006000                ai_layers_post_init_all
 .text.ai_layers_forward_all
                0x0000000008006030       0x9c ../Middlewares/ST/AI/Lib\NetworkRuntime600_CM4_GCC.a(layers.o)
                0x0000000008006030                ai_layers_forward_all
 .text.ai_layers_destroy_all
                0x00000000080060cc       0x30 ../Middlewares/ST/AI/Lib\NetworkRuntime600_CM4_GCC.a(layers.o)
                0x00000000080060cc                ai_layers_destroy_all
 .text.ai_array_to_buffer_fmt
                0x00000000080060fc       0x98 ../Middlewares/ST/AI/Lib\NetworkRuntime600_CM4_GCC.a(ai_datatypes_format.o)
                0x00000000080060fc                ai_array_to_buffer_fmt
 .text.ai_array_get_byte_size
                0x0000000008006194       0x44 ../Middlewares/ST/AI/Lib\NetworkRuntime600_CM4_GCC.a(ai_datatypes_format.o)
                0x0000000008006194                ai_array_get_byte_size
 .text.calloc   0x00000000080061d8       0x10 c:/users/massi/stm32cubeide_1.5.0/stm32cubeide/plugins/com.st.stm32cube.ide.mcu.externaltools.gnu-tools-for-stm32.7-2018-q2-update.win32_1.5.0.202011040924/tools/bin/../lib/gcc/arm-none-eabi/7.3.1/../../../../arm-none-eabi/lib/thumb/v7e-m/fpv4-sp/hard\libc_nano.a(lib_a-calloc.o)
                0x00000000080061d8                calloc
 .text.__errno  0x00000000080061e8        0xc c:/users/massi/stm32cubeide_1.5.0/stm32cubeide/plugins/com.st.stm32cube.ide.mcu.externaltools.gnu-tools-for-stm32.7-2018-q2-update.win32_1.5.0.202011040924/tools/bin/../lib/gcc/arm-none-eabi/7.3.1/../../../../arm-none-eabi/lib/thumb/v7e-m/fpv4-sp/hard\libc_nano.a(lib_a-errno.o)
                0x00000000080061e8                __errno
 .text.__libc_init_array
                0x00000000080061f4       0x48 c:/users/massi/stm32cubeide_1.5.0/stm32cubeide/plugins/com.st.stm32cube.ide.mcu.externaltools.gnu-tools-for-stm32.7-2018-q2-update.win32_1.5.0.202011040924/tools/bin/../lib/gcc/arm-none-eabi/7.3.1/../../../../arm-none-eabi/lib/thumb/v7e-m/fpv4-sp/hard\libc_nano.a(lib_a-init.o)
                0x00000000080061f4                __libc_init_array
 .text.malloc   0x000000000800623c       0x10 c:/users/massi/stm32cubeide_1.5.0/stm32cubeide/plugins/com.st.stm32cube.ide.mcu.externaltools.gnu-tools-for-stm32.7-2018-q2-update.win32_1.5.0.202011040924/tools/bin/../lib/gcc/arm-none-eabi/7.3.1/../../../../arm-none-eabi/lib/thumb/v7e-m/fpv4-sp/hard\libc_nano.a(lib_a-malloc.o)
                0x000000000800623c                malloc
 .text.free     0x000000000800624c       0x10 c:/users/massi/stm32cubeide_1.5.0/stm32cubeide/plugins/com.st.stm32cube.ide.mcu.externaltools.gnu-tools-for-stm32.7-2018-q2-update.win32_1.5.0.202011040924/tools/bin/../lib/gcc/arm-none-eabi/7.3.1/../../../../arm-none-eabi/lib/thumb/v7e-m/fpv4-sp/hard\libc_nano.a(lib_a-malloc.o)
                0x000000000800624c                free
 .text.memcpy   0x000000000800625c       0x16 c:/users/massi/stm32cubeide_1.5.0/stm32cubeide/plugins/com.st.stm32cube.ide.mcu.externaltools.gnu-tools-for-stm32.7-2018-q2-update.win32_1.5.0.202011040924/tools/bin/../lib/gcc/arm-none-eabi/7.3.1/../../../../arm-none-eabi/lib/thumb/v7e-m/fpv4-sp/hard\libc_nano.a(lib_a-memcpy-stub.o)
                0x000000000800625c                memcpy
 .text.memset   0x0000000008006272       0x10 c:/users/massi/stm32cubeide_1.5.0/stm32cubeide/plugins/com.st.stm32cube.ide.mcu.externaltools.gnu-tools-for-stm32.7-2018-q2-update.win32_1.5.0.202011040924/tools/bin/../lib/gcc/arm-none-eabi/7.3.1/../../../../arm-none-eabi/lib/thumb/v7e-m/fpv4-sp/hard\libc_nano.a(lib_a-memset.o)
                0x0000000008006272                memset
 .text._calloc_r
                0x0000000008006282       0x1c c:/users/massi/stm32cubeide_1.5.0/stm32cubeide/plugins/com.st.stm32cube.ide.mcu.externaltools.gnu-tools-for-stm32.7-2018-q2-update.win32_1.5.0.202011040924/tools/bin/../lib/gcc/arm-none-eabi/7.3.1/../../../../arm-none-eabi/lib/thumb/v7e-m/fpv4-sp/hard\libc_nano.a(lib_a-nano-callocr.o)
                0x0000000008006282                _calloc_r
 *fill*         0x000000000800629e        0x2 
 .text._free_r  0x00000000080062a0       0x9c c:/users/massi/stm32cubeide_1.5.0/stm32cubeide/plugins/com.st.stm32cube.ide.mcu.externaltools.gnu-tools-for-stm32.7-2018-q2-update.win32_1.5.0.202011040924/tools/bin/../lib/gcc/arm-none-eabi/7.3.1/../../../../arm-none-eabi/lib/thumb/v7e-m/fpv4-sp/hard\libc_nano.a(lib_a-nano-freer.o)
                0x00000000080062a0                _free_r
 .text._malloc_r
                0x000000000800633c       0xb4 c:/users/massi/stm32cubeide_1.5.0/stm32cubeide/plugins/com.st.stm32cube.ide.mcu.externaltools.gnu-tools-for-stm32.7-2018-q2-update.win32_1.5.0.202011040924/tools/bin/../lib/gcc/arm-none-eabi/7.3.1/../../../../arm-none-eabi/lib/thumb/v7e-m/fpv4-sp/hard\libc_nano.a(lib_a-nano-mallocr.o)
                0x000000000800633c                _malloc_r
 .text.__cvt    0x00000000080063f0       0xc2 c:/users/massi/stm32cubeide_1.5.0/stm32cubeide/plugins/com.st.stm32cube.ide.mcu.externaltools.gnu-tools-for-stm32.7-2018-q2-update.win32_1.5.0.202011040924/tools/bin/../lib/gcc/arm-none-eabi/7.3.1/../../../../arm-none-eabi/lib/thumb/v7e-m/fpv4-sp/hard\libc_nano.a(lib_a-nano-vfprintf_float.o)
                0x00000000080063f0                __cvt
 .text.__exponent
                0x00000000080064b2       0x66 c:/users/massi/stm32cubeide_1.5.0/stm32cubeide/plugins/com.st.stm32cube.ide.mcu.externaltools.gnu-tools-for-stm32.7-2018-q2-update.win32_1.5.0.202011040924/tools/bin/../lib/gcc/arm-none-eabi/7.3.1/../../../../arm-none-eabi/lib/thumb/v7e-m/fpv4-sp/hard\libc_nano.a(lib_a-nano-vfprintf_float.o)
                0x00000000080064b2                __exponent
 .text._printf_float
                0x0000000008006518      0x480 c:/users/massi/stm32cubeide_1.5.0/stm32cubeide/plugins/com.st.stm32cube.ide.mcu.externaltools.gnu-tools-for-stm32.7-2018-q2-update.win32_1.5.0.202011040924/tools/bin/../lib/gcc/arm-none-eabi/7.3.1/../../../../arm-none-eabi/lib/thumb/v7e-m/fpv4-sp/hard\libc_nano.a(lib_a-nano-vfprintf_float.o)
                0x0000000008006518                _printf_float
 .text._printf_common
                0x0000000008006998       0xea c:/users/massi/stm32cubeide_1.5.0/stm32cubeide/plugins/com.st.stm32cube.ide.mcu.externaltools.gnu-tools-for-stm32.7-2018-q2-update.win32_1.5.0.202011040924/tools/bin/../lib/gcc/arm-none-eabi/7.3.1/../../../../arm-none-eabi/lib/thumb/v7e-m/fpv4-sp/hard\libc_nano.a(lib_a-nano-vfprintf_i.o)
                0x0000000008006998                _printf_common
 *fill*         0x0000000008006a82        0x2 
 .text._printf_i
                0x0000000008006a84      0x224 c:/users/massi/stm32cubeide_1.5.0/stm32cubeide/plugins/com.st.stm32cube.ide.mcu.externaltools.gnu-tools-for-stm32.7-2018-q2-update.win32_1.5.0.202011040924/tools/bin/../lib/gcc/arm-none-eabi/7.3.1/../../../../arm-none-eabi/lib/thumb/v7e-m/fpv4-sp/hard\libc_nano.a(lib_a-nano-vfprintf_i.o)
                0x0000000008006a84                _printf_i
 .text.printf   0x0000000008006ca8       0x30 c:/users/massi/stm32cubeide_1.5.0/stm32cubeide/plugins/com.st.stm32cube.ide.mcu.externaltools.gnu-tools-for-stm32.7-2018-q2-update.win32_1.5.0.202011040924/tools/bin/../lib/gcc/arm-none-eabi/7.3.1/../../../../arm-none-eabi/lib/thumb/v7e-m/fpv4-sp/hard\libc_nano.a(lib_a-printf.o)
                0x0000000008006ca8                iprintf
                0x0000000008006ca8                printf
 .text._puts_r  0x0000000008006cd8       0xb8 c:/users/massi/stm32cubeide_1.5.0/stm32cubeide/plugins/com.st.stm32cube.ide.mcu.externaltools.gnu-tools-for-stm32.7-2018-q2-update.win32_1.5.0.202011040924/tools/bin/../lib/gcc/arm-none-eabi/7.3.1/../../../../arm-none-eabi/lib/thumb/v7e-m/fpv4-sp/hard\libc_nano.a(lib_a-puts.o)
                0x0000000008006cd8                _puts_r
 .text.puts     0x0000000008006d90       0x10 c:/users/massi/stm32cubeide_1.5.0/stm32cubeide/plugins/com.st.stm32cube.ide.mcu.externaltools.gnu-tools-for-stm32.7-2018-q2-update.win32_1.5.0.202011040924/tools/bin/../lib/gcc/arm-none-eabi/7.3.1/../../../../arm-none-eabi/lib/thumb/v7e-m/fpv4-sp/hard\libc_nano.a(lib_a-puts.o)
                0x0000000008006d90                puts
 .text.rand     0x0000000008006da0       0x68 c:/users/massi/stm32cubeide_1.5.0/stm32cubeide/plugins/com.st.stm32cube.ide.mcu.externaltools.gnu-tools-for-stm32.7-2018-q2-update.win32_1.5.0.202011040924/tools/bin/../lib/gcc/arm-none-eabi/7.3.1/../../../../arm-none-eabi/lib/thumb/v7e-m/fpv4-sp/hard\libc_nano.a(lib_a-rand.o)
                0x0000000008006da0                rand
 .text._sbrk_r  0x0000000008006e08       0x20 c:/users/massi/stm32cubeide_1.5.0/stm32cubeide/plugins/com.st.stm32cube.ide.mcu.externaltools.gnu-tools-for-stm32.7-2018-q2-update.win32_1.5.0.202011040924/tools/bin/../lib/gcc/arm-none-eabi/7.3.1/../../../../arm-none-eabi/lib/thumb/v7e-m/fpv4-sp/hard\libc_nano.a(lib_a-sbrkr.o)
                0x0000000008006e08                _sbrk_r
 .text.sprintf  0x0000000008006e28       0x40 c:/users/massi/stm32cubeide_1.5.0/stm32cubeide/plugins/com.st.stm32cube.ide.mcu.externaltools.gnu-tools-for-stm32.7-2018-q2-update.win32_1.5.0.202011040924/tools/bin/../lib/gcc/arm-none-eabi/7.3.1/../../../../arm-none-eabi/lib/thumb/v7e-m/fpv4-sp/hard\libc_nano.a(lib_a-sprintf.o)
                0x0000000008006e28                siprintf
                0x0000000008006e28                sprintf
 .text.__swbuf_r
                0x0000000008006e68       0xa4 c:/users/massi/stm32cubeide_1.5.0/stm32cubeide/plugins/com.st.stm32cube.ide.mcu.externaltools.gnu-tools-for-stm32.7-2018-q2-update.win32_1.5.0.202011040924/tools/bin/../lib/gcc/arm-none-eabi/7.3.1/../../../../arm-none-eabi/lib/thumb/v7e-m/fpv4-sp/hard\libc_nano.a(lib_a-wbuf.o)
                0x0000000008006e68                __swbuf_r
 .text.__swsetup_r
                0x0000000008006f0c       0xdc c:/users/massi/stm32cubeide_1.5.0/stm32cubeide/plugins/com.st.stm32cube.ide.mcu.externaltools.gnu-tools-for-stm32.7-2018-q2-update.win32_1.5.0.202011040924/tools/bin/../lib/gcc/arm-none-eabi/7.3.1/../../../../arm-none-eabi/lib/thumb/v7e-m/fpv4-sp/hard\libc_nano.a(lib_a-wsetup.o)
                0x0000000008006f0c                __swsetup_r
 .text.quorem   0x0000000008006fe8      0x118 c:/users/massi/stm32cubeide_1.5.0/stm32cubeide/plugins/com.st.stm32cube.ide.mcu.externaltools.gnu-tools-for-stm32.7-2018-q2-update.win32_1.5.0.202011040924/tools/bin/../lib/gcc/arm-none-eabi/7.3.1/../../../../arm-none-eabi/lib/thumb/v7e-m/fpv4-sp/hard\libc_nano.a(lib_a-dtoa.o)
 .text._dtoa_r  0x0000000008007100      0xb70 c:/users/massi/stm32cubeide_1.5.0/stm32cubeide/plugins/com.st.stm32cube.ide.mcu.externaltools.gnu-tools-for-stm32.7-2018-q2-update.win32_1.5.0.202011040924/tools/bin/../lib/gcc/arm-none-eabi/7.3.1/../../../../arm-none-eabi/lib/thumb/v7e-m/fpv4-sp/hard\libc_nano.a(lib_a-dtoa.o)
                0x0000000008007100                _dtoa_r
 .text.__sflush_r
                0x0000000008007c70      0x10c c:/users/massi/stm32cubeide_1.5.0/stm32cubeide/plugins/com.st.stm32cube.ide.mcu.externaltools.gnu-tools-for-stm32.7-2018-q2-update.win32_1.5.0.202011040924/tools/bin/../lib/gcc/arm-none-eabi/7.3.1/../../../../arm-none-eabi/lib/thumb/v7e-m/fpv4-sp/hard\libc_nano.a(lib_a-fflush.o)
                0x0000000008007c70                __sflush_r
 .text._fflush_r
                0x0000000008007d7c       0x54 c:/users/massi/stm32cubeide_1.5.0/stm32cubeide/plugins/com.st.stm32cube.ide.mcu.externaltools.gnu-tools-for-stm32.7-2018-q2-update.win32_1.5.0.202011040924/tools/bin/../lib/gcc/arm-none-eabi/7.3.1/../../../../arm-none-eabi/lib/thumb/v7e-m/fpv4-sp/hard\libc_nano.a(lib_a-fflush.o)
                0x0000000008007d7c                _fflush_r
 .text.std      0x0000000008007dd0       0x48 c:/users/massi/stm32cubeide_1.5.0/stm32cubeide/plugins/com.st.stm32cube.ide.mcu.externaltools.gnu-tools-for-stm32.7-2018-q2-update.win32_1.5.0.202011040924/tools/bin/../lib/gcc/arm-none-eabi/7.3.1/../../../../arm-none-eabi/lib/thumb/v7e-m/fpv4-sp/hard\libc_nano.a(lib_a-findfp.o)
 .text._cleanup_r
                0x0000000008007e18        0xc c:/users/massi/stm32cubeide_1.5.0/stm32cubeide/plugins/com.st.stm32cube.ide.mcu.externaltools.gnu-tools-for-stm32.7-2018-q2-update.win32_1.5.0.202011040924/tools/bin/../lib/gcc/arm-none-eabi/7.3.1/../../../../arm-none-eabi/lib/thumb/v7e-m/fpv4-sp/hard\libc_nano.a(lib_a-findfp.o)
                0x0000000008007e18                _cleanup_r
 .text.__sfmoreglue
                0x0000000008007e24       0x2c c:/users/massi/stm32cubeide_1.5.0/stm32cubeide/plugins/com.st.stm32cube.ide.mcu.externaltools.gnu-tools-for-stm32.7-2018-q2-update.win32_1.5.0.202011040924/tools/bin/../lib/gcc/arm-none-eabi/7.3.1/../../../../arm-none-eabi/lib/thumb/v7e-m/fpv4-sp/hard\libc_nano.a(lib_a-findfp.o)
                0x0000000008007e24                __sfmoreglue
 .text.__sinit  0x0000000008007e50       0x60 c:/users/massi/stm32cubeide_1.5.0/stm32cubeide/plugins/com.st.stm32cube.ide.mcu.externaltools.gnu-tools-for-stm32.7-2018-q2-update.win32_1.5.0.202011040924/tools/bin/../lib/gcc/arm-none-eabi/7.3.1/../../../../arm-none-eabi/lib/thumb/v7e-m/fpv4-sp/hard\libc_nano.a(lib_a-findfp.o)
                0x0000000008007e50                __sinit
 .text.__sfp    0x0000000008007eb0       0x78 c:/users/massi/stm32cubeide_1.5.0/stm32cubeide/plugins/com.st.stm32cube.ide.mcu.externaltools.gnu-tools-for-stm32.7-2018-q2-update.win32_1.5.0.202011040924/tools/bin/../lib/gcc/arm-none-eabi/7.3.1/../../../../arm-none-eabi/lib/thumb/v7e-m/fpv4-sp/hard\libc_nano.a(lib_a-findfp.o)
                0x0000000008007eb0                __sfp
 .text._fwalk_reent
                0x0000000008007f28       0x3c c:/users/massi/stm32cubeide_1.5.0/stm32cubeide/plugins/com.st.stm32cube.ide.mcu.externaltools.gnu-tools-for-stm32.7-2018-q2-update.win32_1.5.0.202011040924/tools/bin/../lib/gcc/arm-none-eabi/7.3.1/../../../../arm-none-eabi/lib/thumb/v7e-m/fpv4-sp/hard\libc_nano.a(lib_a-fwalk.o)
                0x0000000008007f28                _fwalk_reent
 .text._localeconv_r
                0x0000000008007f64       0x1c c:/users/massi/stm32cubeide_1.5.0/stm32cubeide/plugins/com.st.stm32cube.ide.mcu.externaltools.gnu-tools-for-stm32.7-2018-q2-update.win32_1.5.0.202011040924/tools/bin/../lib/gcc/arm-none-eabi/7.3.1/../../../../arm-none-eabi/lib/thumb/v7e-m/fpv4-sp/hard\libc_nano.a(lib_a-localeconv.o)
                0x0000000008007f64                _localeconv_r
 .text.__swhatbuf_r
                0x0000000008007f80       0x48 c:/users/massi/stm32cubeide_1.5.0/stm32cubeide/plugins/com.st.stm32cube.ide.mcu.externaltools.gnu-tools-for-stm32.7-2018-q2-update.win32_1.5.0.202011040924/tools/bin/../lib/gcc/arm-none-eabi/7.3.1/../../../../arm-none-eabi/lib/thumb/v7e-m/fpv4-sp/hard\libc_nano.a(lib_a-makebuf.o)
                0x0000000008007f80                __swhatbuf_r
 .text.__smakebuf_r
                0x0000000008007fc8       0x80 c:/users/massi/stm32cubeide_1.5.0/stm32cubeide/plugins/com.st.stm32cube.ide.mcu.externaltools.gnu-tools-for-stm32.7-2018-q2-update.win32_1.5.0.202011040924/tools/bin/../lib/gcc/arm-none-eabi/7.3.1/../../../../arm-none-eabi/lib/thumb/v7e-m/fpv4-sp/hard\libc_nano.a(lib_a-makebuf.o)
                0x0000000008007fc8                __smakebuf_r
 .text.__malloc_lock
                0x0000000008008048        0x2 c:/users/massi/stm32cubeide_1.5.0/stm32cubeide/plugins/com.st.stm32cube.ide.mcu.externaltools.gnu-tools-for-stm32.7-2018-q2-update.win32_1.5.0.202011040924/tools/bin/../lib/gcc/arm-none-eabi/7.3.1/../../../../arm-none-eabi/lib/thumb/v7e-m/fpv4-sp/hard\libc_nano.a(lib_a-mlock.o)
                0x0000000008008048                __malloc_lock
 .text.__malloc_unlock
                0x000000000800804a        0x2 c:/users/massi/stm32cubeide_1.5.0/stm32cubeide/plugins/com.st.stm32cube.ide.mcu.externaltools.gnu-tools-for-stm32.7-2018-q2-update.win32_1.5.0.202011040924/tools/bin/../lib/gcc/arm-none-eabi/7.3.1/../../../../arm-none-eabi/lib/thumb/v7e-m/fpv4-sp/hard\libc_nano.a(lib_a-mlock.o)
                0x000000000800804a                __malloc_unlock
 .text._Balloc  0x000000000800804c       0x68 c:/users/massi/stm32cubeide_1.5.0/stm32cubeide/plugins/com.st.stm32cube.ide.mcu.externaltools.gnu-tools-for-stm32.7-2018-q2-update.win32_1.5.0.202011040924/tools/bin/../lib/gcc/arm-none-eabi/7.3.1/../../../../arm-none-eabi/lib/thumb/v7e-m/fpv4-sp/hard\libc_nano.a(lib_a-mprec.o)
                0x000000000800804c                _Balloc
 .text._Bfree   0x00000000080080b4       0x2e c:/users/massi/stm32cubeide_1.5.0/stm32cubeide/plugins/com.st.stm32cube.ide.mcu.externaltools.gnu-tools-for-stm32.7-2018-q2-update.win32_1.5.0.202011040924/tools/bin/../lib/gcc/arm-none-eabi/7.3.1/../../../../arm-none-eabi/lib/thumb/v7e-m/fpv4-sp/hard\libc_nano.a(lib_a-mprec.o)
                0x00000000080080b4                _Bfree
 .text.__multadd
                0x00000000080080e2       0x76 c:/users/massi/stm32cubeide_1.5.0/stm32cubeide/plugins/com.st.stm32cube.ide.mcu.externaltools.gnu-tools-for-stm32.7-2018-q2-update.win32_1.5.0.202011040924/tools/bin/../lib/gcc/arm-none-eabi/7.3.1/../../../../arm-none-eabi/lib/thumb/v7e-m/fpv4-sp/hard\libc_nano.a(lib_a-mprec.o)
                0x00000000080080e2                __multadd
 .text.__hi0bits
                0x0000000008008158       0x3e c:/users/massi/stm32cubeide_1.5.0/stm32cubeide/plugins/com.st.stm32cube.ide.mcu.externaltools.gnu-tools-for-stm32.7-2018-q2-update.win32_1.5.0.202011040924/tools/bin/../lib/gcc/arm-none-eabi/7.3.1/../../../../arm-none-eabi/lib/thumb/v7e-m/fpv4-sp/hard\libc_nano.a(lib_a-mprec.o)
                0x0000000008008158                __hi0bits
 .text.__lo0bits
                0x0000000008008196       0x5e c:/users/massi/stm32cubeide_1.5.0/stm32cubeide/plugins/com.st.stm32cube.ide.mcu.externaltools.gnu-tools-for-stm32.7-2018-q2-update.win32_1.5.0.202011040924/tools/bin/../lib/gcc/arm-none-eabi/7.3.1/../../../../arm-none-eabi/lib/thumb/v7e-m/fpv4-sp/hard\libc_nano.a(lib_a-mprec.o)
                0x0000000008008196                __lo0bits
 .text.__i2b    0x00000000080081f4       0x12 c:/users/massi/stm32cubeide_1.5.0/stm32cubeide/plugins/com.st.stm32cube.ide.mcu.externaltools.gnu-tools-for-stm32.7-2018-q2-update.win32_1.5.0.202011040924/tools/bin/../lib/gcc/arm-none-eabi/7.3.1/../../../../arm-none-eabi/lib/thumb/v7e-m/fpv4-sp/hard\libc_nano.a(lib_a-mprec.o)
                0x00000000080081f4                __i2b
 .text.__multiply
                0x0000000008008206      0x12c c:/users/massi/stm32cubeide_1.5.0/stm32cubeide/plugins/com.st.stm32cube.ide.mcu.externaltools.gnu-tools-for-stm32.7-2018-q2-update.win32_1.5.0.202011040924/tools/bin/../lib/gcc/arm-none-eabi/7.3.1/../../../../arm-none-eabi/lib/thumb/v7e-m/fpv4-sp/hard\libc_nano.a(lib_a-mprec.o)
                0x0000000008008206                __multiply
 *fill*         0x0000000008008332        0x2 
 .text.__pow5mult
                0x0000000008008334       0x9c c:/users/massi/stm32cubeide_1.5.0/stm32cubeide/plugins/com.st.stm32cube.ide.mcu.externaltools.gnu-tools-for-stm32.7-2018-q2-update.win32_1.5.0.202011040924/tools/bin/../lib/gcc/arm-none-eabi/7.3.1/../../../../arm-none-eabi/lib/thumb/v7e-m/fpv4-sp/hard\libc_nano.a(lib_a-mprec.o)
                0x0000000008008334                __pow5mult
 .text.__lshift
                0x00000000080083d0       0xa8 c:/users/massi/stm32cubeide_1.5.0/stm32cubeide/plugins/com.st.stm32cube.ide.mcu.externaltools.gnu-tools-for-stm32.7-2018-q2-update.win32_1.5.0.202011040924/tools/bin/../lib/gcc/arm-none-eabi/7.3.1/../../../../arm-none-eabi/lib/thumb/v7e-m/fpv4-sp/hard\libc_nano.a(lib_a-mprec.o)
                0x00000000080083d0                __lshift
 .text.__mcmp   0x0000000008008478       0x34 c:/users/massi/stm32cubeide_1.5.0/stm32cubeide/plugins/com.st.stm32cube.ide.mcu.externaltools.gnu-tools-for-stm32.7-2018-q2-update.win32_1.5.0.202011040924/tools/bin/../lib/gcc/arm-none-eabi/7.3.1/../../../../arm-none-eabi/lib/thumb/v7e-m/fpv4-sp/hard\libc_nano.a(lib_a-mprec.o)
                0x0000000008008478                __mcmp
 .text.__mdiff  0x00000000080084ac       0xba c:/users/massi/stm32cubeide_1.5.0/stm32cubeide/plugins/com.st.stm32cube.ide.mcu.externaltools.gnu-tools-for-stm32.7-2018-q2-update.win32_1.5.0.202011040924/tools/bin/../lib/gcc/arm-none-eabi/7.3.1/../../../../arm-none-eabi/lib/thumb/v7e-m/fpv4-sp/hard\libc_nano.a(lib_a-mprec.o)
                0x00000000080084ac                __mdiff
 .text.__d2b    0x0000000008008566       0x9e c:/users/massi/stm32cubeide_1.5.0/stm32cubeide/plugins/com.st.stm32cube.ide.mcu.externaltools.gnu-tools-for-stm32.7-2018-q2-update.win32_1.5.0.202011040924/tools/bin/../lib/gcc/arm-none-eabi/7.3.1/../../../../arm-none-eabi/lib/thumb/v7e-m/fpv4-sp/hard\libc_nano.a(lib_a-mprec.o)
                0x0000000008008566                __d2b
 .text._realloc_r
                0x0000000008008604       0x4c c:/users/massi/stm32cubeide_1.5.0/stm32cubeide/plugins/com.st.stm32cube.ide.mcu.externaltools.gnu-tools-for-stm32.7-2018-q2-update.win32_1.5.0.202011040924/tools/bin/../lib/gcc/arm-none-eabi/7.3.1/../../../../arm-none-eabi/lib/thumb/v7e-m/fpv4-sp/hard\libc_nano.a(lib_a-nano-reallocr.o)
                0x0000000008008604                _realloc_r
 .text.__ssputs_r
                0x0000000008008650       0xb4 c:/users/massi/stm32cubeide_1.5.0/stm32cubeide/plugins/com.st.stm32cube.ide.mcu.externaltools.gnu-tools-for-stm32.7-2018-q2-update.win32_1.5.0.202011040924/tools/bin/../lib/gcc/arm-none-eabi/7.3.1/../../../../arm-none-eabi/lib/thumb/v7e-m/fpv4-sp/hard\libc_nano.a(lib_a-nano-svfprintf.o)
                0x0000000008008650                __ssputs_r
 .text._svfprintf_r
                0x0000000008008704      0x1f0 c:/users/massi/stm32cubeide_1.5.0/stm32cubeide/plugins/com.st.stm32cube.ide.mcu.externaltools.gnu-tools-for-stm32.7-2018-q2-update.win32_1.5.0.202011040924/tools/bin/../lib/gcc/arm-none-eabi/7.3.1/../../../../arm-none-eabi/lib/thumb/v7e-m/fpv4-sp/hard\libc_nano.a(lib_a-nano-svfprintf.o)
                0x0000000008008704                _svfiprintf_r
                0x0000000008008704                _svfprintf_r
 .text.__sfputc_r
                0x00000000080088f4       0x2e c:/users/massi/stm32cubeide_1.5.0/stm32cubeide/plugins/com.st.stm32cube.ide.mcu.externaltools.gnu-tools-for-stm32.7-2018-q2-update.win32_1.5.0.202011040924/tools/bin/../lib/gcc/arm-none-eabi/7.3.1/../../../../arm-none-eabi/lib/thumb/v7e-m/fpv4-sp/hard\libc_nano.a(lib_a-nano-vfprintf.o)
 .text.__sfputs_r
                0x0000000008008922       0x24 c:/users/massi/stm32cubeide_1.5.0/stm32cubeide/plugins/com.st.stm32cube.ide.mcu.externaltools.gnu-tools-for-stm32.7-2018-q2-update.win32_1.5.0.202011040924/tools/bin/../lib/gcc/arm-none-eabi/7.3.1/../../../../arm-none-eabi/lib/thumb/v7e-m/fpv4-sp/hard\libc_nano.a(lib_a-nano-vfprintf.o)
                0x0000000008008922                __sfputs_r
 *fill*         0x0000000008008946        0x2 
 .text._vfprintf_r
                0x0000000008008948      0x22c c:/users/massi/stm32cubeide_1.5.0/stm32cubeide/plugins/com.st.stm32cube.ide.mcu.externaltools.gnu-tools-for-stm32.7-2018-q2-update.win32_1.5.0.202011040924/tools/bin/../lib/gcc/arm-none-eabi/7.3.1/../../../../arm-none-eabi/lib/thumb/v7e-m/fpv4-sp/hard\libc_nano.a(lib_a-nano-vfprintf.o)
                0x0000000008008948                _vfprintf_r
                0x0000000008008948                _vfiprintf_r
 .text.__sread  0x0000000008008b74       0x22 c:/users/massi/stm32cubeide_1.5.0/stm32cubeide/plugins/com.st.stm32cube.ide.mcu.externaltools.gnu-tools-for-stm32.7-2018-q2-update.win32_1.5.0.202011040924/tools/bin/../lib/gcc/arm-none-eabi/7.3.1/../../../../arm-none-eabi/lib/thumb/v7e-m/fpv4-sp/hard\libc_nano.a(lib_a-stdio.o)
                0x0000000008008b74                __sread
 .text.__swrite
                0x0000000008008b96       0x38 c:/users/massi/stm32cubeide_1.5.0/stm32cubeide/plugins/com.st.stm32cube.ide.mcu.externaltools.gnu-tools-for-stm32.7-2018-q2-update.win32_1.5.0.202011040924/tools/bin/../lib/gcc/arm-none-eabi/7.3.1/../../../../arm-none-eabi/lib/thumb/v7e-m/fpv4-sp/hard\libc_nano.a(lib_a-stdio.o)
                0x0000000008008b96                __swrite
 .text.__sseek  0x0000000008008bce       0x24 c:/users/massi/stm32cubeide_1.5.0/stm32cubeide/plugins/com.st.stm32cube.ide.mcu.externaltools.gnu-tools-for-stm32.7-2018-q2-update.win32_1.5.0.202011040924/tools/bin/../lib/gcc/arm-none-eabi/7.3.1/../../../../arm-none-eabi/lib/thumb/v7e-m/fpv4-sp/hard\libc_nano.a(lib_a-stdio.o)
                0x0000000008008bce                __sseek
 .text.__sclose
                0x0000000008008bf2        0x8 c:/users/massi/stm32cubeide_1.5.0/stm32cubeide/plugins/com.st.stm32cube.ide.mcu.externaltools.gnu-tools-for-stm32.7-2018-q2-update.win32_1.5.0.202011040924/tools/bin/../lib/gcc/arm-none-eabi/7.3.1/../../../../arm-none-eabi/lib/thumb/v7e-m/fpv4-sp/hard\libc_nano.a(lib_a-stdio.o)
                0x0000000008008bf2                __sclose
 *fill*         0x0000000008008bfa        0x2 
 .text._write_r
                0x0000000008008bfc       0x24 c:/users/massi/stm32cubeide_1.5.0/stm32cubeide/plugins/com.st.stm32cube.ide.mcu.externaltools.gnu-tools-for-stm32.7-2018-q2-update.win32_1.5.0.202011040924/tools/bin/../lib/gcc/arm-none-eabi/7.3.1/../../../../arm-none-eabi/lib/thumb/v7e-m/fpv4-sp/hard\libc_nano.a(lib_a-writer.o)
                0x0000000008008bfc                _write_r
 .text._close_r
                0x0000000008008c20       0x20 c:/users/massi/stm32cubeide_1.5.0/stm32cubeide/plugins/com.st.stm32cube.ide.mcu.externaltools.gnu-tools-for-stm32.7-2018-q2-update.win32_1.5.0.202011040924/tools/bin/../lib/gcc/arm-none-eabi/7.3.1/../../../../arm-none-eabi/lib/thumb/v7e-m/fpv4-sp/hard\libc_nano.a(lib_a-closer.o)
                0x0000000008008c20                _close_r
 .text._fstat_r
                0x0000000008008c40       0x24 c:/users/massi/stm32cubeide_1.5.0/stm32cubeide/plugins/com.st.stm32cube.ide.mcu.externaltools.gnu-tools-for-stm32.7-2018-q2-update.win32_1.5.0.202011040924/tools/bin/../lib/gcc/arm-none-eabi/7.3.1/../../../../arm-none-eabi/lib/thumb/v7e-m/fpv4-sp/hard\libc_nano.a(lib_a-fstatr.o)
                0x0000000008008c40                _fstat_r
 .text._isatty_r
                0x0000000008008c64       0x20 c:/users/massi/stm32cubeide_1.5.0/stm32cubeide/plugins/com.st.stm32cube.ide.mcu.externaltools.gnu-tools-for-stm32.7-2018-q2-update.win32_1.5.0.202011040924/tools/bin/../lib/gcc/arm-none-eabi/7.3.1/../../../../arm-none-eabi/lib/thumb/v7e-m/fpv4-sp/hard\libc_nano.a(lib_a-isattyr.o)
                0x0000000008008c64                _isatty_r
 .text._lseek_r
                0x0000000008008c84       0x24 c:/users/massi/stm32cubeide_1.5.0/stm32cubeide/plugins/com.st.stm32cube.ide.mcu.externaltools.gnu-tools-for-stm32.7-2018-q2-update.win32_1.5.0.202011040924/tools/bin/../lib/gcc/arm-none-eabi/7.3.1/../../../../arm-none-eabi/lib/thumb/v7e-m/fpv4-sp/hard\libc_nano.a(lib_a-lseekr.o)
                0x0000000008008c84                _lseek_r
 .text.__ascii_mbtowc
                0x0000000008008ca8       0x24 c:/users/massi/stm32cubeide_1.5.0/stm32cubeide/plugins/com.st.stm32cube.ide.mcu.externaltools.gnu-tools-for-stm32.7-2018-q2-update.win32_1.5.0.202011040924/tools/bin/../lib/gcc/arm-none-eabi/7.3.1/../../../../arm-none-eabi/lib/thumb/v7e-m/fpv4-sp/hard\libc_nano.a(lib_a-mbtowc_r.o)
                0x0000000008008ca8                __ascii_mbtowc
 .text.memmove  0x0000000008008ccc       0x32 c:/users/massi/stm32cubeide_1.5.0/stm32cubeide/plugins/com.st.stm32cube.ide.mcu.externaltools.gnu-tools-for-stm32.7-2018-q2-update.win32_1.5.0.202011040924/tools/bin/../lib/gcc/arm-none-eabi/7.3.1/../../../../arm-none-eabi/lib/thumb/v7e-m/fpv4-sp/hard\libc_nano.a(lib_a-memmove.o)
                0x0000000008008ccc                memmove
 .text._malloc_usable_size_r
                0x0000000008008cfe       0x10 c:/users/massi/stm32cubeide_1.5.0/stm32cubeide/plugins/com.st.stm32cube.ide.mcu.externaltools.gnu-tools-for-stm32.7-2018-q2-update.win32_1.5.0.202011040924/tools/bin/../lib/gcc/arm-none-eabi/7.3.1/../../../../arm-none-eabi/lib/thumb/v7e-m/fpv4-sp/hard\libc_nano.a(lib_a-nano-msizer.o)
                0x0000000008008cfe                _malloc_usable_size_r
 *fill*         0x0000000008008d0e        0x2 
 .text._read_r  0x0000000008008d10       0x24 c:/users/massi/stm32cubeide_1.5.0/stm32cubeide/plugins/com.st.stm32cube.ide.mcu.externaltools.gnu-tools-for-stm32.7-2018-q2-update.win32_1.5.0.202011040924/tools/bin/../lib/gcc/arm-none-eabi/7.3.1/../../../../arm-none-eabi/lib/thumb/v7e-m/fpv4-sp/hard\libc_nano.a(lib_a-readr.o)
                0x0000000008008d10                _read_r
 .text.__ascii_wctomb
                0x0000000008008d34       0x1a c:/users/massi/stm32cubeide_1.5.0/stm32cubeide/plugins/com.st.stm32cube.ide.mcu.externaltools.gnu-tools-for-stm32.7-2018-q2-update.win32_1.5.0.202011040924/tools/bin/../lib/gcc/arm-none-eabi/7.3.1/../../../../arm-none-eabi/lib/thumb/v7e-m/fpv4-sp/hard\libc_nano.a(lib_a-wctomb_r.o)
                0x0000000008008d34                __ascii_wctomb
 *fill*         0x0000000008008d4e        0x2 
 .text.exp      0x0000000008008d50       0xf8 c:/users/massi/stm32cubeide_1.5.0/stm32cubeide/plugins/com.st.stm32cube.ide.mcu.externaltools.gnu-tools-for-stm32.7-2018-q2-update.win32_1.5.0.202011040924/tools/bin/../lib/gcc/arm-none-eabi/7.3.1/../../../../arm-none-eabi/lib/thumb/v7e-m/fpv4-sp/hard\libm.a(lib_a-w_exp.o)
                0x0000000008008d50                exp
 .text.log      0x0000000008008e48      0x100 c:/users/massi/stm32cubeide_1.5.0/stm32cubeide/plugins/com.st.stm32cube.ide.mcu.externaltools.gnu-tools-for-stm32.7-2018-q2-update.win32_1.5.0.202011040924/tools/bin/../lib/gcc/arm-none-eabi/7.3.1/../../../../arm-none-eabi/lib/thumb/v7e-m/fpv4-sp/hard\libm.a(lib_a-w_log.o)
                0x0000000008008e48                log
 .text.__ieee754_exp
                0x0000000008008f48      0x2dc c:/users/massi/stm32cubeide_1.5.0/stm32cubeide/plugins/com.st.stm32cube.ide.mcu.externaltools.gnu-tools-for-stm32.7-2018-q2-update.win32_1.5.0.202011040924/tools/bin/../lib/gcc/arm-none-eabi/7.3.1/../../../../arm-none-eabi/lib/thumb/v7e-m/fpv4-sp/hard\libm.a(lib_a-e_exp.o)
                0x0000000008008f48                __ieee754_exp
 *fill*         0x0000000008009224        0x4 
 .text.__ieee754_log
                0x0000000008009228      0x364 c:/users/massi/stm32cubeide_1.5.0/stm32cubeide/plugins/com.st.stm32cube.ide.mcu.externaltools.gnu-tools-for-stm32.7-2018-q2-update.win32_1.5.0.202011040924/tools/bin/../lib/gcc/arm-none-eabi/7.3.1/../../../../arm-none-eabi/lib/thumb/v7e-m/fpv4-sp/hard\libm.a(lib_a-e_log.o)
                0x0000000008009228                __ieee754_log
 .text.finite   0x000000000800958c       0x10 c:/users/massi/stm32cubeide_1.5.0/stm32cubeide/plugins/com.st.stm32cube.ide.mcu.externaltools.gnu-tools-for-stm32.7-2018-q2-update.win32_1.5.0.202011040924/tools/bin/../lib/gcc/arm-none-eabi/7.3.1/../../../../arm-none-eabi/lib/thumb/v7e-m/fpv4-sp/hard\libm.a(lib_a-s_finite.o)
                0x000000000800958c                finite
 .text.matherr  0x000000000800959c        0x4 c:/users/massi/stm32cubeide_1.5.0/stm32cubeide/plugins/com.st.stm32cube.ide.mcu.externaltools.gnu-tools-for-stm32.7-2018-q2-update.win32_1.5.0.202011040924/tools/bin/../lib/gcc/arm-none-eabi/7.3.1/../../../../arm-none-eabi/lib/thumb/v7e-m/fpv4-sp/hard\libm.a(lib_a-s_matherr.o)
                0x000000000800959c                matherr
 .text.nan      0x00000000080095a0       0x10 c:/users/massi/stm32cubeide_1.5.0/stm32cubeide/plugins/com.st.stm32cube.ide.mcu.externaltools.gnu-tools-for-stm32.7-2018-q2-update.win32_1.5.0.202011040924/tools/bin/../lib/gcc/arm-none-eabi/7.3.1/../../../../arm-none-eabi/lib/thumb/v7e-m/fpv4-sp/hard\libm.a(lib_a-s_nan.o)
                0x00000000080095a0                nan
 .text._close   0x00000000080095b0       0x10 c:/users/massi/stm32cubeide_1.5.0/stm32cubeide/plugins/com.st.stm32cube.ide.mcu.externaltools.gnu-tools-for-stm32.7-2018-q2-update.win32_1.5.0.202011040924/tools/bin/../lib/gcc/arm-none-eabi/7.3.1/../../../../arm-none-eabi/lib/thumb/v7e-m/fpv4-sp/hard\libnosys.a(close.o)
                0x00000000080095b0                _close
 .text._fstat   0x00000000080095c0       0x10 c:/users/massi/stm32cubeide_1.5.0/stm32cubeide/plugins/com.st.stm32cube.ide.mcu.externaltools.gnu-tools-for-stm32.7-2018-q2-update.win32_1.5.0.202011040924/tools/bin/../lib/gcc/arm-none-eabi/7.3.1/../../../../arm-none-eabi/lib/thumb/v7e-m/fpv4-sp/hard\libnosys.a(fstat.o)
                0x00000000080095c0                _fstat
 .text._isatty  0x00000000080095d0       0x10 c:/users/massi/stm32cubeide_1.5.0/stm32cubeide/plugins/com.st.stm32cube.ide.mcu.externaltools.gnu-tools-for-stm32.7-2018-q2-update.win32_1.5.0.202011040924/tools/bin/../lib/gcc/arm-none-eabi/7.3.1/../../../../arm-none-eabi/lib/thumb/v7e-m/fpv4-sp/hard\libnosys.a(isatty.o)
                0x00000000080095d0                _isatty
 .text._lseek   0x00000000080095e0       0x10 c:/users/massi/stm32cubeide_1.5.0/stm32cubeide/plugins/com.st.stm32cube.ide.mcu.externaltools.gnu-tools-for-stm32.7-2018-q2-update.win32_1.5.0.202011040924/tools/bin/../lib/gcc/arm-none-eabi/7.3.1/../../../../arm-none-eabi/lib/thumb/v7e-m/fpv4-sp/hard\libnosys.a(lseek.o)
                0x00000000080095e0                _lseek
 .text._read    0x00000000080095f0       0x10 c:/users/massi/stm32cubeide_1.5.0/stm32cubeide/plugins/com.st.stm32cube.ide.mcu.externaltools.gnu-tools-for-stm32.7-2018-q2-update.win32_1.5.0.202011040924/tools/bin/../lib/gcc/arm-none-eabi/7.3.1/../../../../arm-none-eabi/lib/thumb/v7e-m/fpv4-sp/hard\libnosys.a(read.o)
                0x00000000080095f0                _read
 .text._write   0x0000000008009600       0x10 c:/users/massi/stm32cubeide_1.5.0/stm32cubeide/plugins/com.st.stm32cube.ide.mcu.externaltools.gnu-tools-for-stm32.7-2018-q2-update.win32_1.5.0.202011040924/tools/bin/../lib/gcc/arm-none-eabi/7.3.1/../../../../arm-none-eabi/lib/thumb/v7e-m/fpv4-sp/hard\libnosys.a(write.o)
                0x0000000008009600                _write
 *(.glue_7)
 .glue_7        0x0000000008009610        0x0 linker stubs
 *(.glue_7t)
 .glue_7t       0x0000000008009610        0x0 linker stubs
 *(.eh_frame)
 .eh_frame      0x0000000008009610        0x0 c:/users/massi/stm32cubeide_1.5.0/stm32cubeide/plugins/com.st.stm32cube.ide.mcu.externaltools.gnu-tools-for-stm32.7-2018-q2-update.win32_1.5.0.202011040924/tools/bin/../lib/gcc/arm-none-eabi/7.3.1/thumb/v7e-m/fpv4-sp/hard/crtbegin.o
 *(.init)
 .init          0x0000000008009610        0x4 c:/users/massi/stm32cubeide_1.5.0/stm32cubeide/plugins/com.st.stm32cube.ide.mcu.externaltools.gnu-tools-for-stm32.7-2018-q2-update.win32_1.5.0.202011040924/tools/bin/../lib/gcc/arm-none-eabi/7.3.1/thumb/v7e-m/fpv4-sp/hard/crti.o
                0x0000000008009610                _init
 .init          0x0000000008009614        0x8 c:/users/massi/stm32cubeide_1.5.0/stm32cubeide/plugins/com.st.stm32cube.ide.mcu.externaltools.gnu-tools-for-stm32.7-2018-q2-update.win32_1.5.0.202011040924/tools/bin/../lib/gcc/arm-none-eabi/7.3.1/thumb/v7e-m/fpv4-sp/hard/crtn.o
 *(.fini)
 .fini          0x000000000800961c        0x4 c:/users/massi/stm32cubeide_1.5.0/stm32cubeide/plugins/com.st.stm32cube.ide.mcu.externaltools.gnu-tools-for-stm32.7-2018-q2-update.win32_1.5.0.202011040924/tools/bin/../lib/gcc/arm-none-eabi/7.3.1/thumb/v7e-m/fpv4-sp/hard/crti.o
                0x000000000800961c                _fini
 .fini          0x0000000008009620        0x8 c:/users/massi/stm32cubeide_1.5.0/stm32cubeide/plugins/com.st.stm32cube.ide.mcu.externaltools.gnu-tools-for-stm32.7-2018-q2-update.win32_1.5.0.202011040924/tools/bin/../lib/gcc/arm-none-eabi/7.3.1/thumb/v7e-m/fpv4-sp/hard/crtn.o
                0x0000000008009628                . = ALIGN (0x4)
                0x0000000008009628                _etext = .

.vfp11_veneer   0x0000000008009628        0x0
 .vfp11_veneer  0x0000000008009628        0x0 linker stubs

.v4_bx          0x0000000008009628        0x0
 .v4_bx         0x0000000008009628        0x0 linker stubs

.iplt           0x0000000008009628        0x0
 .iplt          0x0000000008009628        0x0 c:/users/massi/stm32cubeide_1.5.0/stm32cubeide/plugins/com.st.stm32cube.ide.mcu.externaltools.gnu-tools-for-stm32.7-2018-q2-update.win32_1.5.0.202011040924/tools/bin/../lib/gcc/arm-none-eabi/7.3.1/thumb/v7e-m/fpv4-sp/hard/crtbegin.o

.rodata         0x0000000008009640    0x5bbc8
                0x0000000008009640                . = ALIGN (0x4)
 *(.rodata)
 .rodata        0x0000000008009640       0xbe Core/Src/TinyOL.o
 *fill*         0x00000000080096fe        0x2 
 .rodata        0x0000000008009700      0x1d6 Core/Src/main.o
 *fill*         0x00000000080098d6        0x2 
 .rodata        0x00000000080098d8      0x16b X-CUBE-AI/App/app_x-cube-ai.o
 *fill*         0x0000000008009a43        0x1 
 .rodata        0x0000000008009a44       0x61 X-CUBE-AI/App/network.o
 *fill*         0x0000000008009aa5        0x3 
 .rodata        0x0000000008009aa8        0x4 ../Middlewares/ST/AI/Lib\NetworkRuntime600_CM4_GCC.a(layers.o)
 *(.rodata*)
 .rodata.AHBPrescTable
                0x0000000008009aac       0x10 Core/Src/system_stm32f4xx.o
                0x0000000008009aac                AHBPrescTable
 .rodata.APBPrescTable
                0x0000000008009abc        0x8 Core/Src/system_stm32f4xx.o
                0x0000000008009abc                APBPrescTable
 .rodata.input_layer_chain
                0x0000000008009ac4        0x8 X-CUBE-AI/App/network.o
 .rodata.input_layer_nl_chain
                0x0000000008009acc        0x8 X-CUBE-AI/App/network.o
 .rodata.hidden1_chain
                0x0000000008009ad4        0x8 X-CUBE-AI/App/network.o
 .rodata.hidden1_nl_chain
                0x0000000008009adc        0x8 X-CUBE-AI/App/network.o
 *fill*         0x0000000008009ae4       0x1c 
 .rodata.s_network_weights.5658
                0x0000000008009b00    0x5b400 X-CUBE-AI/App/network_data.o
 .rodata.ai_platform_runtime_get_revision.str1.4
                0x0000000008064f00        0x4 ../Middlewares/ST/AI/Lib\NetworkRuntime600_CM4_GCC.a(ai_platform_interface.o)
                                          0x1 (size before relaxing)
 .rodata.v.9055
                0x0000000008064f04        0x4 ../Middlewares/ST/AI/Lib\NetworkRuntime600_CM4_GCC.a(ai_platform_interface.o)
 .rodata.v.9059
                0x0000000008064f08        0x4 ../Middlewares/ST/AI/Lib\NetworkRuntime600_CM4_GCC.a(ai_platform_interface.o)
 .rodata._global_impure_ptr
                0x0000000008064f0c        0x4 c:/users/massi/stm32cubeide_1.5.0/stm32cubeide/plugins/com.st.stm32cube.ide.mcu.externaltools.gnu-tools-for-stm32.7-2018-q2-update.win32_1.5.0.202011040924/tools/bin/../lib/gcc/arm-none-eabi/7.3.1/../../../../arm-none-eabi/lib/thumb/v7e-m/fpv4-sp/hard\libc_nano.a(lib_a-impure.o)
                0x0000000008064f0c                _global_impure_ptr
 .rodata._printf_float.str1.1
                0x0000000008064f10       0x12 c:/users/massi/stm32cubeide_1.5.0/stm32cubeide/plugins/com.st.stm32cube.ide.mcu.externaltools.gnu-tools-for-stm32.7-2018-q2-update.win32_1.5.0.202011040924/tools/bin/../lib/gcc/arm-none-eabi/7.3.1/../../../../arm-none-eabi/lib/thumb/v7e-m/fpv4-sp/hard\libc_nano.a(lib_a-nano-vfprintf_float.o)
 .rodata._printf_i.str1.1
                0x0000000008064f22       0x22 c:/users/massi/stm32cubeide_1.5.0/stm32cubeide/plugins/com.st.stm32cube.ide.mcu.externaltools.gnu-tools-for-stm32.7-2018-q2-update.win32_1.5.0.202011040924/tools/bin/../lib/gcc/arm-none-eabi/7.3.1/../../../../arm-none-eabi/lib/thumb/v7e-m/fpv4-sp/hard\libc_nano.a(lib_a-nano-vfprintf_i.o)
 .rodata._dtoa_r.str1.1
                0x0000000008064f44        0xd c:/users/massi/stm32cubeide_1.5.0/stm32cubeide/plugins/com.st.stm32cube.ide.mcu.externaltools.gnu-tools-for-stm32.7-2018-q2-update.win32_1.5.0.202011040924/tools/bin/../lib/gcc/arm-none-eabi/7.3.1/../../../../arm-none-eabi/lib/thumb/v7e-m/fpv4-sp/hard\libc_nano.a(lib_a-dtoa.o)
                                          0xf (size before relaxing)
 *fill*         0x0000000008064f51        0x3 
 .rodata.__sf_fake_stderr
                0x0000000008064f54       0x20 c:/users/massi/stm32cubeide_1.5.0/stm32cubeide/plugins/com.st.stm32cube.ide.mcu.externaltools.gnu-tools-for-stm32.7-2018-q2-update.win32_1.5.0.202011040924/tools/bin/../lib/gcc/arm-none-eabi/7.3.1/../../../../arm-none-eabi/lib/thumb/v7e-m/fpv4-sp/hard\libc_nano.a(lib_a-findfp.o)
                0x0000000008064f54                __sf_fake_stderr
 .rodata.__sf_fake_stdin
                0x0000000008064f74       0x20 c:/users/massi/stm32cubeide_1.5.0/stm32cubeide/plugins/com.st.stm32cube.ide.mcu.externaltools.gnu-tools-for-stm32.7-2018-q2-update.win32_1.5.0.202011040924/tools/bin/../lib/gcc/arm-none-eabi/7.3.1/../../../../arm-none-eabi/lib/thumb/v7e-m/fpv4-sp/hard\libc_nano.a(lib_a-findfp.o)
                0x0000000008064f74                __sf_fake_stdin
 .rodata.__sf_fake_stdout
                0x0000000008064f94       0x20 c:/users/massi/stm32cubeide_1.5.0/stm32cubeide/plugins/com.st.stm32cube.ide.mcu.externaltools.gnu-tools-for-stm32.7-2018-q2-update.win32_1.5.0.202011040924/tools/bin/../lib/gcc/arm-none-eabi/7.3.1/../../../../arm-none-eabi/lib/thumb/v7e-m/fpv4-sp/hard\libc_nano.a(lib_a-findfp.o)
                0x0000000008064f94                __sf_fake_stdout
 *fill*         0x0000000008064fb4        0x4 
 .rodata.__mprec_bigtens
                0x0000000008064fb8       0x28 c:/users/massi/stm32cubeide_1.5.0/stm32cubeide/plugins/com.st.stm32cube.ide.mcu.externaltools.gnu-tools-for-stm32.7-2018-q2-update.win32_1.5.0.202011040924/tools/bin/../lib/gcc/arm-none-eabi/7.3.1/../../../../arm-none-eabi/lib/thumb/v7e-m/fpv4-sp/hard\libc_nano.a(lib_a-mprec.o)
                0x0000000008064fb8                __mprec_bigtens
 .rodata.__mprec_tens
                0x0000000008064fe0       0xc8 c:/users/massi/stm32cubeide_1.5.0/stm32cubeide/plugins/com.st.stm32cube.ide.mcu.externaltools.gnu-tools-for-stm32.7-2018-q2-update.win32_1.5.0.202011040924/tools/bin/../lib/gcc/arm-none-eabi/7.3.1/../../../../arm-none-eabi/lib/thumb/v7e-m/fpv4-sp/hard\libc_nano.a(lib_a-mprec.o)
                0x0000000008064fe0                __mprec_tens
 .rodata.p05.7359
                0x00000000080650a8        0xc c:/users/massi/stm32cubeide_1.5.0/stm32cubeide/plugins/com.st.stm32cube.ide.mcu.externaltools.gnu-tools-for-stm32.7-2018-q2-update.win32_1.5.0.202011040924/tools/bin/../lib/gcc/arm-none-eabi/7.3.1/../../../../arm-none-eabi/lib/thumb/v7e-m/fpv4-sp/hard\libc_nano.a(lib_a-mprec.o)
 .rodata._svfprintf_r.str1.1
                0x00000000080650b4       0x11 c:/users/massi/stm32cubeide_1.5.0/stm32cubeide/plugins/com.st.stm32cube.ide.mcu.externaltools.gnu-tools-for-stm32.7-2018-q2-update.win32_1.5.0.202011040924/tools/bin/../lib/gcc/arm-none-eabi/7.3.1/../../../../arm-none-eabi/lib/thumb/v7e-m/fpv4-sp/hard\libc_nano.a(lib_a-nano-svfprintf.o)
 .rodata._vfprintf_r.str1.1
                0x00000000080650c5       0x11 c:/users/massi/stm32cubeide_1.5.0/stm32cubeide/plugins/com.st.stm32cube.ide.mcu.externaltools.gnu-tools-for-stm32.7-2018-q2-update.win32_1.5.0.202011040924/tools/bin/../lib/gcc/arm-none-eabi/7.3.1/../../../../arm-none-eabi/lib/thumb/v7e-m/fpv4-sp/hard\libc_nano.a(lib_a-nano-vfprintf.o)
 .rodata._setlocale_r.str1.1
                0x00000000080650c5        0x8 c:/users/massi/stm32cubeide_1.5.0/stm32cubeide/plugins/com.st.stm32cube.ide.mcu.externaltools.gnu-tools-for-stm32.7-2018-q2-update.win32_1.5.0.202011040924/tools/bin/../lib/gcc/arm-none-eabi/7.3.1/../../../../arm-none-eabi/lib/thumb/v7e-m/fpv4-sp/hard\libc_nano.a(lib_a-locale.o)
                                          0x9 (size before relaxing)
 .rodata.str1.1
                0x00000000080650cd        0x2 c:/users/massi/stm32cubeide_1.5.0/stm32cubeide/plugins/com.st.stm32cube.ide.mcu.externaltools.gnu-tools-for-stm32.7-2018-q2-update.win32_1.5.0.202011040924/tools/bin/../lib/gcc/arm-none-eabi/7.3.1/../../../../arm-none-eabi/lib/thumb/v7e-m/fpv4-sp/hard\libc_nano.a(lib_a-locale.o)
 .rodata._ctype_
                0x00000000080650cf      0x101 c:/users/massi/stm32cubeide_1.5.0/stm32cubeide/plugins/com.st.stm32cube.ide.mcu.externaltools.gnu-tools-for-stm32.7-2018-q2-update.win32_1.5.0.202011040924/tools/bin/../lib/gcc/arm-none-eabi/7.3.1/../../../../arm-none-eabi/lib/thumb/v7e-m/fpv4-sp/hard\libc_nano.a(lib_a-ctype_.o)
                0x00000000080650cf                _ctype_
 .rodata.exp.str1.1
                0x00000000080651d0        0x4 c:/users/massi/stm32cubeide_1.5.0/stm32cubeide/plugins/com.st.stm32cube.ide.mcu.externaltools.gnu-tools-for-stm32.7-2018-q2-update.win32_1.5.0.202011040924/tools/bin/../lib/gcc/arm-none-eabi/7.3.1/../../../../arm-none-eabi/lib/thumb/v7e-m/fpv4-sp/hard\libm.a(lib_a-w_exp.o)
 .rodata.log.str1.1
                0x00000000080651d4        0x4 c:/users/massi/stm32cubeide_1.5.0/stm32cubeide/plugins/com.st.stm32cube.ide.mcu.externaltools.gnu-tools-for-stm32.7-2018-q2-update.win32_1.5.0.202011040924/tools/bin/../lib/gcc/arm-none-eabi/7.3.1/../../../../arm-none-eabi/lib/thumb/v7e-m/fpv4-sp/hard\libm.a(lib_a-w_log.o)
                                          0x5 (size before relaxing)
 .rodata.halF   0x00000000080651d8       0x10 c:/users/massi/stm32cubeide_1.5.0/stm32cubeide/plugins/com.st.stm32cube.ide.mcu.externaltools.gnu-tools-for-stm32.7-2018-q2-update.win32_1.5.0.202011040924/tools/bin/../lib/gcc/arm-none-eabi/7.3.1/../../../../arm-none-eabi/lib/thumb/v7e-m/fpv4-sp/hard\libm.a(lib_a-e_exp.o)
 .rodata.ln2HI  0x00000000080651e8       0x10 c:/users/massi/stm32cubeide_1.5.0/stm32cubeide/plugins/com.st.stm32cube.ide.mcu.externaltools.gnu-tools-for-stm32.7-2018-q2-update.win32_1.5.0.202011040924/tools/bin/../lib/gcc/arm-none-eabi/7.3.1/../../../../arm-none-eabi/lib/thumb/v7e-m/fpv4-sp/hard\libm.a(lib_a-e_exp.o)
 .rodata.ln2LO  0x00000000080651f8       0x10 c:/users/massi/stm32cubeide_1.5.0/stm32cubeide/plugins/com.st.stm32cube.ide.mcu.externaltools.gnu-tools-for-stm32.7-2018-q2-update.win32_1.5.0.202011040924/tools/bin/../lib/gcc/arm-none-eabi/7.3.1/../../../../arm-none-eabi/lib/thumb/v7e-m/fpv4-sp/hard\libm.a(lib_a-e_exp.o)
                0x0000000008065208                . = ALIGN (0x4)

.ARM.extab      0x0000000008065208        0x0
                0x0000000008065208                . = ALIGN (0x4)
 *(.ARM.extab* .gnu.linkonce.armextab.*)
                0x0000000008065208                . = ALIGN (0x4)

.ARM            0x0000000008065208        0x8
                0x0000000008065208                . = ALIGN (0x4)
                0x0000000008065208                __exidx_start = .
 *(.ARM.exidx*)
 .ARM.exidx     0x0000000008065208        0x8 c:/users/massi/stm32cubeide_1.5.0/stm32cubeide/plugins/com.st.stm32cube.ide.mcu.externaltools.gnu-tools-for-stm32.7-2018-q2-update.win32_1.5.0.202011040924/tools/bin/../lib/gcc/arm-none-eabi/7.3.1/thumb/v7e-m/fpv4-sp/hard\libgcc.a(_udivmoddi4.o)
                0x0000000008065210                __exidx_end = .
                0x0000000008065210                . = ALIGN (0x4)

.rel.dyn        0x0000000008065210        0x0
 .rel.iplt      0x0000000008065210        0x0 c:/users/massi/stm32cubeide_1.5.0/stm32cubeide/plugins/com.st.stm32cube.ide.mcu.externaltools.gnu-tools-for-stm32.7-2018-q2-update.win32_1.5.0.202011040924/tools/bin/../lib/gcc/arm-none-eabi/7.3.1/thumb/v7e-m/fpv4-sp/hard/crtbegin.o

.preinit_array  0x0000000008065210        0x0
                0x0000000008065210                . = ALIGN (0x4)
                0x0000000008065210                PROVIDE (__preinit_array_start = .)
 *(.preinit_array*)
                0x0000000008065210                PROVIDE (__preinit_array_end = .)
                0x0000000008065210                . = ALIGN (0x4)

.init_array     0x0000000008065210        0x4
                0x0000000008065210                . = ALIGN (0x4)
                0x0000000008065210                PROVIDE (__init_array_start = .)
 *(SORT_BY_NAME(.init_array.*))
 *(.init_array*)
 .init_array    0x0000000008065210        0x4 c:/users/massi/stm32cubeide_1.5.0/stm32cubeide/plugins/com.st.stm32cube.ide.mcu.externaltools.gnu-tools-for-stm32.7-2018-q2-update.win32_1.5.0.202011040924/tools/bin/../lib/gcc/arm-none-eabi/7.3.1/thumb/v7e-m/fpv4-sp/hard/crtbegin.o
                0x0000000008065214                PROVIDE (__init_array_end = .)
                0x0000000008065214                . = ALIGN (0x4)

.fini_array     0x0000000008065214        0x4
                0x0000000008065214                . = ALIGN (0x4)
                [!provide]                        PROVIDE (__fini_array_start = .)
 *(SORT_BY_NAME(.fini_array.*))
 *(.fini_array*)
 .fini_array    0x0000000008065214        0x4 c:/users/massi/stm32cubeide_1.5.0/stm32cubeide/plugins/com.st.stm32cube.ide.mcu.externaltools.gnu-tools-for-stm32.7-2018-q2-update.win32_1.5.0.202011040924/tools/bin/../lib/gcc/arm-none-eabi/7.3.1/thumb/v7e-m/fpv4-sp/hard/crtbegin.o
                [!provide]                        PROVIDE (__fini_array_end = .)
                0x0000000008065218                . = ALIGN (0x4)
                0x0000000008065218                _sidata = LOADADDR (.data)

.data           0x0000000020000000     0xf1bc load address 0x0000000008065218
                0x0000000020000000                . = ALIGN (0x4)
                0x0000000020000000                _sdata = .
 *(.data)
 *(.data*)
 .data.rand_letters
                0x0000000020000000     0xe100 Core/Src/main.o
                0x0000000020000000                rand_letters
 .data.rand_labels
                0x000000002000e100       0x18 Core/Src/main.o
                0x000000002000e100                rand_labels
 .data.saved_weights
                0x000000002000e118      0xa00 Core/Src/main.o
                0x000000002000e118                saved_weights
 .data.saved_biases
                0x000000002000eb18       0x14 Core/Src/main.o
                0x000000002000eb18                saved_biases
 .data.SystemCoreClock
                0x000000002000eb2c        0x4 Core/Src/system_stm32f4xx.o
                0x000000002000eb2c                SystemCoreClock
 .data.uwTickPrio
                0x000000002000eb30        0x4 Drivers/STM32F4xx_HAL_Driver/Src/stm32f4xx_hal.o
                0x000000002000eb30                uwTickPrio
 .data.uwTickFreq
                0x000000002000eb34        0x1 Drivers/STM32F4xx_HAL_Driver/Src/stm32f4xx_hal.o
                0x000000002000eb34                uwTickFreq
 *fill*         0x000000002000eb35        0x3 
 .data.g_network
                0x000000002000eb38       0x64 X-CUBE-AI/App/network.o
 .data.input_0_output_array
                0x000000002000eb9c       0x10 X-CUBE-AI/App/network.o
 .data.input_layer_output_array
                0x000000002000ebac       0x10 X-CUBE-AI/App/network.o
 .data.input_layer_nl_output_array
                0x000000002000ebbc       0x10 X-CUBE-AI/App/network.o
 .data.hidden1_output_array
                0x000000002000ebcc       0x10 X-CUBE-AI/App/network.o
 .data.hidden1_nl_output_array
                0x000000002000ebdc       0x10 X-CUBE-AI/App/network.o
 .data.input_layer_weights_array
                0x000000002000ebec       0x10 X-CUBE-AI/App/network.o
 .data.input_layer_bias_array
                0x000000002000ebfc       0x10 X-CUBE-AI/App/network.o
 .data.hidden1_weights_array
                0x000000002000ec0c       0x10 X-CUBE-AI/App/network.o
 .data.hidden1_bias_array
                0x000000002000ec1c       0x10 X-CUBE-AI/App/network.o
 .data.input_0_output
                0x000000002000ec2c       0x1c X-CUBE-AI/App/network.o
 .data.input_layer_output
                0x000000002000ec48       0x1c X-CUBE-AI/App/network.o
 .data.input_layer_nl_output
                0x000000002000ec64       0x1c X-CUBE-AI/App/network.o
 .data.hidden1_output
                0x000000002000ec80       0x1c X-CUBE-AI/App/network.o
 .data.hidden1_nl_output
                0x000000002000ec9c       0x1c X-CUBE-AI/App/network.o
 .data.input_layer_weights
                0x000000002000ecb8       0x1c X-CUBE-AI/App/network.o
 .data.input_layer_bias
                0x000000002000ecd4       0x1c X-CUBE-AI/App/network.o
 .data.hidden1_weights
                0x000000002000ecf0       0x1c X-CUBE-AI/App/network.o
 .data.hidden1_bias
                0x000000002000ed0c       0x1c X-CUBE-AI/App/network.o
 .data.input_layer_layer
                0x000000002000ed28       0x1c X-CUBE-AI/App/network.o
 .data.input_layer_nl_layer
                0x000000002000ed44       0x20 X-CUBE-AI/App/network.o
 .data.hidden1_layer
                0x000000002000ed64       0x1c X-CUBE-AI/App/network.o
 .data.hidden1_nl_layer
                0x000000002000ed80       0x20 X-CUBE-AI/App/network.o
 .data.__compound_literal.0
                0x000000002000eda0       0x10 X-CUBE-AI/App/network.o
 .data.__compound_literal.1
                0x000000002000edb0       0x10 X-CUBE-AI/App/network.o
 .data.__compound_literal.2
                0x000000002000edc0       0x10 X-CUBE-AI/App/network.o
 .data.__compound_literal.3
                0x000000002000edd0       0x10 X-CUBE-AI/App/network.o
 .data.__compound_literal.4
                0x000000002000ede0       0x10 X-CUBE-AI/App/network.o
 .data.__compound_literal.5
                0x000000002000edf0       0x10 X-CUBE-AI/App/network.o
 .data.__compound_literal.6
                0x000000002000ee00       0x10 X-CUBE-AI/App/network.o
 .data.__compound_literal.7
                0x000000002000ee10       0x10 X-CUBE-AI/App/network.o
 .data.__compound_literal.8
                0x000000002000ee20       0x10 X-CUBE-AI/App/network.o
 .data.__compound_literal.9
                0x000000002000ee30       0x10 X-CUBE-AI/App/network.o
 .data.__compound_literal.10
                0x000000002000ee40       0x10 X-CUBE-AI/App/network.o
 .data.__compound_literal.11
                0x000000002000ee50       0x10 X-CUBE-AI/App/network.o
 .data.__compound_literal.12
                0x000000002000ee60       0x10 X-CUBE-AI/App/network.o
 .data.__compound_literal.13
                0x000000002000ee70       0x10 X-CUBE-AI/App/network.o
 .data.__compound_literal.14
                0x000000002000ee80       0x10 X-CUBE-AI/App/network.o
 .data.__compound_literal.15
                0x000000002000ee90       0x10 X-CUBE-AI/App/network.o
 .data.__compound_literal.16
                0x000000002000eea0       0x10 X-CUBE-AI/App/network.o
 .data.__compound_literal.17
                0x000000002000eeb0       0x10 X-CUBE-AI/App/network.o
 .data.__compound_literal.18
                0x000000002000eec0        0x4 X-CUBE-AI/App/network.o
 .data.__compound_literal.19
                0x000000002000eec4        0x4 X-CUBE-AI/App/network.o
 .data.__compound_literal.20
                0x000000002000eec8        0x8 X-CUBE-AI/App/network.o
 .data.__compound_literal.22
                0x000000002000eed0       0x30 X-CUBE-AI/App/network.o
 .data.__compound_literal.23
                0x000000002000ef00        0x4 X-CUBE-AI/App/network.o