lps22hb_reg.c:48:9:lps22hb_read_reg	40	static
lps22hb_reg.c:67:9:lps22hb_write_reg	40	static
lps22hb_reg.c:88:9:lps22hb_from_lsb_to_hpa	16	static
lps22hb_reg.c:93:9:lps22hb_from_lsb_to_degc	16	static
lps22hb_reg.c:121:9:lps22hb_autozero_rst_set	24	static
lps22hb_reg.c:145:9:lps22hb_autozero_rst_get	24	static
lps22hb_reg.c:163:9:lps22hb_autozero_set	24	static
lps22hb_reg.c:187:9:lps22hb_autozero_get	24	static
lps22hb_reg.c:205:9:lps22hb_pressure_snap_rst_set	24	static
lps22hb_reg.c:229:9:lps22hb_pressure_snap_rst_get	24	static
lps22hb_reg.c:247:9:lps22hb_pressure_snap_set	24	static
lps22hb_reg.c:271:9:lps22hb_pressure_snap_get	24	static
lps22hb_reg.c:289:9:lps22hb_block_data_update_set	24	static
lps22hb_reg.c:313:9:lps22hb_block_data_update_get	24	static
lps22hb_reg.c:331:9:lps22hb_low_pass_filter_mode_set	24	static
lps22hb_reg.c:356:9:lps22hb_low_pass_filter_mode_get	24	static
lps22hb_reg.c:393:9:lps22hb_data_rate_set	24	static
lps22hb_reg.c:417:9:lps22hb_data_rate_get	24	static
lps22hb_reg.c:465:9:lps22hb_one_shoot_trigger_set	24	static
lps22hb_reg.c:489:9:lps22hb_one_shoot_trigger_get	24	static
lps22hb_reg.c:509:9:lps22hb_pressure_ref_set	24	static
lps22hb_reg.c:531:9:lps22hb_pressure_ref_get	24	static
lps22hb_reg.c:551:9:lps22hb_pressure_offset_set	24	static
lps22hb_reg.c:570:9:lps22hb_pressure_offset_get	24	static
lps22hb_reg.c:588:9:lps22hb_press_data_ready_get	24	static
lps22hb_reg.c:605:9:lps22hb_temp_data_ready_get	24	static
lps22hb_reg.c:622:9:lps22hb_press_data_ovr_get	24	static
lps22hb_reg.c:639:9:lps22hb_temp_data_ovr_get	24	static
lps22hb_reg.c:656:9:lps22hb_pressure_raw_get	24	static
lps22hb_reg.c:676:9:lps22hb_temperature_raw_get	24	static
lps22hb_reg.c:697:9:lps22hb_low_pass_rst_get	24	static
lps22hb_reg.c:724:9:lps22hb_device_id_get	24	static
lps22hb_reg.c:739:9:lps22hb_reset_set	24	static
lps22hb_reg.c:763:9:lps22hb_reset_get	24	static
lps22hb_reg.c:781:9:lps22hb_boot_set	24	static
lps22hb_reg.c:805:9:lps22hb_boot_get	24	static
lps22hb_reg.c:823:9:lps22hb_low_power_set	24	static
lps22hb_reg.c:847:9:lps22hb_low_power_get	24	static
lps22hb_reg.c:865:9:lps22hb_boot_status_get	24	static
lps22hb_reg.c:883:9:lps22hb_dev_status_get	24	static
lps22hb_reg.c:911:9:lps22hb_sign_of_int_threshold_set	24	static
lps22hb_reg.c:936:9:lps22hb_sign_of_int_threshold_get	24	static
lps22hb_reg.c:978:9:lps22hb_int_notification_mode_set	24	static
lps22hb_reg.c:1004:9:lps22hb_int_notification_mode_get	24	static
lps22hb_reg.c:1037:9:lps22hb_int_generation_set	24	static
lps22hb_reg.c:1061:9:lps22hb_int_generation_get	24	static
lps22hb_reg.c:1079:9:lps22hb_int_threshold_set	24	static
lps22hb_reg.c:1097:9:lps22hb_int_threshold_get	24	static
lps22hb_reg.c:1115:9:lps22hb_int_pin_mode_set	24	static
lps22hb_reg.c:1140:9:lps22hb_int_pin_mode_get	24	static
lps22hb_reg.c:1181:9:lps22hb_drdy_on_int_set	24	static
lps22hb_reg.c:1205:9:lps22hb_drdy_on_int_get	24	static
lps22hb_reg.c:1223:9:lps22hb_fifo_ovr_on_int_set	24	static
lps22hb_reg.c:1247:9:lps22hb_fifo_ovr_on_int_get	24	static
lps22hb_reg.c:1265:9:lps22hb_fifo_threshold_on_int_set	24	static
lps22hb_reg.c:1290:9:lps22hb_fifo_threshold_on_int_get	24	static
lps22hb_reg.c:1309:9:lps22hb_fifo_full_on_int_set	24	static
lps22hb_reg.c:1333:9:lps22hb_fifo_full_on_int_get	24	static
lps22hb_reg.c:1351:9:lps22hb_pin_mode_set	24	static
lps22hb_reg.c:1375:9:lps22hb_pin_mode_get	24	static
lps22hb_reg.c:1407:9:lps22hb_int_polarity_set	24	static
lps22hb_reg.c:1432:9:lps22hb_int_polarity_get	24	static
lps22hb_reg.c:1465:9:lps22hb_int_source_get	24	static
lps22hb_reg.c:1481:9:lps22hb_int_on_press_high_get	24	static
lps22hb_reg.c:1499:9:lps22hb_int_on_press_low_get	24	static
lps22hb_reg.c:1517:9:lps22hb_interrupt_event_get	24	static
lps22hb_reg.c:1548:9:lps22hb_stop_on_fifo_threshold_set	24	static
lps22hb_reg.c:1573:9:lps22hb_stop_on_fifo_threshold_get	24	static
lps22hb_reg.c:1592:9:lps22hb_fifo_set	24	static
lps22hb_reg.c:1616:9:lps22hb_fifo_get	24	static
lps22hb_reg.c:1634:9:lps22hb_fifo_watermark_set	24	static
lps22hb_reg.c:1658:9:lps22hb_fifo_watermark_get	24	static
lps22hb_reg.c:1676:9:lps22hb_fifo_mode_set	24	static
lps22hb_reg.c:1700:9:lps22hb_fifo_mode_get	24	static
lps22hb_reg.c:1753:9:lps22hb_fifo_data_level_get	24	static
lps22hb_reg.c:1771:9:lps22hb_fifo_ovr_flag_get	24	static
lps22hb_reg.c:1789:9:lps22hb_fifo_fth_flag_get	24	static
lps22hb_reg.c:1820:9:lps22hb_spi_mode_set	24	static
lps22hb_reg.c:1844:9:lps22hb_spi_mode_get	24	static
lps22hb_reg.c:1876:9:lps22hb_i2c_interface_set	24	static
lps22hb_reg.c:1901:9:lps22hb_i2c_interface_get	24	static
lps22hb_reg.c:1935:9:lps22hb_auto_add_inc_set	24	static
lps22hb_reg.c:1960:9:lps22hb_auto_add_inc_get	24	static
