lsm303agr.c:112:9:LSM303AGR_ACC_RegisterBusIO	24	static
lsm303agr.c:169:9:LSM303AGR_ACC_Init	16	static
lsm303agr.c:208:9:LSM303AGR_ACC_DeInit	16	static
lsm303agr.c:229:9:LSM303AGR_ACC_ReadID	16	static
lsm303agr.c:245:9:LSM303AGR_ACC_GetCapabilities	16	static
lsm303agr.c:268:9:LSM303AGR_ACC_Enable	16	static
lsm303agr.c:292:9:LSM303AGR_ACC_Disable	16	static
lsm303agr.c:323:9:LSM303AGR_ACC_GetSensitivity	24	static
lsm303agr.c:372:9:LSM303AGR_ACC_GetOutputDataRate	24	static
lsm303agr.c:494:9:LSM303AGR_ACC_SetOutputDataRate	16	static
lsm303agr.c:513:9:LSM303AGR_ACC_GetFullScale	24	static
lsm303agr.c:556:9:LSM303AGR_ACC_SetFullScale	24	static
lsm303agr.c:579:9:LSM303AGR_ACC_GetAxesRaw	40	static
lsm303agr.c:637:9:LSM303AGR_ACC_GetAxes	32	static
lsm303agr.c:669:9:LSM303AGR_ACC_Read_Reg	24	static
lsm303agr.c:686:9:LSM303AGR_ACC_Write_Reg	16	static
lsm303agr.c:702:9:LSM303AGR_ACC_Get_DRDY_Status	16	static
lsm303agr.c:718:9:LSM303AGR_ACC_Get_Init_Status	16	static
lsm303agr.c:735:9:LSM303AGR_MAG_RegisterBusIO	24	static
lsm303agr.c:790:9:LSM303AGR_MAG_Init	16	static
lsm303agr.c:826:9:LSM303AGR_MAG_DeInit	16	static
lsm303agr.c:845:9:LSM303AGR_MAG_ReadID	16	static
lsm303agr.c:861:9:LSM303AGR_MAG_GetCapabilities	16	static
lsm303agr.c:884:9:LSM303AGR_MAG_Enable	16	static
lsm303agr.c:908:9:LSM303AGR_MAG_Disable	16	static
lsm303agr.c:933:9:LSM303AGR_MAG_GetSensitivity	16	static
lsm303agr.c:946:9:LSM303AGR_MAG_GetOutputDataRate	24	static
lsm303agr.c:989:9:LSM303AGR_MAG_SetOutputDataRate	24	static
lsm303agr.c:1013:9:LSM303AGR_MAG_GetFullScale	16	static
lsm303agr.c:1026:9:LSM303AGR_MAG_SetFullScale	16	static
lsm303agr.c:1037:9:LSM303AGR_MAG_GetAxesRaw	24	static
lsm303agr.c:1061:9:LSM303AGR_MAG_GetAxes	32	static
lsm303agr.c:1090:9:LSM303AGR_MAG_Read_Reg	24	static
lsm303agr.c:1107:9:LSM303AGR_MAG_Write_Reg	16	static
lsm303agr.c:1123:9:LSM303AGR_MAG_Get_DRDY_Status	16	static
lsm303agr.c:1139:9:LSM303AGR_MAG_Get_Init_Status	16	static
lsm303agr.c:1165:16:LSM303AGR_ACC_GetSensitivityHR	24	static
lsm303agr.c:1209:16:LSM303AGR_ACC_GetSensitivityNM	24	static
lsm303agr.c:1253:16:LSM303AGR_ACC_GetSensitivityLP	24	static
lsm303agr.c:1297:16:LSM303AGR_ACC_SetOutputDataRate_When_Enabled	24	static
lsm303agr.c:1324:16:LSM303AGR_ACC_SetOutputDataRate_When_Disabled	16	static
lsm303agr.c:1345:16:ReadAccRegWrap	40	static
lsm303agr.c:1369:16:WriteAccRegWrap	40	static
lsm303agr.c:1393:16:ReadMagRegWrap	40	static
lsm303agr.c:1417:16:WriteMagRegWrap	40	static
